Sally Model
===========

(define-state-type
   S
   (
     (Eq Bool)
     (Not Bool)
     (clear Bool)
     (i Bool)
     (m Int)
     (signal Bool)
     (start Bool)
     (|$init:1:init| Bool)
     (|$init:1| Bool)
     (|$init:2:init| Bool)
     (|$init:2| Bool)
     (|$init:3:init| Bool)
     (|$init:3| Bool)
     (|$init:4:init| Bool)
     (|$init:4| Bool)
     (|$init:init| Bool)
     (|$init| Bool)
     (|DC___CLOCK_| Bool)
     (|DC____ASSUME0| Bool)
     (|DC__any_button_pressed| Bool)
     (|DC__any_digit_pressed| Bool)
     (|DC__clear_pressed| Bool)
     (|DC__clear| Bool)
     (|DC__cooking_mode| Int)
     (|DC__is_cooking| Bool)
     (|DC__keypad_enabled| Bool)
     (|DC__kp_0_pressed| Bool)
     (|DC__kp_0| Bool)
     (|DC__kp_1_pressed| Bool)
     (|DC__kp_1| Bool)
     (|DC__kp_2_pressed| Bool)
     (|DC__kp_2| Bool)
     (|DC__kp_3_pressed| Bool)
     (|DC__kp_3| Bool)
     (|DC__kp_4_pressed| Bool)
     (|DC__kp_4| Bool)
     (|DC__kp_5_pressed| Bool)
     (|DC__kp_5| Bool)
     (|DC__kp_6_pressed| Bool)
     (|DC__kp_6| Bool)
     (|DC__kp_7_pressed| Bool)
     (|DC__kp_7| Bool)
     (|DC__kp_8_pressed| Bool)
     (|DC__kp_8| Bool)
     (|DC__kp_9_pressed| Bool)
     (|DC__kp_9| Bool)
     (|DC__left_digit| Int)
     (|DC__middle_digit| Int)
     (|DC__right_digit| Int)
     (|DC__seconds_to_cook| Int)
     (|Eq:10| Bool)
     (|Eq:11| Bool)
     (|Eq:12| Bool)
     (|Eq:13| Bool)
     (|Eq:14| Bool)
     (|Eq:15| Bool)
     (|Eq:16| Bool)
     (|Eq:17| Bool)
     (|Eq:18| Bool)
     (|Eq:19| Bool)
     (|Eq:1| Bool)
     (|Eq:20| Bool)
     (|Eq:21| Bool)
     (|Eq:2| Bool)
     (|Eq:3| Bool)
     (|Eq:4| Bool)
     (|Eq:5| Bool)
     (|Eq:6| Bool)
     (|Eq:7| Bool)
     (|Eq:8| Bool)
     (|Eq:9| Bool)
     (|MC___CLOCK_| Bool)
     (|MC____ASSUME0| Bool)
     (|MC__clear| Bool)
     (|MC__cooking_mode| Int)
     (|MC__door_closed| Bool)
     (|MC__is_cooking| Bool)
     (|MC__is_running| Bool)
     (|MC__is_setup| Bool)
     (|MC__is_suspended| Bool)
     (|MC__seconds_to_cook| Int)
     (|MC__start| Bool)
     (|OP___CLOCK_| Bool)
     (|OP__cooking_mode| Int)
     (|OP__heating_element_on| Bool)
     (|_TOP__DC| Bool)
     (|_TOP__MC| Bool)
     (|_TOP__OP| Bool)
     (|__ASSUME0:1| Bool)
     (|__ASSUME0| Bool)
     (|__ASSUME__CONJ:1| Bool)
     (|__ASSUME__CONJ:2| Bool)
     (|__ASSUME__CONJ| Bool)
     (|__ASSUME__HIST:1:init| Bool)
     (|__ASSUME__HIST:1| Bool)
     (|__ASSUME__HIST:2:init| Bool)
     (|__ASSUME__HIST:2| Bool)
     (|__ASSUME__HIST:init| Bool)
     (|__ASSUME__HIST| Bool)
     (|__GUARANTEE0| Bool)
     (|__GUARANTEE1| Bool)
     (|__GUARANTEE2| Bool)
     (|any_button_pressed| Bool)
     (|any_digit_pressed| Bool)
     (|clear:1| Bool)
     (|clear:2| Bool)
     (|clear_pressed| Bool)
     (|cooking_mode:1| Int)
     (|cooking_mode:2| Int)
     (|cooking_mode| Int)
     (|defs__is_cooking:1| Bool)
     (|defs__is_cooking:2| Bool)
     (|defs__is_cooking| Bool)
     (|defs__is_running| Bool)
     (|defs__is_setup:1| Bool)
     (|defs__is_setup| Bool)
     (|defs__is_suspended| Bool)
     (|defs__rising_edge:10| Bool)
     (|defs__rising_edge:11| Bool)
     (|defs__rising_edge:12| Bool)
     (|defs__rising_edge:13| Bool)
     (|defs__rising_edge:14| Bool)
     (|defs__rising_edge:15| Bool)
     (|defs__rising_edge:16| Bool)
     (|defs__rising_edge:1| Bool)
     (|defs__rising_edge:2| Bool)
     (|defs__rising_edge:3| Bool)
     (|defs__rising_edge:4| Bool)
     (|defs__rising_edge:5| Bool)
     (|defs__rising_edge:6| Bool)
     (|defs__rising_edge:7| Bool)
     (|defs__rising_edge:8| Bool)
     (|defs__rising_edge:9| Bool)
     (|defs__rising_edge| Bool)
     (|door_closed:1| Bool)
     (|door_closed| Bool)
     (|gal-initializing| Bool)
     (|heating_element_on:1| Bool)
     (|heating_element_on| Bool)
     (|i:1| Bool)
     (|i:2| Int)
     (|i:3| Bool)
     (|init_pre_signal:10:init| Bool)
     (|init_pre_signal:10| Bool)
     (|init_pre_signal:11:init| Bool)
     (|init_pre_signal:11| Bool)
     (|init_pre_signal:12:init| Bool)
     (|init_pre_signal:12| Bool)
     (|init_pre_signal:13:init| Bool)
     (|init_pre_signal:13| Bool)
     (|init_pre_signal:14:init| Bool)
     (|init_pre_signal:14| Bool)
     (|init_pre_signal:15:init| Bool)
     (|init_pre_signal:15| Bool)
     (|init_pre_signal:16:init| Bool)
     (|init_pre_signal:16| Bool)
     (|init_pre_signal:1:init| Bool)
     (|init_pre_signal:1| Bool)
     (|init_pre_signal:2:init| Bool)
     (|init_pre_signal:2| Bool)
     (|init_pre_signal:3:init| Bool)
     (|init_pre_signal:3| Bool)
     (|init_pre_signal:4:init| Bool)
     (|init_pre_signal:4| Bool)
     (|init_pre_signal:5:init| Bool)
     (|init_pre_signal:5| Bool)
     (|init_pre_signal:6:init| Bool)
     (|init_pre_signal:6| Bool)
     (|init_pre_signal:7:init| Bool)
     (|init_pre_signal:7| Bool)
     (|init_pre_signal:8:init| Bool)
     (|init_pre_signal:8| Bool)
     (|init_pre_signal:9:init| Bool)
     (|init_pre_signal:9| Bool)
     (|init_pre_signal:init| Bool)
     (|init_pre_signal| Bool)
     (|is_cooking:1| Bool)
     (|is_cooking| Bool)
     (|is_running| Bool)
     (|is_setup| Bool)
     (|is_suspended| Bool)
     (|keypad_enabled| Bool)
     (|kp_0:1| Bool)
     (|kp_0_pressed| Bool)
     (|kp_0| Bool)
     (|kp_1:1| Bool)
     (|kp_1_pressed| Bool)
     (|kp_1| Bool)
     (|kp_2:1| Bool)
     (|kp_2_pressed| Bool)
     (|kp_2| Bool)
     (|kp_3:1| Bool)
     (|kp_3_pressed| Bool)
     (|kp_3| Bool)
     (|kp_4:1| Bool)
     (|kp_4_pressed| Bool)
     (|kp_4| Bool)
     (|kp_5:1| Bool)
     (|kp_5_pressed| Bool)
     (|kp_5| Bool)
     (|kp_6:1| Bool)
     (|kp_6_pressed| Bool)
     (|kp_6| Bool)
     (|kp_7:1| Bool)
     (|kp_7_pressed| Bool)
     (|kp_7| Bool)
     (|kp_8:1| Bool)
     (|kp_8_pressed| Bool)
     (|kp_8| Bool)
     (|kp_9:1| Bool)
     (|kp_9_pressed| Bool)
     (|kp_9| Bool)
     (|left_digit:1| Int)
     (|left_digit| Int)
     (|m:1| Int)
     (|m:2| Int)
     (|m:3| Int)
     (|m:4| Int)
     (|m:5| Int)
     (|m:6| Int)
     (|middle_digit:1| Int)
     (|middle_digit| Int)
     (|pre___ASSUME__HIST:1| Bool)
     (|pre___ASSUME__HIST:2| Bool)
     (|pre___ASSUME__HIST| Bool)
     (|pre_i:1| Bool)
     (|pre_is_cooking| Bool)
     (|pre_is_suspended:1| Bool)
     (|pre_is_suspended| Bool)
     (|pre_i| Int)
     (|pre_keypad_enabled| Bool)
     (|pre_seconds_to_cook:1| Int)
     (|pre_seconds_to_cook| Int)
     (|pre_signal:10| Bool)
     (|pre_signal:11| Bool)
     (|pre_signal:12| Bool)
     (|pre_signal:13| Bool)
     (|pre_signal:14| Bool)
     (|pre_signal:15| Bool)
     (|pre_signal:16| Bool)
     (|pre_signal:1| Bool)
     (|pre_signal:2| Bool)
     (|pre_signal:3| Bool)
     (|pre_signal:4| Bool)
     (|pre_signal:5| Bool)
     (|pre_signal:6| Bool)
     (|pre_signal:7| Bool)
     (|pre_signal:8| Bool)
     (|pre_signal:9| Bool)
     (|pre_signal| Bool)
     (|right_digit:1| Int)
     (|right_digit| Int)
     (|seconds_to_cook:1| Int)
     (|seconds_to_cook:2| Int)
     (|seconds_to_cook| Int)
     (|signal:10| Bool)
     (|signal:11| Bool)
     (|signal:12| Bool)
     (|signal:13| Bool)
     (|signal:14| Bool)
     (|signal:15| Bool)
     (|signal:16| Bool)
     (|signal:1| Bool)
     (|signal:2| Bool)
     (|signal:3| Bool)
     (|signal:4| Bool)
     (|signal:5| Bool)
     (|signal:6| Bool)
     (|signal:7| Bool)
     (|signal:8| Bool)
     (|signal:9| Bool)
     (|start:1| Bool)
     (|std__DecreaseInt:init| Bool)
     (|std__DecreaseInt| Bool)
     (|std__Initiallyv:1:init| Bool)
     (|std__Initiallyv:1| Bool)
     (|std__Initiallyv:init| Bool)
     (|std__Initiallyv| Bool)
     (|std__While:init| Bool)
     (|std__While| Bool))
   (
     (|DC___CLOCK_| Bool)
     (|DC____ASSUME0| Bool)
     (|DC__any_button_pressed| Bool)
     (|DC__any_digit_pressed| Bool)
     (|DC__clear_pressed| Bool)
     (|DC__clear| Bool)
     (|DC__cooking_mode| Int)
     (|DC__is_cooking| Bool)
     (|DC__keypad_enabled| Bool)
     (|DC__kp_0_pressed| Bool)
     (|DC__kp_0| Bool)
     (|DC__kp_1_pressed| Bool)
     (|DC__kp_1| Bool)
     (|DC__kp_2_pressed| Bool)
     (|DC__kp_2| Bool)
     (|DC__kp_3_pressed| Bool)
     (|DC__kp_3| Bool)
     (|DC__kp_4_pressed| Bool)
     (|DC__kp_4| Bool)
     (|DC__kp_5_pressed| Bool)
     (|DC__kp_5| Bool)
     (|DC__kp_6_pressed| Bool)
     (|DC__kp_6| Bool)
     (|DC__kp_7_pressed| Bool)
     (|DC__kp_7| Bool)
     (|DC__kp_8_pressed| Bool)
     (|DC__kp_8| Bool)
     (|DC__kp_9_pressed| Bool)
     (|DC__kp_9| Bool)
     (|DC__left_digit| Int)
     (|DC__middle_digit| Int)
     (|DC__right_digit| Int)
     (|DC__seconds_to_cook| Int)
     (|MC___CLOCK_| Bool)
     (|MC____ASSUME0| Bool)
     (|MC__clear| Bool)
     (|MC__cooking_mode| Int)
     (|MC__door_closed| Bool)
     (|MC__is_cooking| Bool)
     (|MC__is_running| Bool)
     (|MC__is_setup| Bool)
     (|MC__is_suspended| Bool)
     (|MC__seconds_to_cook| Int)
     (|MC__start| Bool)
     (|OP___CLOCK_| Bool)
     (|OP__cooking_mode| Int)
     (|OP__heating_element_on| Bool)
     (|clear:2| Bool)
     (|door_closed:1| Bool)
     (|heating_element_on:1| Bool)
     (|kp_0:1| Bool)
     (|kp_1:1| Bool)
     (|kp_2:1| Bool)
     (|kp_3:1| Bool)
     (|kp_4:1| Bool)
     (|kp_5:1| Bool)
     (|kp_6:1| Bool)
     (|kp_7:1| Bool)
     (|kp_8:1| Bool)
     (|kp_9:1| Bool)
     (|left_digit:1| Int)
     (|middle_digit:1| Int)
     (|right_digit:1| Int)
     (|seconds_to_cook:2| Int)
     (|start:1| Bool)))
(define-transition-system
   TS
   S
   (and
      (= |gal-initializing| true)
      (= |std__While:init| true)
      (= |std__DecreaseInt:init| true)
      (= |std__Initiallyv:1:init| true)
      (= |init_pre_signal:16:init| true)
      (= |init_pre_signal:15:init| true)
      (= |__ASSUME__HIST:2:init| true)
      (= |init_pre_signal:14:init| true)
      (= |init_pre_signal:13:init| true)
      (= |$init:4:init| true)
      (= |init_pre_signal:12:init| true)
      (= |$init:3:init| true)
      (= |init_pre_signal:11:init| true)
      (= |$init:2:init| true)
      (= |std__Initiallyv:init| true)
      (= |init_pre_signal:10:init| true)
      (= |init_pre_signal:9:init| true)
      (= |init_pre_signal:8:init| true)
      (= |init_pre_signal:7:init| true)
      (= |init_pre_signal:6:init| true)
      (= |init_pre_signal:5:init| true)
      (= |init_pre_signal:4:init| true)
      (= |init_pre_signal:3:init| true)
      (= |init_pre_signal:2:init| true)
      (= |init_pre_signal:1:init| true)
      (= |init_pre_signal:init| true)
      (= |__ASSUME__HIST:1:init| true)
      (= |$init:1:init| true)
      (= |$init:init| true)
      (= |__ASSUME__HIST:init| true))
   (and
      (= next.|gal-initializing| false)
      (= next.|MC__start| input.|MC__start|)
      (= next.|MC__clear| input.|MC__clear|)
      (= next.|MC__seconds_to_cook| input.|MC__seconds_to_cook|)
      (= next.|MC__door_closed| input.|MC__door_closed|)
      (= next.|MC___CLOCK_| input.|MC___CLOCK_|)
      (= next.|DC__clear| input.|DC__clear|)
      (= next.|DC__kp_0| input.|DC__kp_0|)
      (= next.|DC__kp_1| input.|DC__kp_1|)
      (= next.|DC__kp_2| input.|DC__kp_2|)
      (= next.|DC__kp_3| input.|DC__kp_3|)
      (= next.|DC__kp_4| input.|DC__kp_4|)
      (= next.|DC__kp_5| input.|DC__kp_5|)
      (= next.|DC__kp_6| input.|DC__kp_6|)
      (= next.|DC__kp_7| input.|DC__kp_7|)
      (= next.|DC__kp_8| input.|DC__kp_8|)
      (= next.|DC__kp_9| input.|DC__kp_9|)
      (= next.|DC__cooking_mode| input.|DC__cooking_mode|)
      (= next.|DC___CLOCK_| input.|DC___CLOCK_|)
      (= next.|OP__cooking_mode| input.|OP__cooking_mode|)
      (= next.|OP___CLOCK_| input.|OP___CLOCK_|)
      (= next.|clear:2| input.|clear:2|)
      (= next.|start:1| input.|start:1|)
      (= next.|kp_0:1| input.|kp_0:1|)
      (= next.|kp_1:1| input.|kp_1:1|)
      (= next.|kp_2:1| input.|kp_2:1|)
      (= next.|kp_3:1| input.|kp_3:1|)
      (= next.|kp_4:1| input.|kp_4:1|)
      (= next.|kp_5:1| input.|kp_5:1|)
      (= next.|kp_6:1| input.|kp_6:1|)
      (= next.|kp_7:1| input.|kp_7:1|)
      (= next.|kp_8:1| input.|kp_8:1|)
      (= next.|kp_9:1| input.|kp_9:1|)
      (= next.|door_closed:1| input.|door_closed:1|)
      (= next.|MC__is_cooking| input.|MC__is_cooking|)
      (= next.|MC__is_setup| input.|MC__is_setup|)
      (= next.|MC__is_suspended| input.|MC__is_suspended|)
      (= next.|MC__is_running| input.|MC__is_running|)
      (= next.|MC__cooking_mode| input.|MC__cooking_mode|)
      (= next.|MC____ASSUME0| input.|MC____ASSUME0|)
      (= next.|DC__kp_0_pressed| input.|DC__kp_0_pressed|)
      (= next.|DC__kp_1_pressed| input.|DC__kp_1_pressed|)
      (= next.|DC__kp_2_pressed| input.|DC__kp_2_pressed|)
      (= next.|DC__kp_3_pressed| input.|DC__kp_3_pressed|)
      (= next.|DC__kp_4_pressed| input.|DC__kp_4_pressed|)
      (= next.|DC__kp_5_pressed| input.|DC__kp_5_pressed|)
      (= next.|DC__kp_6_pressed| input.|DC__kp_6_pressed|)
      (= next.|DC__kp_7_pressed| input.|DC__kp_7_pressed|)
      (= next.|DC__kp_8_pressed| input.|DC__kp_8_pressed|)
      (= next.|DC__kp_9_pressed| input.|DC__kp_9_pressed|)
      (= next.|DC__clear_pressed| input.|DC__clear_pressed|)
      (= next.|DC__keypad_enabled| input.|DC__keypad_enabled|)
      (= next.|DC__any_digit_pressed| input.|DC__any_digit_pressed|)
      (= next.|DC__any_button_pressed| input.|DC__any_button_pressed|)
      (= next.|DC__is_cooking| input.|DC__is_cooking|)
      (= next.|DC__left_digit| input.|DC__left_digit|)
      (= next.|DC__middle_digit| input.|DC__middle_digit|)
      (= next.|DC__right_digit| input.|DC__right_digit|)
      (= next.|DC__seconds_to_cook| input.|DC__seconds_to_cook|)
      (= next.|DC____ASSUME0| input.|DC____ASSUME0|)
      (= next.|OP__heating_element_on| input.|OP__heating_element_on|)
      (= next.|seconds_to_cook:2| input.|seconds_to_cook:2|)
      (= next.|heating_element_on:1| input.|heating_element_on:1|)
      (= next.|left_digit:1| input.|left_digit:1|)
      (= next.|middle_digit:1| input.|middle_digit:1|)
      (= next.|right_digit:1| input.|right_digit:1|)
      next.Eq
      next.|Eq:1|
      next.|Eq:2|
      next.|Eq:3|
      next.|Eq:4|
      next.|Eq:5|
      next.|Eq:6|
      next.|Eq:7|
      next.|Eq:8|
      next.|Eq:9|
      next.|Eq:10|
      next.|Eq:11|
      next.|Eq:12|
      next.|Eq:13|
      next.|Eq:14|
      next.|Eq:15|
      next.|Eq:16|
      next.|Eq:17|
      next.|Eq:18|
      next.|Eq:19|
      next.|Eq:20|
      next.|Eq:21|
      next.|_TOP__OP|
      next.|_TOP__DC|
      next.|_TOP__MC|
      next.Not
      (=
         next.|__GUARANTEE0|
         (=> next.|heating_element_on:1| next.|door_closed:1|))
      (= next.|i:3| next.|heating_element_on:1|)
      (= next.|pre_i:1| state.|i:3|)
      (ite
         state.|std__While:init|
         (= next.|std__While| next.|i:3|)
         (=
            next.|std__While|
            (and next.|i:3| next.|pre_i:1|)))
      (= next.|std__While:init| false)
      (= next.|i:2| next.|seconds_to_cook:2|)
      (= next.|pre_i| state.|i:2|)
      (ite
         state.|std__DecreaseInt:init|
         (= next.|std__DecreaseInt| true)
         (=
            next.|std__DecreaseInt|
            (< next.|i:2| next.|pre_i|)))
      (= next.|std__DecreaseInt:init| false)
      (=
         next.|__GUARANTEE1|
         (=> next.|std__While| next.|std__DecreaseInt|))
      (=
         next.|__GUARANTEE2|
         (=>
            (= next.|seconds_to_cook:2| 0)
            (not next.|heating_element_on:1|)))
      (= next.|__ASSUME0:1| next.|MC____ASSUME0|)
      (= next.|seconds_to_cook:1| next.|MC__seconds_to_cook|)
      (= next.|door_closed| next.|MC__door_closed|)
      (= next.|is_cooking:1| next.|MC__is_cooking|)
      (= next.|is_setup| next.|MC__is_setup|)
      (= next.|is_suspended| next.|MC__is_suspended|)
      (= next.|is_running| next.|MC__is_running|)
      (= next.|cooking_mode:2| next.|MC__cooking_mode|)
      (= next.|i:1| next.|is_setup|)
      (ite
         state.|std__Initiallyv:1:init|
         (= next.|std__Initiallyv:1| next.|i:1|)
         (= next.|std__Initiallyv:1| true))
      (= next.|std__Initiallyv:1:init| false)
      (= next.|signal:16| next.|is_running|)
      (= next.|pre_signal:16| state.|signal:16|)
      (ite
         state.|init_pre_signal:16:init|
         (= next.|init_pre_signal:16| false)
         (= next.|init_pre_signal:16| next.|pre_signal:16|))
      (= next.|init_pre_signal:16:init| false)
      (=
         next.|defs__rising_edge:16|
         (and
            next.|signal:16|
            (not next.|init_pre_signal:16|)))
      (= next.|signal:15| next.|is_running|)
      (= next.|pre_signal:15| state.|signal:15|)
      (ite
         state.|init_pre_signal:15:init|
         (= next.|init_pre_signal:15| false)
         (= next.|init_pre_signal:15| next.|pre_signal:15|))
      (= next.|init_pre_signal:15:init| false)
      (=
         next.|defs__rising_edge:15|
         (and
            next.|signal:15|
            (not next.|init_pre_signal:15|)))
      (= next.|m:6| next.|cooking_mode:2|)
      (=
         next.|defs__is_cooking:2|
         (= next.|m:6| 3))
      (= next.|m:5| next.|cooking_mode:2|)
      (=
         next.|defs__is_setup:1|
         (= next.|m:5| 1))
      (= next.|m:4| next.|cooking_mode:2|)
      (=
         next.|defs__is_suspended|
         (= next.|m:4| 2))
      (= next.|m:3| next.|cooking_mode:2|)
      (=
         next.|defs__is_running|
         (or
            (= next.|m:3| 3)
            (= next.|m:3| 2)))
      (=
         next.|__ASSUME__CONJ:2|
         (and next.|__ASSUME0:1| true))
      (= next.|pre___ASSUME__HIST:2| state.|__ASSUME__HIST:2|)
      (ite
         state.|__ASSUME__HIST:2:init|
         (= next.|__ASSUME__HIST:2| next.|__ASSUME__CONJ:2|)
         (=
            next.|__ASSUME__HIST:2|
            (and next.|pre___ASSUME__HIST:2| next.|__ASSUME__CONJ:2|)))
      (= next.|__ASSUME__HIST:2:init| false)
      (= next.|clear:1| next.|MC__clear|)
      (= next.|signal:14| next.|clear:1|)
      (= next.|pre_signal:14| state.|signal:14|)
      (ite
         state.|init_pre_signal:14:init|
         (= next.|init_pre_signal:14| false)
         (= next.|init_pre_signal:14| next.|pre_signal:14|))
      (= next.|init_pre_signal:14:init| false)
      (=
         next.|defs__rising_edge:14|
         (and
            next.|signal:14|
            (not next.|init_pre_signal:14|)))
      (= next.start next.|MC__start|)
      (= next.|signal:13| next.start)
      (= next.|pre_signal:13| state.|signal:13|)
      (ite
         state.|init_pre_signal:13:init|
         (= next.|init_pre_signal:13| false)
         (= next.|init_pre_signal:13| next.|pre_signal:13|))
      (= next.|init_pre_signal:13:init| false)
      (=
         next.|defs__rising_edge:13|
         (and
            next.|signal:13|
            (not next.|init_pre_signal:13|)))
      (= next.|pre_is_suspended:1| state.|is_suspended|)
      (ite
         state.|$init:4:init|
         (= next.|$init:4| true)
         (=
            next.|$init:4|
            (=>
               (and
                  next.|defs__rising_edge:13|
                  (not next.|defs__rising_edge:14|)
                  next.|pre_is_suspended:1|
                  next.|door_closed|
                  (< 0 next.|seconds_to_cook:1|))
               next.|is_cooking:1|)))
      (= next.|$init:4:init| false)
      (= next.|signal:12| next.|clear:1|)
      (= next.|pre_signal:12| state.|signal:12|)
      (ite
         state.|init_pre_signal:12:init|
         (= next.|init_pre_signal:12| false)
         (= next.|init_pre_signal:12| next.|pre_signal:12|))
      (= next.|init_pre_signal:12:init| false)
      (=
         next.|defs__rising_edge:12|
         (and
            next.|signal:12|
            (not next.|init_pre_signal:12|)))
      (= next.|pre_is_suspended| state.|is_suspended|)
      (ite
         state.|$init:3:init|
         (= next.|$init:3| true)
         (=
            next.|$init:3|
            (=>
               (and next.|defs__rising_edge:12| next.|pre_is_suspended|)
               next.|is_setup|)))
      (= next.|$init:3:init| false)
      (= next.|signal:11| next.|clear:1|)
      (= next.|pre_signal:11| state.|signal:11|)
      (ite
         state.|init_pre_signal:11:init|
         (= next.|init_pre_signal:11| false)
         (= next.|init_pre_signal:11| next.|pre_signal:11|))
      (= next.|init_pre_signal:11:init| false)
      (=
         next.|defs__rising_edge:11|
         (and
            next.|signal:11|
            (not next.|init_pre_signal:11|)))
      (= next.|pre_is_cooking| state.|is_cooking:1|)
      (ite
         state.|$init:2:init|
         (= next.|$init:2| true)
         (=
            next.|$init:2|
            (=>
               (and next.|defs__rising_edge:11| next.|pre_is_cooking|)
               (not next.|is_cooking:1|))))
      (= next.|$init:2:init| false)
      (=
         next.|_TOP__MC|
         (and
            (= next.|is_running| next.|defs__is_running|)
            (= next.|is_suspended| next.|defs__is_suspended|)
            (= next.|is_setup| next.|defs__is_setup:1|)
            (= next.|is_cooking:1| next.|defs__is_cooking:2|)
            (=>
               next.|__ASSUME__HIST:2|
               (and
                  (=>
                     (= next.|seconds_to_cook:1| 0)
                     next.|is_setup|)
                  next.|$init:4|
                  next.|$init:3|
                  next.|$init:2|
                  (=>
                     (and
                        next.|defs__rising_edge:15|
                        (not next.|door_closed|))
                     next.|is_suspended|)
                  (=>
                     (and next.|defs__rising_edge:16| next.|door_closed|)
                     next.|is_cooking:1|)
                  next.|std__Initiallyv:1|
                  (=> next.|is_cooking:1| next.|door_closed|)
                  (or
                     (= next.|cooking_mode:2| 1)
                     (= next.|cooking_mode:2| 2)
                     (= next.|cooking_mode:2| 3))
                  true))
            (=
               next.|__ASSUME0:1|
               (<= 0 next.|seconds_to_cook:1|))
            true))
      (= next.|__ASSUME0| next.|DC____ASSUME0|)
      (= next.clear next.|DC__clear|)
      (= next.|kp_0| next.|DC__kp_0|)
      (= next.|kp_0_pressed| next.|DC__kp_0_pressed|)
      (= next.|kp_1_pressed| next.|DC__kp_1_pressed|)
      (= next.|kp_2_pressed| next.|DC__kp_2_pressed|)
      (= next.|kp_3_pressed| next.|DC__kp_3_pressed|)
      (= next.|kp_4_pressed| next.|DC__kp_4_pressed|)
      (= next.|kp_5_pressed| next.|DC__kp_5_pressed|)
      (= next.|kp_6_pressed| next.|DC__kp_6_pressed|)
      (= next.|kp_7_pressed| next.|DC__kp_7_pressed|)
      (= next.|kp_8_pressed| next.|DC__kp_8_pressed|)
      (= next.|kp_9_pressed| next.|DC__kp_9_pressed|)
      (= next.|clear_pressed| next.|DC__clear_pressed|)
      (= next.|keypad_enabled| next.|DC__keypad_enabled|)
      (= next.|any_digit_pressed| next.|DC__any_digit_pressed|)
      (= next.|any_button_pressed| next.|DC__any_button_pressed|)
      (= next.|is_cooking| next.|DC__is_cooking|)
      (= next.|left_digit| next.|DC__left_digit|)
      (= next.|middle_digit| next.|DC__middle_digit|)
      (= next.|right_digit| next.|DC__right_digit|)
      (= next.|seconds_to_cook| next.|DC__seconds_to_cook|)
      (=
         next.i
         (= next.|seconds_to_cook| 0))
      (ite
         state.|std__Initiallyv:init|
         (= next.|std__Initiallyv| next.i)
         (= next.|std__Initiallyv| true))
      (= next.|std__Initiallyv:init| false)
      (= next.|signal:10| next.|kp_0|)
      (= next.|pre_signal:10| state.|signal:10|)
      (ite
         state.|init_pre_signal:10:init|
         (= next.|init_pre_signal:10| false)
         (= next.|init_pre_signal:10| next.|pre_signal:10|))
      (= next.|init_pre_signal:10:init| false)
      (=
         next.|defs__rising_edge:10|
         (and
            next.|signal:10|
            (not next.|init_pre_signal:10|)))
      (= next.|kp_1| next.|DC__kp_1|)
      (= next.|signal:9| next.|kp_1|)
      (= next.|pre_signal:9| state.|signal:9|)
      (ite
         state.|init_pre_signal:9:init|
         (= next.|init_pre_signal:9| false)
         (= next.|init_pre_signal:9| next.|pre_signal:9|))
      (= next.|init_pre_signal:9:init| false)
      (=
         next.|defs__rising_edge:9|
         (and
            next.|signal:9|
            (not next.|init_pre_signal:9|)))
      (= next.|kp_2| next.|DC__kp_2|)
      (= next.|signal:8| next.|kp_2|)
      (= next.|pre_signal:8| state.|signal:8|)
      (ite
         state.|init_pre_signal:8:init|
         (= next.|init_pre_signal:8| false)
         (= next.|init_pre_signal:8| next.|pre_signal:8|))
      (= next.|init_pre_signal:8:init| false)
      (=
         next.|defs__rising_edge:8|
         (and
            next.|signal:8|
            (not next.|init_pre_signal:8|)))
      (= next.|kp_3| next.|DC__kp_3|)
      (= next.|signal:7| next.|kp_3|)
      (= next.|pre_signal:7| state.|signal:7|)
      (ite
         state.|init_pre_signal:7:init|
         (= next.|init_pre_signal:7| false)
         (= next.|init_pre_signal:7| next.|pre_signal:7|))
      (= next.|init_pre_signal:7:init| false)
      (=
         next.|defs__rising_edge:7|
         (and
            next.|signal:7|
            (not next.|init_pre_signal:7|)))
      (= next.|kp_4| next.|DC__kp_4|)
      (= next.|signal:6| next.|kp_4|)
      (= next.|pre_signal:6| state.|signal:6|)
      (ite
         state.|init_pre_signal:6:init|
         (= next.|init_pre_signal:6| false)
         (= next.|init_pre_signal:6| next.|pre_signal:6|))
      (= next.|init_pre_signal:6:init| false)
      (=
         next.|defs__rising_edge:6|
         (and
            next.|signal:6|
            (not next.|init_pre_signal:6|)))
      (= next.|kp_5| next.|DC__kp_5|)
      (= next.|signal:5| next.|kp_5|)
      (= next.|pre_signal:5| state.|signal:5|)
      (ite
         state.|init_pre_signal:5:init|
         (= next.|init_pre_signal:5| false)
         (= next.|init_pre_signal:5| next.|pre_signal:5|))
      (= next.|init_pre_signal:5:init| false)
      (=
         next.|defs__rising_edge:5|
         (and
            next.|signal:5|
            (not next.|init_pre_signal:5|)))
      (= next.|kp_6| next.|DC__kp_6|)
      (= next.|signal:4| next.|kp_6|)
      (= next.|pre_signal:4| state.|signal:4|)
      (ite
         state.|init_pre_signal:4:init|
         (= next.|init_pre_signal:4| false)
         (= next.|init_pre_signal:4| next.|pre_signal:4|))
      (= next.|init_pre_signal:4:init| false)
      (=
         next.|defs__rising_edge:4|
         (and
            next.|signal:4|
            (not next.|init_pre_signal:4|)))
      (= next.|kp_7| next.|DC__kp_7|)
      (= next.|signal:3| next.|kp_7|)
      (= next.|pre_signal:3| state.|signal:3|)
      (ite
         state.|init_pre_signal:3:init|
         (= next.|init_pre_signal:3| false)
         (= next.|init_pre_signal:3| next.|pre_signal:3|))
      (= next.|init_pre_signal:3:init| false)
      (=
         next.|defs__rising_edge:3|
         (and
            next.|signal:3|
            (not next.|init_pre_signal:3|)))
      (= next.|kp_8| next.|DC__kp_8|)
      (= next.|signal:2| next.|kp_8|)
      (= next.|pre_signal:2| state.|signal:2|)
      (ite
         state.|init_pre_signal:2:init|
         (= next.|init_pre_signal:2| false)
         (= next.|init_pre_signal:2| next.|pre_signal:2|))
      (= next.|init_pre_signal:2:init| false)
      (=
         next.|defs__rising_edge:2|
         (and
            next.|signal:2|
            (not next.|init_pre_signal:2|)))
      (= next.|kp_9| next.|DC__kp_9|)
      (= next.|signal:1| next.|kp_9|)
      (= next.|pre_signal:1| state.|signal:1|)
      (ite
         state.|init_pre_signal:1:init|
         (= next.|init_pre_signal:1| false)
         (= next.|init_pre_signal:1| next.|pre_signal:1|))
      (= next.|init_pre_signal:1:init| false)
      (=
         next.|defs__rising_edge:1|
         (and
            next.|signal:1|
            (not next.|init_pre_signal:1|)))
      (= next.signal next.clear)
      (= next.|pre_signal| state.signal)
      (ite
         state.|init_pre_signal:init|
         (= next.|init_pre_signal| false)
         (= next.|init_pre_signal| next.|pre_signal|))
      (= next.|init_pre_signal:init| false)
      (=
         next.|defs__rising_edge|
         (and
            next.signal
            (not next.|init_pre_signal|)))
      (= next.|cooking_mode:1| next.|DC__cooking_mode|)
      (= next.|m:2| next.|cooking_mode:1|)
      (=
         next.|defs__is_setup|
         (= next.|m:2| 1))
      (= next.|m:1| next.|cooking_mode:1|)
      (=
         next.|defs__is_cooking:1|
         (= next.|m:1| 3))
      (=
         next.|__ASSUME__CONJ:1|
         (and next.|__ASSUME0| true))
      (= next.|pre___ASSUME__HIST:1| state.|__ASSUME__HIST:1|)
      (ite
         state.|__ASSUME__HIST:1:init|
         (= next.|__ASSUME__HIST:1| next.|__ASSUME__CONJ:1|)
         (=
            next.|__ASSUME__HIST:1|
            (and next.|pre___ASSUME__HIST:1| next.|__ASSUME__CONJ:1|)))
      (= next.|__ASSUME__HIST:1:init| false)
      (= next.|pre_seconds_to_cook:1| state.|seconds_to_cook|)
      (ite
         state.|$init:1:init|
         (= next.|$init:1| true)
         (=
            next.|$init:1|
            (=>
               next.|is_cooking|
               (or
                  (= next.|seconds_to_cook| 0)
                  (< next.|seconds_to_cook| next.|pre_seconds_to_cook:1|)))))
      (= next.|$init:1:init| false)
      (= next.|pre_keypad_enabled| state.|keypad_enabled|)
      (= next.|pre_seconds_to_cook| state.|seconds_to_cook|)
      (ite
         state.|$init:init|
         (= next.|$init| true)
         (=
            next.|$init|
            (=>
               (and
                  (not next.|any_button_pressed|)
                  next.|keypad_enabled|
                  next.|pre_keypad_enabled|)
               (= next.|pre_seconds_to_cook| next.|seconds_to_cook|))))
      (= next.|$init:init| false)
      (=
         next.|_TOP__DC|
         (and
            (= next.|is_cooking| next.|defs__is_cooking:1|)
            (=
               next.|any_button_pressed|
               (or next.|any_digit_pressed| next.|clear_pressed|))
            (=
               next.|any_digit_pressed|
               (or
                  next.|kp_1_pressed|
                  next.|kp_2_pressed|
                  next.|kp_3_pressed|
                  next.|kp_4_pressed|
                  next.|kp_5_pressed|
                  next.|kp_6_pressed|
                  next.|kp_7_pressed|
                  next.|kp_8_pressed|
                  next.|kp_9_pressed|
                  next.|kp_0_pressed|))
            (= next.|keypad_enabled| next.|defs__is_setup|)
            (= next.|clear_pressed| next.|defs__rising_edge|)
            (= next.|kp_9_pressed| next.|defs__rising_edge:1|)
            (= next.|kp_8_pressed| next.|defs__rising_edge:2|)
            (= next.|kp_7_pressed| next.|defs__rising_edge:3|)
            (= next.|kp_6_pressed| next.|defs__rising_edge:4|)
            (= next.|kp_5_pressed| next.|defs__rising_edge:5|)
            (= next.|kp_4_pressed| next.|defs__rising_edge:6|)
            (= next.|kp_3_pressed| next.|defs__rising_edge:7|)
            (= next.|kp_2_pressed| next.|defs__rising_edge:8|)
            (= next.|kp_1_pressed| next.|defs__rising_edge:9|)
            (= next.|kp_0_pressed| next.|defs__rising_edge:10|)
            (=>
               next.|__ASSUME__HIST:1|
               (and
                  next.|$init:1|
                  next.|std__Initiallyv|
                  next.|$init|
                  (=>
                     (and next.|keypad_enabled| next.|clear_pressed|)
                     (= next.|seconds_to_cook| 0))
                  (=
                     next.|seconds_to_cook|
                     (+
                        (+
                           (* 60 next.|left_digit|)
                           (* 10 next.|middle_digit|))
                        next.|right_digit|))
                  (<= 0 next.|right_digit|)
                  (<= next.|right_digit| 9)
                  (<= 0 next.|middle_digit|)
                  (<= next.|middle_digit| 9)
                  (<= 0 next.|left_digit|)
                  (<= next.|left_digit| 9)
                  true))
            (=
               next.|__ASSUME0|
               (not
                  (and next.clear next.|kp_0|)))
            true))
      (= next.|heating_element_on| next.|OP__heating_element_on|)
      (= next.|cooking_mode| next.|OP__cooking_mode|)
      (= next.m next.|cooking_mode|)
      (=
         next.|defs__is_cooking|
         (= next.m 3))
      (= next.|__ASSUME__CONJ| true)
      (= next.|pre___ASSUME__HIST| state.|__ASSUME__HIST|)
      (ite
         state.|__ASSUME__HIST:init|
         (= next.|__ASSUME__HIST| next.|__ASSUME__CONJ|)
         (=
            next.|__ASSUME__HIST|
            (and next.|pre___ASSUME__HIST| next.|__ASSUME__CONJ|)))
      (= next.|__ASSUME__HIST:init| false)
      (=
         next.|_TOP__OP|
         (and
            (=>
               next.|__ASSUME__HIST|
               (and
                  (= next.|heating_element_on| next.|defs__is_cooking|)
                  true))
            true))
      (=
         next.Not
         (not
            (and next.|clear:2| next.|kp_0:1|)))
      (=
         next.|Eq:21|
         (= next.|clear:2| next.|MC__clear|))
      (=
         next.|Eq:20|
         (= next.|clear:2| next.|DC__clear|))
      (=
         next.|Eq:19|
         (= next.|start:1| next.|MC__start|))
      (=
         next.|Eq:18|
         (= next.|kp_0:1| next.|DC__kp_0|))
      (=
         next.|Eq:17|
         (= next.|kp_1:1| next.|DC__kp_1|))
      (=
         next.|Eq:16|
         (= next.|kp_2:1| next.|DC__kp_2|))
      (=
         next.|Eq:15|
         (= next.|kp_3:1| next.|DC__kp_3|))
      (=
         next.|Eq:14|
         (= next.|kp_4:1| next.|DC__kp_4|))
      (=
         next.|Eq:13|
         (= next.|kp_5:1| next.|DC__kp_5|))
      (=
         next.|Eq:12|
         (= next.|kp_6:1| next.|DC__kp_6|))
      (=
         next.|Eq:11|
         (= next.|kp_7:1| next.|DC__kp_7|))
      (=
         next.|Eq:10|
         (= next.|kp_8:1| next.|DC__kp_8|))
      (=
         next.|Eq:9|
         (= next.|kp_9:1| next.|DC__kp_9|))
      (=
         next.|Eq:8|
         (= next.|door_closed:1| next.|MC__door_closed|))
      (=
         next.|Eq:7|
         (= next.|DC__seconds_to_cook| next.|MC__seconds_to_cook|))
      (=
         next.|Eq:6|
         (= next.|MC__cooking_mode| next.|OP__cooking_mode|))
      (=
         next.|Eq:5|
         (= next.|MC__cooking_mode| next.|DC__cooking_mode|))
      (=
         next.|Eq:4|
         (= next.|OP__heating_element_on| next.|heating_element_on:1|))
      (=
         next.|Eq:3|
         (= next.|DC__left_digit| next.|left_digit:1|))
      (=
         next.|Eq:2|
         (= next.|DC__middle_digit| next.|middle_digit:1|))
      (=
         next.|Eq:1|
         (= next.|DC__right_digit| next.|right_digit:1|))
      (=
         next.Eq
         (=
            next.|seconds_to_cook:2|
            (+
               (+
                  (* next.|left_digit:1| 60)
                  (* next.|middle_digit:1| 10))
               next.|right_digit:1|)))))

(query
   TS
   (or |gal-initializing| |DC____ASSUME0|))
(query
   TS
   (or |gal-initializing| |MC____ASSUME0|))
(query
   TS
   (or |gal-initializing| |__GUARANTEE2|))
(query
   TS
   (or |gal-initializing| |__GUARANTEE1|))
(query
   TS
   (or |gal-initializing| |__GUARANTEE0|))

[Lustre] Validating properties:
[Lustre] Property DC____ASSUME0...
  [Sally][Valid] using 0 past states
[Lustre] Property MC____ASSUME0...
  [Sally][Unknown]
  [Sally][Unknown]
[Lustre] Property __GUARANTEE2...
  [Sally][Unknown]
  [Sally][Unknown]
[Lustre] Property __GUARANTEE1...
  [Sally][Unknown]
  [Sally][Unknown]
[Lustre] Property __GUARANTEE0...
  [Sally][Unknown]
  [Sally][Unknown]
[Lustre] Model status: [Unknown]
