[Lustre] Loading settings from: "8-peg.lus.settings"
[Lustre] Loading model from: "8-peg.lus"
Sally Model
===========

(define-state-type
   S
   (
     (b1 Int)
     (b2 Int)
     (b3 Int)
     (b4 Int)
     (bounded Bool)
     (distinct Bool)
     (historically Bool)
     (in Int)
     (init Int)
     (loc Int)
     (p Int)
     (p1 Int)
     (p2 Int)
     (p3 Int)
     (p4 Int)
     (p5 Int)
     (p6 Int)
     (p7 Int)
     (p8 Int)
     (prop Bool)
     (r6 Int)
     (r7 Int)
     (r8 Int)
     (r9 Int)
     (solved Bool)
     (valid Bool)
     (wellformed Bool)
     (x Bool)
     (|b1:init| Bool)
     (|b2:init| Bool)
     (|b3:init| Bool)
     (|b4:init| Bool)
     (|blue_start:init| Bool)
     (|blue_start_position:1| Bool)
     (|blue_start_position:2| Bool)
     (|blue_start_position:3| Bool)
     (|blue_start_position| Bool)
     (|blue_start| Bool)
     (|blue_turn| Bool)
     (|gal-initializing| Bool)
     (|in:1| Int)
     (|in:2| Int)
     (|in:3| Int)
     (|in:4| Int)
     (|in:5| Int)
     (|in:6| Int)
     (|in:7| Int)
     (|in:8| Int)
     (|init:1| Int)
     (|init:2| Int)
     (|init:3| Int)
     (|init:4| Int)
     (|init:5| Int)
     (|init:6| Int)
     (|init:7| Int)
     (|init_pre_historically:init| Bool)
     (|init_pre_historically| Bool)
     (|loc:1| Int)
     (|loc:2| Int)
     (|loc:3| Int)
     (|loc:4| Int)
     (|loc:5| Int)
     (|loc:6| Int)
     (|loc:7| Int)
     (|p1:1| Int)
     (|p1:2| Int)
     (|p1:3| Int)
     (|p1:4| Int)
     (|p1:5| Int)
     (|p1:6| Int)
     (|p1:7| Int)
     (|p1:8| Int)
     (|p2:1| Int)
     (|p2:2| Int)
     (|p2:3| Int)
     (|p2:4| Int)
     (|p2:5| Int)
     (|p2:6| Int)
     (|p2:7| Int)
     (|p2:8| Int)
     (|p3:1| Int)
     (|p3:2| Int)
     (|p3:3| Int)
     (|p3:4| Int)
     (|p3:5| Int)
     (|p3:6| Int)
     (|p3:7| Int)
     (|p3:8| Int)
     (|p4:1| Int)
     (|p4:2| Int)
     (|p4:3| Int)
     (|p4:4| Int)
     (|p4:5| Int)
     (|p4:6| Int)
     (|p4:7| Int)
     (|p4:8| Int)
     (|p5:1| Int)
     (|p5:2| Int)
     (|p5:3| Int)
     (|p5:4| Int)
     (|p5:5| Int)
     (|p5:6| Int)
     (|p5:7| Int)
     (|p5:8| Int)
     (|p6:1| Int)
     (|p6:2| Int)
     (|p6:3| Int)
     (|p6:4| Int)
     (|p6:5| Int)
     (|p6:6| Int)
     (|p6:7| Int)
     (|p6:8| Int)
     (|p7:1| Int)
     (|p7:2| Int)
     (|p7:3| Int)
     (|p7:4| Int)
     (|p7:5| Int)
     (|p7:6| Int)
     (|p7:7| Int)
     (|p7:8| Int)
     (|p:1| Int)
     (|p:2| Int)
     (|p:3| Int)
     (|p:4| Int)
     (|p:5| Int)
     (|p:6| Int)
     (|p:7| Int)
     (|p:8| Int)
     (|p:9| Int)
     (|pre_b1:1| Int)
     (|pre_b1:2| Int)
     (|pre_b1:3| Int)
     (|pre_b1:4| Int)
     (|pre_b1:5| Int)
     (|pre_b1:6| Int)
     (|pre_b1:7| Int)
     (|pre_b1:8| Int)
     (|pre_b1:9| Int)
     (|pre_b1| Int)
     (|pre_b2:1| Int)
     (|pre_b2:2| Int)
     (|pre_b2:3| Int)
     (|pre_b2:4| Int)
     (|pre_b2:5| Int)
     (|pre_b2:6| Int)
     (|pre_b2:7| Int)
     (|pre_b2:8| Int)
     (|pre_b2:9| Int)
     (|pre_b2| Int)
     (|pre_b3:1| Int)
     (|pre_b3:2| Int)
     (|pre_b3:3| Int)
     (|pre_b3:4| Int)
     (|pre_b3:5| Int)
     (|pre_b3:6| Int)
     (|pre_b3:7| Int)
     (|pre_b3:8| Int)
     (|pre_b3:9| Int)
     (|pre_b3| Int)
     (|pre_b4:1| Int)
     (|pre_b4:2| Int)
     (|pre_b4:3| Int)
     (|pre_b4:4| Int)
     (|pre_b4:5| Int)
     (|pre_b4:6| Int)
     (|pre_b4:7| Int)
     (|pre_b4:8| Int)
     (|pre_b4:9| Int)
     (|pre_b4| Int)
     (|pre_historically| Bool)
     (|pre_in:1| Int)
     (|pre_in:2| Int)
     (|pre_in:3| Int)
     (|pre_in:4| Int)
     (|pre_in:5| Int)
     (|pre_in:6| Int)
     (|pre_in:7| Int)
     (|pre_in| Int)
     (|pre_p1:1| Int)
     (|pre_p1:2| Int)
     (|pre_p1:3| Int)
     (|pre_p1:4| Int)
     (|pre_p1:5| Int)
     (|pre_p1:6| Int)
     (|pre_p1:7| Int)
     (|pre_p1| Int)
     (|pre_p2:1| Int)
     (|pre_p2:2| Int)
     (|pre_p2:3| Int)
     (|pre_p2:4| Int)
     (|pre_p2:5| Int)
     (|pre_p2:6| Int)
     (|pre_p2:7| Int)
     (|pre_p2| Int)
     (|pre_p3:1| Int)
     (|pre_p3:2| Int)
     (|pre_p3:3| Int)
     (|pre_p3:4| Int)
     (|pre_p3:5| Int)
     (|pre_p3:6| Int)
     (|pre_p3:7| Int)
     (|pre_p3| Int)
     (|pre_p4:1| Int)
     (|pre_p4:2| Int)
     (|pre_p4:3| Int)
     (|pre_p4:4| Int)
     (|pre_p4:5| Int)
     (|pre_p4:6| Int)
     (|pre_p4:7| Int)
     (|pre_p4| Int)
     (|pre_p5:1| Int)
     (|pre_p5:2| Int)
     (|pre_p5:3| Int)
     (|pre_p5:4| Int)
     (|pre_p5:5| Int)
     (|pre_p5:6| Int)
     (|pre_p5:7| Int)
     (|pre_p5| Int)
     (|pre_p6:1| Int)
     (|pre_p6:2| Int)
     (|pre_p6:3| Int)
     (|pre_p6:4| Int)
     (|pre_p6:5| Int)
     (|pre_p6:6| Int)
     (|pre_p6:7| Int)
     (|pre_p6| Int)
     (|pre_p7:1| Int)
     (|pre_p7:2| Int)
     (|pre_p7:3| Int)
     (|pre_p7:4| Int)
     (|pre_p7:5| Int)
     (|pre_p7:6| Int)
     (|pre_p7:7| Int)
     (|pre_p7| Int)
     (|pre_r6:1| Int)
     (|pre_r6:2| Int)
     (|pre_r6:3| Int)
     (|pre_r6:4| Int)
     (|pre_r6:5| Int)
     (|pre_r6:6| Int)
     (|pre_r6:7| Int)
     (|pre_r6:8| Int)
     (|pre_r6:9| Int)
     (|pre_r6| Int)
     (|pre_r7:1| Int)
     (|pre_r7:2| Int)
     (|pre_r7:3| Int)
     (|pre_r7:4| Int)
     (|pre_r7:5| Int)
     (|pre_r7:6| Int)
     (|pre_r7:7| Int)
     (|pre_r7:8| Int)
     (|pre_r7:9| Int)
     (|pre_r7| Int)
     (|pre_r8:1| Int)
     (|pre_r8:2| Int)
     (|pre_r8:3| Int)
     (|pre_r8:4| Int)
     (|pre_r8:5| Int)
     (|pre_r8:6| Int)
     (|pre_r8:7| Int)
     (|pre_r8:8| Int)
     (|pre_r8:9| Int)
     (|pre_r8| Int)
     (|pre_r9:1| Int)
     (|pre_r9:2| Int)
     (|pre_r9:3| Int)
     (|pre_r9:4| Int)
     (|pre_r9:5| Int)
     (|pre_r9:6| Int)
     (|pre_r9:7| Int)
     (|pre_r9:8| Int)
     (|pre_r9:9| Int)
     (|pre_r9| Int)
     (|r6:init| Bool)
     (|r7:init| Bool)
     (|r8:init| Bool)
     (|r9:init| Bool)
     (|red_start_position:1| Bool)
     (|red_start_position:2| Bool)
     (|red_start_position:3| Bool)
     (|red_start_position| Bool)
     (|red_turn| Bool)
     (|some_turn| Bool)
     (|valid:1| Bool)
     (|valid:2| Bool)
     (|valid:3| Bool)
     (|valid:4| Bool)
     (|valid:5| Bool)
     (|valid:6| Bool)
     (|valid:7| Bool))
   (
     (|in:8| Int)))
(define-transition-system
   TS
   S
   (and
      (= |gal-initializing| true)
      (= |b1:init| true)
      (= |b2:init| true)
      (= |b3:init| true)
      (= |b4:init| true)
      (= |r6:init| true)
      (= |r7:init| true)
      (= |r8:init| true)
      (= |r9:init| true)
      (= |blue_start:init| true)
      (= |init_pre_historically:init| true))
   (and
      (= next.|gal-initializing| false)
      (= next.|in:8| input.|in:8|)
      (= next.|init:7| 1)
      (= next.|pre_in:7| state.|in:7|)
      (= next.|pre_b1:9| state.b1)
      (= next.|pre_p1:7| state.|p1:7|)
      (= next.|pre_b1:8| state.b1)
      (= next.|pre_p2:7| state.|p2:7|)
      (= next.|pre_b1:7| state.b1)
      (= next.|pre_p3:7| state.|p3:7|)
      (= next.|pre_b1:6| state.b1)
      (= next.|pre_p4:7| state.|p4:7|)
      (= next.|pre_b1:5| state.b1)
      (= next.|pre_p5:7| state.|p5:7|)
      (= next.|pre_b1:4| state.b1)
      (= next.|pre_p6:7| state.|p6:7|)
      (= next.|pre_b1:3| state.b1)
      (= next.|pre_p7:7| state.|p7:7|)
      (= next.|pre_b1:2| state.b1)
      (= next.|pre_b1:1| state.b1)
      (= next.|pre_b1| state.b1)
      (ite
         state.|b1:init|
         (= next.b1 next.|init:7|)
         (=
            next.b1
            (ite
               (= next.|pre_in:7| next.|init:7|)
               (ite
                  (and
                     (not
                        (=
                           (+ next.|pre_b1:9| 1)
                           next.|pre_p1:7|))
                     (not
                        (=
                           (+ next.|pre_b1:8| 1)
                           next.|pre_p2:7|))
                     (not
                        (=
                           (+ next.|pre_b1:7| 1)
                           next.|pre_p3:7|))
                     (not
                        (=
                           (+ next.|pre_b1:6| 1)
                           next.|pre_p4:7|))
                     (not
                        (=
                           (+ next.|pre_b1:5| 1)
                           next.|pre_p5:7|))
                     (not
                        (=
                           (+ next.|pre_b1:4| 1)
                           next.|pre_p6:7|))
                     (not
                        (=
                           (+ next.|pre_b1:3| 1)
                           next.|pre_p7:7|)))
                  (+ next.|pre_b1:2| 1)
                  (+ next.|pre_b1:1| 2))
               next.|pre_b1|)))
      (= next.|b1:init| false)
      (= next.|init:6| 2)
      (= next.|pre_in:6| state.|in:6|)
      (= next.|pre_b2:9| state.b2)
      (= next.|pre_p1:6| state.|p1:6|)
      (= next.|pre_b2:8| state.b2)
      (= next.|pre_p2:6| state.|p2:6|)
      (= next.|pre_b2:7| state.b2)
      (= next.|pre_p3:6| state.|p3:6|)
      (= next.|pre_b2:6| state.b2)
      (= next.|pre_p4:6| state.|p4:6|)
      (= next.|pre_b2:5| state.b2)
      (= next.|pre_p5:6| state.|p5:6|)
      (= next.|pre_b2:4| state.b2)
      (= next.|pre_p6:6| state.|p6:6|)
      (= next.|pre_b2:3| state.b2)
      (= next.|pre_p7:6| state.|p7:6|)
      (= next.|pre_b2:2| state.b2)
      (= next.|pre_b2:1| state.b2)
      (= next.|pre_b2| state.b2)
      (ite
         state.|b2:init|
         (= next.b2 next.|init:6|)
         (=
            next.b2
            (ite
               (= next.|pre_in:6| next.|init:6|)
               (ite
                  (and
                     (not
                        (=
                           (+ next.|pre_b2:9| 1)
                           next.|pre_p1:6|))
                     (not
                        (=
                           (+ next.|pre_b2:8| 1)
                           next.|pre_p2:6|))
                     (not
                        (=
                           (+ next.|pre_b2:7| 1)
                           next.|pre_p3:6|))
                     (not
                        (=
                           (+ next.|pre_b2:6| 1)
                           next.|pre_p4:6|))
                     (not
                        (=
                           (+ next.|pre_b2:5| 1)
                           next.|pre_p5:6|))
                     (not
                        (=
                           (+ next.|pre_b2:4| 1)
                           next.|pre_p6:6|))
                     (not
                        (=
                           (+ next.|pre_b2:3| 1)
                           next.|pre_p7:6|)))
                  (+ next.|pre_b2:2| 1)
                  (+ next.|pre_b2:1| 2))
               next.|pre_b2|)))
      (= next.|b2:init| false)
      (= next.|init:5| 3)
      (= next.|pre_in:5| state.|in:5|)
      (= next.|pre_b3:9| state.b3)
      (= next.|pre_p1:5| state.|p1:5|)
      (= next.|pre_b3:8| state.b3)
      (= next.|pre_p2:5| state.|p2:5|)
      (= next.|pre_b3:7| state.b3)
      (= next.|pre_p3:5| state.|p3:5|)
      (= next.|pre_b3:6| state.b3)
      (= next.|pre_p4:5| state.|p4:5|)
      (= next.|pre_b3:5| state.b3)
      (= next.|pre_p5:5| state.|p5:5|)
      (= next.|pre_b3:4| state.b3)
      (= next.|pre_p6:5| state.|p6:5|)
      (= next.|pre_b3:3| state.b3)
      (= next.|pre_p7:5| state.|p7:5|)
      (= next.|pre_b3:2| state.b3)
      (= next.|pre_b3:1| state.b3)
      (= next.|pre_b3| state.b3)
      (ite
         state.|b3:init|
         (= next.b3 next.|init:5|)
         (=
            next.b3
            (ite
               (= next.|pre_in:5| next.|init:5|)
               (ite
                  (and
                     (not
                        (=
                           (+ next.|pre_b3:9| 1)
                           next.|pre_p1:5|))
                     (not
                        (=
                           (+ next.|pre_b3:8| 1)
                           next.|pre_p2:5|))
                     (not
                        (=
                           (+ next.|pre_b3:7| 1)
                           next.|pre_p3:5|))
                     (not
                        (=
                           (+ next.|pre_b3:6| 1)
                           next.|pre_p4:5|))
                     (not
                        (=
                           (+ next.|pre_b3:5| 1)
                           next.|pre_p5:5|))
                     (not
                        (=
                           (+ next.|pre_b3:4| 1)
                           next.|pre_p6:5|))
                     (not
                        (=
                           (+ next.|pre_b3:3| 1)
                           next.|pre_p7:5|)))
                  (+ next.|pre_b3:2| 1)
                  (+ next.|pre_b3:1| 2))
               next.|pre_b3|)))
      (= next.|b3:init| false)
      (= next.|init:4| 4)
      (= next.|pre_in:4| state.|in:4|)
      (= next.|pre_b4:9| state.b4)
      (= next.|pre_p1:4| state.|p1:4|)
      (= next.|pre_b4:8| state.b4)
      (= next.|pre_p2:4| state.|p2:4|)
      (= next.|pre_b4:7| state.b4)
      (= next.|pre_p3:4| state.|p3:4|)
      (= next.|pre_b4:6| state.b4)
      (= next.|pre_p4:4| state.|p4:4|)
      (= next.|pre_b4:5| state.b4)
      (= next.|pre_p5:4| state.|p5:4|)
      (= next.|pre_b4:4| state.b4)
      (= next.|pre_p6:4| state.|p6:4|)
      (= next.|pre_b4:3| state.b4)
      (= next.|pre_p7:4| state.|p7:4|)
      (= next.|pre_b4:2| state.b4)
      (= next.|pre_b4:1| state.b4)
      (= next.|pre_b4| state.b4)
      (ite
         state.|b4:init|
         (= next.b4 next.|init:4|)
         (=
            next.b4
            (ite
               (= next.|pre_in:4| next.|init:4|)
               (ite
                  (and
                     (not
                        (=
                           (+ next.|pre_b4:9| 1)
                           next.|pre_p1:4|))
                     (not
                        (=
                           (+ next.|pre_b4:8| 1)
                           next.|pre_p2:4|))
                     (not
                        (=
                           (+ next.|pre_b4:7| 1)
                           next.|pre_p3:4|))
                     (not
                        (=
                           (+ next.|pre_b4:6| 1)
                           next.|pre_p4:4|))
                     (not
                        (=
                           (+ next.|pre_b4:5| 1)
                           next.|pre_p5:4|))
                     (not
                        (=
                           (+ next.|pre_b4:4| 1)
                           next.|pre_p6:4|))
                     (not
                        (=
                           (+ next.|pre_b4:3| 1)
                           next.|pre_p7:4|)))
                  (+ next.|pre_b4:2| 1)
                  (+ next.|pre_b4:1| 2))
               next.|pre_b4|)))
      (= next.|b4:init| false)
      (= next.|init:3| 6)
      (= next.|pre_in:3| state.|in:3|)
      (= next.|pre_r6:9| state.r6)
      (= next.|pre_p1:3| state.|p1:3|)
      (= next.|pre_r6:8| state.r6)
      (= next.|pre_p2:3| state.|p2:3|)
      (= next.|pre_r6:7| state.r6)
      (= next.|pre_p3:3| state.|p3:3|)
      (= next.|pre_r6:6| state.r6)
      (= next.|pre_p4:3| state.|p4:3|)
      (= next.|pre_r6:5| state.r6)
      (= next.|pre_p5:3| state.|p5:3|)
      (= next.|pre_r6:4| state.r6)
      (= next.|pre_p6:3| state.|p6:3|)
      (= next.|pre_r6:3| state.r6)
      (= next.|pre_p7:3| state.|p7:3|)
      (= next.|pre_r6:2| state.r6)
      (= next.|pre_r6:1| state.r6)
      (= next.|pre_r6| state.r6)
      (ite
         state.|r6:init|
         (= next.r6 next.|init:3|)
         (=
            next.r6
            (ite
               (= next.|pre_in:3| next.|init:3|)
               (ite
                  (and
                     (not
                        (=
                           (- next.|pre_r6:9| 1)
                           next.|pre_p1:3|))
                     (not
                        (=
                           (- next.|pre_r6:8| 1)
                           next.|pre_p2:3|))
                     (not
                        (=
                           (- next.|pre_r6:7| 1)
                           next.|pre_p3:3|))
                     (not
                        (=
                           (- next.|pre_r6:6| 1)
                           next.|pre_p4:3|))
                     (not
                        (=
                           (- next.|pre_r6:5| 1)
                           next.|pre_p5:3|))
                     (not
                        (=
                           (- next.|pre_r6:4| 1)
                           next.|pre_p6:3|))
                     (not
                        (=
                           (- next.|pre_r6:3| 1)
                           next.|pre_p7:3|)))
                  (- next.|pre_r6:2| 1)
                  (- next.|pre_r6:1| 2))
               next.|pre_r6|)))
      (= next.|r6:init| false)
      (= next.|init:2| 7)
      (= next.|pre_in:2| state.|in:2|)
      (= next.|pre_r7:9| state.r7)
      (= next.|pre_p1:2| state.|p1:2|)
      (= next.|pre_r7:8| state.r7)
      (= next.|pre_p2:2| state.|p2:2|)
      (= next.|pre_r7:7| state.r7)
      (= next.|pre_p3:2| state.|p3:2|)
      (= next.|pre_r7:6| state.r7)
      (= next.|pre_p4:2| state.|p4:2|)
      (= next.|pre_r7:5| state.r7)
      (= next.|pre_p5:2| state.|p5:2|)
      (= next.|pre_r7:4| state.r7)
      (= next.|pre_p6:2| state.|p6:2|)
      (= next.|pre_r7:3| state.r7)
      (= next.|pre_p7:2| state.|p7:2|)
      (= next.|pre_r7:2| state.r7)
      (= next.|pre_r7:1| state.r7)
      (= next.|pre_r7| state.r7)
      (ite
         state.|r7:init|
         (= next.r7 next.|init:2|)
         (=
            next.r7
            (ite
               (= next.|pre_in:2| next.|init:2|)
               (ite
                  (and
                     (not
                        (=
                           (- next.|pre_r7:9| 1)
                           next.|pre_p1:2|))
                     (not
                        (=
                           (- next.|pre_r7:8| 1)
                           next.|pre_p2:2|))
                     (not
                        (=
                           (- next.|pre_r7:7| 1)
                           next.|pre_p3:2|))
                     (not
                        (=
                           (- next.|pre_r7:6| 1)
                           next.|pre_p4:2|))
                     (not
                        (=
                           (- next.|pre_r7:5| 1)
                           next.|pre_p5:2|))
                     (not
                        (=
                           (- next.|pre_r7:4| 1)
                           next.|pre_p6:2|))
                     (not
                        (=
                           (- next.|pre_r7:3| 1)
                           next.|pre_p7:2|)))
                  (- next.|pre_r7:2| 1)
                  (- next.|pre_r7:1| 2))
               next.|pre_r7|)))
      (= next.|r7:init| false)
      (= next.|init:1| 8)
      (= next.|pre_in:1| state.|in:1|)
      (= next.|pre_r8:9| state.r8)
      (= next.|pre_p1:1| state.|p1:1|)
      (= next.|pre_r8:8| state.r8)
      (= next.|pre_p2:1| state.|p2:1|)
      (= next.|pre_r8:7| state.r8)
      (= next.|pre_p3:1| state.|p3:1|)
      (= next.|pre_r8:6| state.r8)
      (= next.|pre_p4:1| state.|p4:1|)
      (= next.|pre_r8:5| state.r8)
      (= next.|pre_p5:1| state.|p5:1|)
      (= next.|pre_r8:4| state.r8)
      (= next.|pre_p6:1| state.|p6:1|)
      (= next.|pre_r8:3| state.r8)
      (= next.|pre_p7:1| state.|p7:1|)
      (= next.|pre_r8:2| state.r8)
      (= next.|pre_r8:1| state.r8)
      (= next.|pre_r8| state.r8)
      (ite
         state.|r8:init|
         (= next.r8 next.|init:1|)
         (=
            next.r8
            (ite
               (= next.|pre_in:1| next.|init:1|)
               (ite
                  (and
                     (not
                        (=
                           (- next.|pre_r8:9| 1)
                           next.|pre_p1:1|))
                     (not
                        (=
                           (- next.|pre_r8:8| 1)
                           next.|pre_p2:1|))
                     (not
                        (=
                           (- next.|pre_r8:7| 1)
                           next.|pre_p3:1|))
                     (not
                        (=
                           (- next.|pre_r8:6| 1)
                           next.|pre_p4:1|))
                     (not
                        (=
                           (- next.|pre_r8:5| 1)
                           next.|pre_p5:1|))
                     (not
                        (=
                           (- next.|pre_r8:4| 1)
                           next.|pre_p6:1|))
                     (not
                        (=
                           (- next.|pre_r8:3| 1)
                           next.|pre_p7:1|)))
                  (- next.|pre_r8:2| 1)
                  (- next.|pre_r8:1| 2))
               next.|pre_r8|)))
      (= next.|r8:init| false)
      (= next.init 9)
      (= next.|pre_in| state.in)
      (= next.|pre_r9:9| state.r9)
      (= next.|pre_p1| state.p1)
      (= next.|pre_r9:8| state.r9)
      (= next.|pre_p2| state.p2)
      (= next.|pre_r9:7| state.r9)
      (= next.|pre_p3| state.p3)
      (= next.|pre_r9:6| state.r9)
      (= next.|pre_p4| state.p4)
      (= next.|pre_r9:5| state.r9)
      (= next.|pre_p5| state.p5)
      (= next.|pre_r9:4| state.r9)
      (= next.|pre_p6| state.p6)
      (= next.|pre_r9:3| state.r9)
      (= next.|pre_p7| state.p7)
      (= next.|pre_r9:2| state.r9)
      (= next.|pre_r9:1| state.r9)
      (= next.|pre_r9| state.r9)
      (ite
         state.|r9:init|
         (= next.r9 next.init)
         (=
            next.r9
            (ite
               (= next.|pre_in| next.init)
               (ite
                  (and
                     (not
                        (=
                           (- next.|pre_r9:9| 1)
                           next.|pre_p1|))
                     (not
                        (=
                           (- next.|pre_r9:8| 1)
                           next.|pre_p2|))
                     (not
                        (=
                           (- next.|pre_r9:7| 1)
                           next.|pre_p3|))
                     (not
                        (=
                           (- next.|pre_r9:6| 1)
                           next.|pre_p4|))
                     (not
                        (=
                           (- next.|pre_r9:5| 1)
                           next.|pre_p5|))
                     (not
                        (=
                           (- next.|pre_r9:4| 1)
                           next.|pre_p6|))
                     (not
                        (=
                           (- next.|pre_r9:3| 1)
                           next.|pre_p7|)))
                  (- next.|pre_r9:2| 1)
                  (- next.|pre_r9:1| 2))
               next.|pre_r9|)))
      (= next.|r9:init| false)
      (= next.|p:9| next.b1)
      (=
         next.|red_start_position:3|
         (or
            (= next.|p:9| 6)
            (= next.|p:9| 7)
            (= next.|p:9| 8)
            (= next.|p:9| 9)))
      (= next.|p:8| next.b2)
      (=
         next.|red_start_position:2|
         (or
            (= next.|p:8| 6)
            (= next.|p:8| 7)
            (= next.|p:8| 8)
            (= next.|p:8| 9)))
      (= next.|p:7| next.b3)
      (=
         next.|red_start_position:1|
         (or
            (= next.|p:7| 6)
            (= next.|p:7| 7)
            (= next.|p:7| 8)
            (= next.|p:7| 9)))
      (= next.|p:6| next.b4)
      (=
         next.|red_start_position|
         (or
            (= next.|p:6| 6)
            (= next.|p:6| 7)
            (= next.|p:6| 8)
            (= next.|p:6| 9)))
      (= next.|p:5| next.r6)
      (=
         next.|blue_start_position:3|
         (or
            (= next.|p:5| 1)
            (= next.|p:5| 2)
            (= next.|p:5| 3)
            (= next.|p:5| 4)))
      (= next.|p:4| next.r7)
      (=
         next.|blue_start_position:2|
         (or
            (= next.|p:4| 1)
            (= next.|p:4| 2)
            (= next.|p:4| 3)
            (= next.|p:4| 4)))
      (= next.|p:3| next.r8)
      (=
         next.|blue_start_position:1|
         (or
            (= next.|p:3| 1)
            (= next.|p:3| 2)
            (= next.|p:3| 3)
            (= next.|p:3| 4)))
      (= next.|p:2| next.r9)
      (=
         next.|blue_start_position|
         (or
            (= next.|p:2| 1)
            (= next.|p:2| 2)
            (= next.|p:2| 3)
            (= next.|p:2| 4)))
      (=
         next.solved
         (and
            next.|red_start_position:3|
            next.|red_start_position:2|
            next.|red_start_position:1|
            next.|red_start_position|
            next.|blue_start_position:3|
            next.|blue_start_position:2|
            next.|blue_start_position:1|
            next.|blue_start_position|))
      (= next.|p1:8| next.b1)
      (= next.|p2:8| next.b2)
      (= next.|p3:8| next.b3)
      (= next.|p4:8| next.b4)
      (= next.|p5:8| next.r6)
      (= next.|p6:8| next.r7)
      (= next.|p7:8| next.r8)
      (= next.p8 next.r9)
      (=
         next.distinct
         (and
            (not
               (= next.|p1:8| next.|p2:8|))
            (not
               (= next.|p1:8| next.|p3:8|))
            (not
               (= next.|p1:8| next.|p4:8|))
            (not
               (= next.|p1:8| next.|p5:8|))
            (not
               (= next.|p1:8| next.|p6:8|))
            (not
               (= next.|p1:8| next.|p7:8|))
            (not
               (= next.|p1:8| next.p8))
            (not
               (= next.|p2:8| next.|p3:8|))
            (not
               (= next.|p2:8| next.|p4:8|))
            (not
               (= next.|p2:8| next.|p5:8|))
            (not
               (= next.|p2:8| next.|p6:8|))
            (not
               (= next.|p2:8| next.|p7:8|))
            (not
               (= next.|p2:8| next.p8))
            (not
               (= next.|p3:8| next.|p4:8|))
            (not
               (= next.|p3:8| next.|p5:8|))
            (not
               (= next.|p3:8| next.|p6:8|))
            (not
               (= next.|p3:8| next.|p7:8|))
            (not
               (= next.|p3:8| next.p8))
            (not
               (= next.|p4:8| next.|p5:8|))
            (not
               (= next.|p4:8| next.|p6:8|))
            (not
               (= next.|p4:8| next.|p7:8|))
            (not
               (= next.|p4:8| next.p8))
            (not
               (= next.|p5:8| next.|p6:8|))
            (not
               (= next.|p5:8| next.|p7:8|))
            (not
               (= next.|p5:8| next.p8))
            (not
               (= next.|p6:8| next.|p7:8|))
            (not
               (= next.|p6:8| next.p8))
            (not
               (= next.|p7:8| next.p8))))
      (= next.|loc:7| next.b1)
      (=
         next.|valid:7|
         (and
            (<= 1 next.|loc:7|)
            (<= next.|loc:7| 9)))
      (= next.|loc:6| next.b2)
      (=
         next.|valid:6|
         (and
            (<= 1 next.|loc:6|)
            (<= next.|loc:6| 9)))
      (= next.|loc:5| next.b3)
      (=
         next.|valid:5|
         (and
            (<= 1 next.|loc:5|)
            (<= next.|loc:5| 9)))
      (= next.|loc:4| next.b4)
      (=
         next.|valid:4|
         (and
            (<= 1 next.|loc:4|)
            (<= next.|loc:4| 9)))
      (= next.|loc:3| next.r6)
      (=
         next.|valid:3|
         (and
            (<= 1 next.|loc:3|)
            (<= next.|loc:3| 9)))
      (= next.|loc:2| next.r7)
      (=
         next.|valid:2|
         (and
            (<= 1 next.|loc:2|)
            (<= next.|loc:2| 9)))
      (= next.|loc:1| next.r8)
      (=
         next.|valid:1|
         (and
            (<= 1 next.|loc:1|)
            (<= next.|loc:1| 9)))
      (= next.loc next.r9)
      (=
         next.valid
         (and
            (<= 1 next.loc)
            (<= next.loc 9)))
      (=
         next.bounded
         (and
            next.|valid:7|
            next.|valid:6|
            next.|valid:5|
            next.|valid:4|
            next.|valid:3|
            next.|valid:2|
            next.|valid:1|
            next.valid))
      (= next.|p:1| next.|in:8|)
      (=
         next.|blue_turn|
         (or
            (= next.|p:1| 1)
            (= next.|p:1| 2)
            (= next.|p:1| 3)
            (= next.|p:1| 4)))
      (= next.p next.|in:8|)
      (=
         next.|red_turn|
         (or
            (= next.p 6)
            (= next.p 7)
            (= next.p 8)
            (= next.p 9)))
      (=
         next.|some_turn|
         (or next.|blue_turn| next.|red_turn|))
      (ite
         state.|blue_start:init|
         (= next.|blue_start| next.|blue_turn|)
         (= next.|blue_start| true))
      (= next.|blue_start:init| false)
      (=
         next.wellformed
         (and next.distinct next.bounded next.|blue_start| next.|some_turn|))
      (= next.x next.wellformed)
      (= next.|pre_historically| state.historically)
      (ite
         state.|init_pre_historically:init|
         (= next.|init_pre_historically| true)
         (= next.|init_pre_historically| next.|pre_historically|))
      (= next.|init_pre_historically:init| false)
      (=
         next.historically
         (and next.x next.|init_pre_historically|))
      (=
         next.prop
         (not
            (and next.historically next.solved)))
      (= next.|in:7| next.|in:8|)
      (= next.|p1:7| next.b2)
      (= next.|p2:7| next.b3)
      (= next.|p3:7| next.b4)
      (= next.|p4:7| next.r6)
      (= next.|p5:7| next.r7)
      (= next.|p6:7| next.r8)
      (= next.|p7:7| next.r9)
      (= next.|in:6| next.|in:8|)
      (= next.|p1:6| next.b1)
      (= next.|p2:6| next.b3)
      (= next.|p3:6| next.b4)
      (= next.|p4:6| next.r6)
      (= next.|p5:6| next.r7)
      (= next.|p6:6| next.r8)
      (= next.|p7:6| next.r9)
      (= next.|in:5| next.|in:8|)
      (= next.|p1:5| next.b1)
      (= next.|p2:5| next.b2)
      (= next.|p3:5| next.b4)
      (= next.|p4:5| next.r6)
      (= next.|p5:5| next.r7)
      (= next.|p6:5| next.r8)
      (= next.|p7:5| next.r9)
      (= next.|in:4| next.|in:8|)
      (= next.|p1:4| next.b1)
      (= next.|p2:4| next.b2)
      (= next.|p3:4| next.b3)
      (= next.|p4:4| next.r6)
      (= next.|p5:4| next.r7)
      (= next.|p6:4| next.r8)
      (= next.|p7:4| next.r9)
      (= next.|in:3| next.|in:8|)
      (= next.|p1:3| next.b1)
      (= next.|p2:3| next.b2)
      (= next.|p3:3| next.b3)
      (= next.|p4:3| next.b4)
      (= next.|p5:3| next.r7)
      (= next.|p6:3| next.r8)
      (= next.|p7:3| next.r9)
      (= next.|in:2| next.|in:8|)
      (= next.|p1:2| next.b1)
      (= next.|p2:2| next.b2)
      (= next.|p3:2| next.b3)
      (= next.|p4:2| next.b4)
      (= next.|p5:2| next.r6)
      (= next.|p6:2| next.r8)
      (= next.|p7:2| next.r9)
      (= next.|in:1| next.|in:8|)
      (= next.|p1:1| next.b1)
      (= next.|p2:1| next.b2)
      (= next.|p3:1| next.b3)
      (= next.|p4:1| next.b4)
      (= next.|p5:1| next.r6)
      (= next.|p6:1| next.r7)
      (= next.|p7:1| next.r9)
      (= next.in next.|in:8|)
      (= next.p1 next.b1)
      (= next.p2 next.b2)
      (= next.p3 next.b3)
      (= next.p4 next.b4)
      (= next.p5 next.r6)
      (= next.p6 next.r7)
      (= next.p7 next.r8)))

(query
   TS
   (or |gal-initializing| prop))

[Lustre] Validating properties:
[Lustre] Property prop...
  [Sally][Unknown]
  [Sally][Timeout]
[Lustre] Summary:
  [Valid] 0
  [Unknown] 1
  [Invalid] 0
[Lustre] Model status: [Unknown]
