Sally Model
===========

(define-state-type
   S
   (
     (cabbage Int)
     (choice Int)
     (farmer Int)
     (goat Int)
     (historically Bool)
     (object Int)
     (prop Bool)
     (side Int)
     (solved Bool)
     (swap Int)
     (wellformed Bool)
     (wolf Int)
     (x Bool)
     (|cabbage:init| Bool)
     (|choice:1| Int)
     (|choice:2| Int)
     (|choice:3| Int)
     (|farmer:init| Bool)
     (|gal-initializing| Bool)
     (|goat:init| Bool)
     (|init_pre_historically:init| Bool)
     (|init_pre_historically| Bool)
     (|nothing_eaten| Bool)
     (|object:1| Int)
     (|object:2| Int)
     (|pre_cabbage| Int)
     (|pre_choice:1| Int)
     (|pre_choice:2| Int)
     (|pre_choice| Int)
     (|pre_goat| Int)
     (|pre_historically| Bool)
     (|pre_swap:1| Int)
     (|pre_swap:2| Int)
     (|pre_swap:3| Int)
     (|pre_swap| Int)
     (|pre_wolf| Int)
     (|side:1| Int)
     (|side:2| Int)
     (|side:3| Int)
     (|swap:1| Int)
     (|swap:2| Int)
     (|swap:3| Int)
     (|wolf:init| Bool))
   (
     (|choice:3| Int)))
(define-transition-system
   TS
   S
   (and
      (= |gal-initializing| true)
      (= |wolf:init| true)
      (= |goat:init| true)
      (= |cabbage:init| true)
      (= |farmer:init| true)
      (= |init_pre_historically:init| true))
   (and
      (= next.|gal-initializing| false)
      (= next.|choice:3| input.|choice:3|)
      (= next.|object:2| 1)
      (= next.|pre_choice:2| state.|choice:2|)
      (= next.|pre_swap:3| state.|swap:2|)
      (= next.|pre_wolf| state.wolf)
      (ite
         state.|wolf:init|
         (= next.wolf 0)
         (=
            next.wolf
            (ite
               (= next.|pre_choice:2| next.|object:2|)
               next.|pre_swap:3|
               next.|pre_wolf|)))
      (= next.|wolf:init| false)
      (= next.|object:1| 2)
      (= next.|pre_choice:1| state.|choice:1|)
      (= next.|pre_swap:2| state.|swap:1|)
      (= next.|pre_goat| state.goat)
      (ite
         state.|goat:init|
         (= next.goat 0)
         (=
            next.goat
            (ite
               (= next.|pre_choice:1| next.|object:1|)
               next.|pre_swap:2|
               next.|pre_goat|)))
      (= next.|goat:init| false)
      (= next.object 3)
      (= next.|pre_choice| state.choice)
      (= next.|pre_swap:1| state.swap)
      (= next.|pre_cabbage| state.cabbage)
      (ite
         state.|cabbage:init|
         (= next.cabbage 0)
         (=
            next.cabbage
            (ite
               (= next.|pre_choice| next.object)
               next.|pre_swap:1|
               next.|pre_cabbage|)))
      (= next.|cabbage:init| false)
      (= next.|pre_swap| state.|swap:3|)
      (ite
         state.|farmer:init|
         (= next.farmer 0)
         (= next.farmer next.|pre_swap|))
      (= next.|farmer:init| false)
      (=
         next.solved
         (and
            (= next.wolf 1)
            (= next.goat 1)
            (= next.cabbage 1)
            (= next.farmer 1)))
      (=
         next.|nothing_eaten|
         (and
            (=>
               (= next.wolf next.goat)
               (= next.farmer next.goat))
            (=>
               (= next.goat next.cabbage)
               (= next.farmer next.cabbage))))
      (=
         next.wellformed
         (and
            (=>
               (= next.|choice:3| 1)
               (= next.farmer next.wolf))
            (=>
               (= next.|choice:3| 2)
               (= next.farmer next.goat))
            (=>
               (= next.|choice:3| 3)
               (= next.farmer next.cabbage))))
      (=
         next.x
         (and next.|nothing_eaten| next.wellformed))
      (= next.|pre_historically| state.historically)
      (ite
         state.|init_pre_historically:init|
         (= next.|init_pre_historically| true)
         (= next.|init_pre_historically| next.|pre_historically|))
      (= next.|init_pre_historically:init| false)
      (=
         next.historically
         (and next.x next.|init_pre_historically|))
      (=
         next.prop
         (not
            (and next.historically next.solved)))
      (= next.|side:3| next.farmer)
      (=
         next.|swap:3|
         (ite
            (= next.|side:3| 0)
            1
            0))
      (= next.|choice:2| next.|choice:3|)
      (= next.|side:2| next.wolf)
      (=
         next.|swap:2|
         (ite
            (= next.|side:2| 0)
            1
            0))
      (= next.|choice:1| next.|choice:3|)
      (= next.|side:1| next.goat)
      (=
         next.|swap:1|
         (ite
            (= next.|side:1| 0)
            1
            0))
      (= next.choice next.|choice:3|)
      (= next.side next.cabbage)
      (=
         next.swap
         (ite
            (= next.side 0)
            1
            0))))

(query
   TS
   (or |gal-initializing| prop))

[Lustre] Validating properties:
[Lustre] Property prop...
  [Sally][Invalid]
[Trace] 
prop:
 Step | choice | |-> | wolf | goat | cabbage | farmer 
------+--------+-----+------+------+---------+--------
 1    | 2      |     | 0    | 0    | 0       | 0      
 2    | -864   |     | 0    | 1    | 0       | 1      
 3    | 3      |     | 0    | 1    | 0       | 0      
 4    | 2      |     | 0    | 1    | 1       | 1      
 5    | 1      |     | 0    | 0    | 1       | 0      
 6    | 735    |     | 1    | 0    | 1       | 1      
 7    | 2      |     | 1    | 0    | 1       | 0      
 8    | 1098   |     | 1    | 1    | 1       | 1      

[Lustre] Model status: [Invalid]
