[Lustre] Loading settings from: "missionaries-and-cannibals.lus.settings"
Sally Model
===========

(define-state-type
   S
   (
     (ITE Bool)
     (c Int)
     (cex Bool)
     (m Int)
     (safe Bool)
     (|boat_on_left_bank:init| Bool)
     (|boat_on_left_bank| Bool)
     (|c:1| Int)
     (|c:2| Int)
     (|c:3| Int)
     (|c:4| Int)
     (|conservation_cannibals| Bool)
     (|conservation_missionaries| Bool)
     (|dst.c:1| Int)
     (|dst.c| Int)
     (|dst.m:1| Int)
     (|dst.m| Int)
     (|ferry_left.left.c| Int)
     (|ferry_left.left.m| Int)
     (|ferry_left.right.c| Int)
     (|ferry_left.right.m| Int)
     (|ferry_right.left.c| Int)
     (|ferry_right.left.m| Int)
     (|ferry_right.right.c| Int)
     (|ferry_right.right.m| Int)
     (|gal-initializing| Bool)
     (|m:1| Int)
     (|m:2| Int)
     (|m:3| Int)
     (|m:4| Int)
     (|pre_boat_on_left_bank:1| Bool)
     (|pre_boat_on_left_bank:2| Bool)
     (|pre_boat_on_left_bank:3| Bool)
     (|pre_boat_on_left_bank:4| Bool)
     (|pre_boat_on_left_bank| Bool)
     (|s.left.c:1| Int)
     (|s.left.c:2| Int)
     (|s.left.c:init| Bool)
     (|s.left.c| Int)
     (|s.left.m:1| Int)
     (|s.left.m:2| Int)
     (|s.left.m:init| Bool)
     (|s.left.m| Int)
     (|s.right.c:1| Int)
     (|s.right.c:2| Int)
     (|s.right.c:init| Bool)
     (|s.right.c| Int)
     (|s.right.m:1| Int)
     (|s.right.m:2| Int)
     (|s.right.m:init| Bool)
     (|s.right.m| Int)
     (|safe:1| Bool)
     (|safety_missionaries| Bool)
     (|src.c:1| Int)
     (|src.c| Int)
     (|src.m:1| Int)
     (|src.m| Int))
   (
     (|c:4| Int)
     (|m:4| Int)))
(define-transition-system
   TS
   S
   (and
      (= |gal-initializing| true)
      (= |boat_on_left_bank:init| true)
      (= |s.left.m:init| true)
      (= |s.right.m:init| true)
      (= |s.left.c:init| true)
      (= |s.right.c:init| true))
   (and
      (= next.|gal-initializing| false)
      (= next.|m:4| input.|m:4|)
      (= next.|c:4| input.|c:4|)
      next.ITE
      (= next.|pre_boat_on_left_bank:4| state.|boat_on_left_bank|)
      (ite
         state.|boat_on_left_bank:init|
         (= next.|boat_on_left_bank| true)
         (=
            next.|boat_on_left_bank|
            (not next.|pre_boat_on_left_bank:4|)))
      (= next.|boat_on_left_bank:init| false)
      (= next.|s.left.m:2| state.|s.left.m|)
      (= next.|m:3| state.|m:4|)
      (=
         next.|ferry_left.left.m|
         (+ next.|s.left.m:2| next.|m:3|))
      (= next.|s.left.m:1| state.|s.left.m|)
      (= next.|m:2| state.|m:4|)
      (=
         next.|ferry_right.left.m|
         (- next.|s.left.m:1| next.|m:2|))
      (= next.|pre_boat_on_left_bank:3| state.|boat_on_left_bank|)
      (ite
         state.|s.left.m:init|
         (= next.|s.left.m| 3)
         (=
            next.|s.left.m|
            (ite next.|pre_boat_on_left_bank:3| next.|ferry_right.left.m| next.|ferry_left.left.m|)))
      (= next.|s.left.m:init| false)
      (= next.|s.right.m:2| state.|s.right.m|)
      (=
         next.|ferry_left.right.m|
         (- next.|s.right.m:2| next.|m:3|))
      (= next.|s.right.m:1| state.|s.right.m|)
      (=
         next.|ferry_right.right.m|
         (+ next.|s.right.m:1| next.|m:2|))
      (= next.|pre_boat_on_left_bank:2| state.|boat_on_left_bank|)
      (ite
         state.|s.right.m:init|
         (= next.|s.right.m| 0)
         (=
            next.|s.right.m|
            (ite next.|pre_boat_on_left_bank:2| next.|ferry_right.right.m| next.|ferry_left.right.m|)))
      (= next.|s.right.m:init| false)
      (=
         next.|conservation_missionaries|
         (=
            (+ next.|s.left.m| next.|s.right.m|)
            3))
      (= next.|s.left.c:2| state.|s.left.c|)
      (= next.|c:3| state.|c:4|)
      (=
         next.|ferry_left.left.c|
         (+ next.|s.left.c:2| next.|c:3|))
      (= next.|s.left.c:1| state.|s.left.c|)
      (= next.|c:2| state.|c:4|)
      (=
         next.|ferry_right.left.c|
         (- next.|s.left.c:1| next.|c:2|))
      (= next.|pre_boat_on_left_bank:1| state.|boat_on_left_bank|)
      (ite
         state.|s.left.c:init|
         (= next.|s.left.c| 3)
         (=
            next.|s.left.c|
            (ite next.|pre_boat_on_left_bank:1| next.|ferry_right.left.c| next.|ferry_left.left.c|)))
      (= next.|s.left.c:init| false)
      (= next.|s.right.c:2| state.|s.right.c|)
      (=
         next.|ferry_left.right.c|
         (- next.|s.right.c:2| next.|c:3|))
      (= next.|s.right.c:1| state.|s.right.c|)
      (=
         next.|ferry_right.right.c|
         (+ next.|s.right.c:1| next.|c:2|))
      (= next.|pre_boat_on_left_bank| state.|boat_on_left_bank|)
      (ite
         state.|s.right.c:init|
         (= next.|s.right.c| 0)
         (=
            next.|s.right.c|
            (ite next.|pre_boat_on_left_bank| next.|ferry_right.right.c| next.|ferry_left.right.c|)))
      (= next.|s.right.c:init| false)
      (=
         next.|conservation_cannibals|
         (=
            (+ next.|s.left.c| next.|s.right.c|)
            3))
      (=
         next.|safety_missionaries|
         (and
            (or
               (<= next.|s.left.c| next.|s.left.m|)
               (= next.|s.left.m| 0))
            (or
               (<= next.|s.right.c| next.|s.right.m|)
               (= next.|s.right.m| 0))))
      (=
         next.cex
         (not
            (and
               (= next.|s.right.m| 3)
               (= next.|s.right.c| 3))))
      (= next.|src.m:1| next.|s.left.m|)
      (= next.|src.c:1| next.|s.left.c|)
      (= next.|dst.m:1| next.|s.right.m|)
      (= next.|dst.c:1| next.|s.right.c|)
      (= next.|m:1| next.|m:4|)
      (= next.|c:1| next.|c:4|)
      (=
         next.|safe:1|
         (and
            (<= 0 next.|m:1|)
            (<= 0 next.|c:1|)
            (<=
               1
               (+ next.|m:1| next.|c:1|))
            (<=
               (+ next.|m:1| next.|c:1|)
               2)
            (<= next.|m:1| next.|src.m:1|)
            (<= next.|c:1| next.|src.c:1|)
            (or
               (<=
                  (- next.|src.c:1| next.|c:1|)
                  (- next.|src.m:1| next.|m:1|))
               (= next.|src.m:1| next.|m:1|))
            (or
               (<=
                  (+ next.|dst.c:1| next.|c:1|)
                  (+ next.|dst.m:1| next.|m:1|))
               (=
                  (+ next.|dst.m:1| next.|m:1|)
                  0))))
      (= next.|src.m| next.|s.right.m|)
      (= next.|src.c| next.|s.right.c|)
      (= next.|dst.m| next.|s.left.m|)
      (= next.|dst.c| next.|s.left.c|)
      (= next.m next.|m:4|)
      (= next.c next.|c:4|)
      (=
         next.safe
         (and
            (<= 0 next.m)
            (<= 0 next.c)
            (<=
               1
               (+ next.m next.c))
            (<=
               (+ next.m next.c)
               2)
            (<= next.m next.|src.m|)
            (<= next.c next.|src.c|)
            (or
               (<=
                  (- next.|src.c| next.c)
                  (- next.|src.m| next.m))
               (= next.|src.m| next.m))
            (or
               (<=
                  (+ next.|dst.c| next.c)
                  (+ next.|dst.m| next.m))
               (=
                  (+ next.|dst.m| next.m)
                  0))))
      (=
         next.ITE
         (ite next.|boat_on_left_bank| next.|safe:1| next.safe))))

(query
   TS
   (or |gal-initializing| cex))
(query
   TS
   (or |gal-initializing| |safety_missionaries|))
(query
   TS
   (or |gal-initializing| |conservation_cannibals|))
(query
   TS
   (or |gal-initializing| |conservation_missionaries|))

[Lustre] Validating properties:
[Lustre] Property cex...
  [Sally][Invalid]
[Trace] 
cex:
 Step | m | c | |-> 
------+---+---+-----
 1    | 0 | 2 |     
 2    | 0 | 1 |     
 3    | 0 | 2 |     
 4    | 0 | 1 |     
 5    | 2 | 0 |     
 6    | 1 | 1 |     
 7    | 2 | 0 |     
 8    | 0 | 1 |     
 9    | 0 | 2 |     
 10   | 0 | 1 |     
 11   | 0 | 2 |     
 12   | 0 | 1 |     

[Lustre] Property safety_missionaries...
  [Sally][Valid] using 1 past state
[Lustre] Property conservation_cannibals...
  [Sally][Valid] using 1 past state
[Lustre] Property conservation_missionaries...
  [Sally][Valid] using 1 past state
[Lustre] Model status: [Invalid]
