[Lustre] Loading model from: "submode.lus"
Sally Model
===========

(define-state-type
   S
   (
     (|APPR_Switch_Pressed_Clears_LAPPR| Bool)
     (|APPR_Switch_Pressed_Selects_LAPPR| Bool)
     (|APPR_Switch| Bool)
     (|LAPPR_Active_When_Capture_Cond_Met:init| Bool)
     (|LAPPR_Active_When_Capture_Cond_Met| Bool)
     (|LAPPR_Active| Bool)
     (|LAPPR_Capture_Cond_Met| Bool)
     (|LAPPR_Selected_If_LAPPR_Active| Bool)
     (|LAPPR_Selected| Bool)
     (|LAPPR_main_rlt__ARROW:init| Bool)
     (|LAPPR_main_rlt__ARROW| Bool)
     (|LAPPR_main_rlt_state_in_rlt_chart_data_outports_LAPPR_Active:init| Bool)
     (|LAPPR_main_rlt_state_in_rlt_chart_data_outports_LAPPR_Active| Bool)
     (|LAPPR_main_rlt_state_in_rlt_chart_data_outports_LAPPR_Selected:init| Bool)
     (|LAPPR_main_rlt_state_in_rlt_chart_data_outports_LAPPR_Selected| Bool)
     (|LAPPR_main_rlt_state_in_rlt_chart_data_states_LAPPR:init| Bool)
     (|LAPPR_main_rlt_state_in_rlt_chart_data_states_LAPPR_LAPPR:init| Bool)
     (|LAPPR_main_rlt_state_in_rlt_chart_data_states_LAPPR_LAPPR_SELECTED:init| Bool)
     (|LAPPR_main_rlt_state_in_rlt_chart_data_states_LAPPR_LAPPR_SELECTED| Int)
     (|LAPPR_main_rlt_state_in_rlt_chart_data_states_LAPPR_LAPPR| Int)
     (|LAPPR_main_rlt_state_in_rlt_chart_data_states_LAPPR| Int)
     (|LAPPR_main_simp_rlt_node_state15_rlt_chart_data_outports_LAPPR_Active| Bool)
     (|LAPPR_main_simp_rlt_node_state15_rlt_chart_data_outports_LAPPR_Selected| Bool)
     (|LAPPR_main_simp_rlt_node_state15_rlt_chart_data_states_LAPPR_LAPPR_SELECTED| Int)
     (|LAPPR_main_simp_rlt_node_state15_rlt_chart_data_states_LAPPR_LAPPR| Int)
     (|LAPPR_main_simp_rlt_node_state18_rlt_chart_data_outports_LAPPR_Active| Bool)
     (|LAPPR_main_simp_rlt_node_state18_rlt_chart_data_states_LAPPR_LAPPR_SELECTED| Int)
     (|LAPPR_main_simp_rlt_node_state19_rlt_chart_data_outports_LAPPR_Active| Bool)
     (|LAPPR_main_simp_rlt_node_state19_rlt_chart_data_states_LAPPR_LAPPR_SELECTED| Int)
     (|LAPPR_main_simp_rlt_node_state1_rlt_chart_data_outports_LAPPR_Active| Bool)
     (|LAPPR_main_simp_rlt_node_state1_rlt_chart_data_outports_LAPPR_Selected| Bool)
     (|LAPPR_main_simp_rlt_node_state1_rlt_chart_data_states_LAPPR_LAPPR_SELECTED| Int)
     (|LAPPR_main_simp_rlt_node_state1_rlt_chart_data_states_LAPPR_LAPPR| Int)
     (|LAPPR_main_simp_rlt_node_state1_rlt_chart_data_states_LAPPR| Int)
     (|LAPPR_main_simp_rlt_node_state20_rlt_chart_data_outports_LAPPR_Active| Bool)
     (|LAPPR_main_simp_rlt_node_state20_rlt_chart_data_outports_LAPPR_Selected| Bool)
     (|LAPPR_main_simp_rlt_node_state20_rlt_chart_data_states_LAPPR_LAPPR_SELECTED| Int)
     (|LAPPR_main_simp_rlt_node_state20_rlt_chart_data_states_LAPPR_LAPPR| Int)
     (|LAPPR_main_simp_rlt_node_state21_rlt_chart_data_outports_LAPPR_Active| Bool)
     (|LAPPR_main_simp_rlt_node_state21_rlt_chart_data_outports_LAPPR_Selected| Bool)
     (|LAPPR_main_simp_rlt_node_state21_rlt_chart_data_states_LAPPR_LAPPR_SELECTED| Int)
     (|LAPPR_main_simp_rlt_node_state21_rlt_chart_data_states_LAPPR_LAPPR| Int)
     (|LAPPR_main_simp_rlt_node_state25_rlt_chart_data_outports_LAPPR_Selected| Bool)
     (|LAPPR_main_simp_rlt_node_state25_rlt_chart_data_states_LAPPR_LAPPR_SELECTED| Int)
     (|LAPPR_main_simp_rlt_node_state25_rlt_chart_data_states_LAPPR_LAPPR| Int)
     (|LAPPR_main_simp_rlt_node_state26_rlt_chart_data_outports_LAPPR_Selected| Bool)
     (|LAPPR_main_simp_rlt_node_state26_rlt_chart_data_states_LAPPR_LAPPR_SELECTED| Int)
     (|LAPPR_main_simp_rlt_node_state26_rlt_chart_data_states_LAPPR_LAPPR| Int)
     (|LAPPR_main_simp_rlt_node_state27_rlt_chart_data_outports_LAPPR_Active| Bool)
     (|LAPPR_main_simp_rlt_node_state27_rlt_chart_data_outports_LAPPR_Selected| Bool)
     (|LAPPR_main_simp_rlt_node_state27_rlt_chart_data_states_LAPPR_LAPPR_SELECTED| Int)
     (|LAPPR_main_simp_rlt_node_state27_rlt_chart_data_states_LAPPR_LAPPR| Int)
     (|LAPPR_main_simp_rlt_node_state28_rlt_chart_data_outports_LAPPR_Active| Bool)
     (|LAPPR_main_simp_rlt_node_state28_rlt_chart_data_outports_LAPPR_Selected| Bool)
     (|LAPPR_main_simp_rlt_node_state28_rlt_chart_data_states_LAPPR_LAPPR_SELECTED| Int)
     (|LAPPR_main_simp_rlt_node_state28_rlt_chart_data_states_LAPPR_LAPPR| Int)
     (|LAPPR_main_simp_rlt_node_state31_rlt_chart_data_outports_LAPPR_Active| Bool)
     (|LAPPR_main_simp_rlt_node_state31_rlt_chart_data_outports_LAPPR_Selected| Bool)
     (|LAPPR_main_simp_rlt_node_state31_rlt_chart_data_states_LAPPR_LAPPR_SELECTED| Int)
     (|LAPPR_main_simp_rlt_node_state31_rlt_chart_data_states_LAPPR_LAPPR| Int)
     (|LAPPR_main_simp_rlt_node_state31_rlt_chart_data_states_LAPPR| Int)
     (|LAPPR_main_simp_rlt_node_state4_rlt_chart_data_outports_LAPPR_Active| Bool)
     (|LAPPR_main_simp_rlt_node_state4_rlt_chart_data_states_LAPPR_LAPPR_SELECTED| Int)
     (|LAPPR_main_simp_rlt_node_state6_rlt_chart_data_states_LAPPR_LAPPR_SELECTED| Int)
     (|New_Lateral_Mode_Activated| Bool)
     (|RISING_p2:init| Bool)
     (|RISING_p2| Bool)
     (|SubmodeExample_RISING_Logical_Operator1| Bool)
     (|SubmodeExample_RISING_Logical_Operator2| Bool)
     (|SubmodeExample_RISING_Unit_Delay:init| Bool)
     (|SubmodeExample_RISING_Unit_Delay| Bool)
     (|gal-initializing| Bool)
     (|pre_APPR_Switch:1| Bool)
     (|pre_APPR_Switch| Bool)
     (|pre_LAPPR_Active| Bool)
     (|pre_LAPPR_Selected:1| Bool)
     (|pre_LAPPR_Selected:2| Bool)
     (|pre_LAPPR_Selected| Bool)
     (|pre_LAPPR_main_simp_rlt_node_state31_rlt_chart_data_outports_LAPPR_Active| Bool)
     (|pre_LAPPR_main_simp_rlt_node_state31_rlt_chart_data_outports_LAPPR_Selected| Bool)
     (|pre_LAPPR_main_simp_rlt_node_state31_rlt_chart_data_states_LAPPR_LAPPR_SELECTED| Int)
     (|pre_LAPPR_main_simp_rlt_node_state31_rlt_chart_data_states_LAPPR_LAPPR| Int)
     (|pre_LAPPR_main_simp_rlt_node_state31_rlt_chart_data_states_LAPPR| Int))
   (
     (|APPR_Switch| Bool)
     (|LAPPR_Capture_Cond_Met| Bool)
     (|New_Lateral_Mode_Activated| Bool)))
(define-transition-system
   TS
   S
   (and
      (= |gal-initializing| true)
      (= |LAPPR_main_rlt_state_in_rlt_chart_data_states_LAPPR:init| true)
      (= |LAPPR_main_rlt__ARROW:init| true)
      (= |LAPPR_main_rlt_state_in_rlt_chart_data_outports_LAPPR_Selected:init| true)
      (= |LAPPR_main_rlt_state_in_rlt_chart_data_states_LAPPR_LAPPR:init| true)
      (= |SubmodeExample_RISING_Unit_Delay:init| true)
      (= |LAPPR_main_rlt_state_in_rlt_chart_data_states_LAPPR_LAPPR_SELECTED:init| true)
      (= |LAPPR_main_rlt_state_in_rlt_chart_data_outports_LAPPR_Active:init| true)
      (= |RISING_p2:init| true)
      (= |LAPPR_Active_When_Capture_Cond_Met:init| true))
   (and
      (= next.|gal-initializing| false)
      (= next.|APPR_Switch| input.|APPR_Switch|)
      (= next.|LAPPR_Capture_Cond_Met| input.|LAPPR_Capture_Cond_Met|)
      (= next.|New_Lateral_Mode_Activated| input.|New_Lateral_Mode_Activated|)
      (= next.|pre_LAPPR_main_simp_rlt_node_state31_rlt_chart_data_states_LAPPR| state.|LAPPR_main_simp_rlt_node_state31_rlt_chart_data_states_LAPPR|)
      (ite
         state.|LAPPR_main_rlt_state_in_rlt_chart_data_states_LAPPR:init|
         (= next.|LAPPR_main_rlt_state_in_rlt_chart_data_states_LAPPR| 0)
         (= next.|LAPPR_main_rlt_state_in_rlt_chart_data_states_LAPPR| next.|pre_LAPPR_main_simp_rlt_node_state31_rlt_chart_data_states_LAPPR|))
      (= next.|LAPPR_main_rlt_state_in_rlt_chart_data_states_LAPPR:init| false)
      (ite
         state.|LAPPR_main_rlt__ARROW:init|
         (= next.|LAPPR_main_rlt__ARROW| true)
         (= next.|LAPPR_main_rlt__ARROW| false))
      (= next.|LAPPR_main_rlt__ARROW:init| false)
      (=
         next.|LAPPR_main_simp_rlt_node_state1_rlt_chart_data_states_LAPPR|
         (ite next.|LAPPR_main_rlt__ARROW| 0 next.|LAPPR_main_rlt_state_in_rlt_chart_data_states_LAPPR|))
      (= next.|pre_LAPPR_main_simp_rlt_node_state31_rlt_chart_data_outports_LAPPR_Selected| state.|LAPPR_main_simp_rlt_node_state31_rlt_chart_data_outports_LAPPR_Selected|)
      (ite
         state.|LAPPR_main_rlt_state_in_rlt_chart_data_outports_LAPPR_Selected:init|
         (= next.|LAPPR_main_rlt_state_in_rlt_chart_data_outports_LAPPR_Selected| false)
         (= next.|LAPPR_main_rlt_state_in_rlt_chart_data_outports_LAPPR_Selected| next.|pre_LAPPR_main_simp_rlt_node_state31_rlt_chart_data_outports_LAPPR_Selected|))
      (= next.|LAPPR_main_rlt_state_in_rlt_chart_data_outports_LAPPR_Selected:init| false)
      (=
         next.|LAPPR_main_simp_rlt_node_state1_rlt_chart_data_outports_LAPPR_Selected|
         (and
            (not next.|LAPPR_main_rlt__ARROW|)
            next.|LAPPR_main_rlt_state_in_rlt_chart_data_outports_LAPPR_Selected|))
      (= next.|pre_LAPPR_main_simp_rlt_node_state31_rlt_chart_data_states_LAPPR_LAPPR| state.|LAPPR_main_simp_rlt_node_state31_rlt_chart_data_states_LAPPR_LAPPR|)
      (ite
         state.|LAPPR_main_rlt_state_in_rlt_chart_data_states_LAPPR_LAPPR:init|
         (= next.|LAPPR_main_rlt_state_in_rlt_chart_data_states_LAPPR_LAPPR| 0)
         (= next.|LAPPR_main_rlt_state_in_rlt_chart_data_states_LAPPR_LAPPR| next.|pre_LAPPR_main_simp_rlt_node_state31_rlt_chart_data_states_LAPPR_LAPPR|))
      (= next.|LAPPR_main_rlt_state_in_rlt_chart_data_states_LAPPR_LAPPR:init| false)
      (=
         next.|LAPPR_main_simp_rlt_node_state1_rlt_chart_data_states_LAPPR_LAPPR|
         (ite next.|LAPPR_main_rlt__ARROW| 0 next.|LAPPR_main_rlt_state_in_rlt_chart_data_states_LAPPR_LAPPR|))
      (= next.|pre_APPR_Switch:1| state.|APPR_Switch|)
      (ite
         state.|SubmodeExample_RISING_Unit_Delay:init|
         (= next.|SubmodeExample_RISING_Unit_Delay| false)
         (= next.|SubmodeExample_RISING_Unit_Delay| next.|pre_APPR_Switch:1|))
      (= next.|SubmodeExample_RISING_Unit_Delay:init| false)
      (=
         next.|SubmodeExample_RISING_Logical_Operator2|
         (not next.|SubmodeExample_RISING_Unit_Delay|))
      (=
         next.|SubmodeExample_RISING_Logical_Operator1|
         (and next.|SubmodeExample_RISING_Logical_Operator2| next.|APPR_Switch|))
      (=
         next.|LAPPR_main_simp_rlt_node_state25_rlt_chart_data_outports_LAPPR_Selected|
         (or next.|SubmodeExample_RISING_Logical_Operator1| next.|LAPPR_main_simp_rlt_node_state1_rlt_chart_data_outports_LAPPR_Selected|))
      (=
         next.|LAPPR_main_simp_rlt_node_state26_rlt_chart_data_outports_LAPPR_Selected|
         (ite
            (= next.|LAPPR_main_simp_rlt_node_state1_rlt_chart_data_states_LAPPR_LAPPR| 2)
            next.|LAPPR_main_simp_rlt_node_state25_rlt_chart_data_outports_LAPPR_Selected|
            next.|LAPPR_main_simp_rlt_node_state1_rlt_chart_data_outports_LAPPR_Selected|))
      (= next.|pre_LAPPR_main_simp_rlt_node_state31_rlt_chart_data_states_LAPPR_LAPPR_SELECTED| state.|LAPPR_main_simp_rlt_node_state31_rlt_chart_data_states_LAPPR_LAPPR_SELECTED|)
      (ite
         state.|LAPPR_main_rlt_state_in_rlt_chart_data_states_LAPPR_LAPPR_SELECTED:init|
         (= next.|LAPPR_main_rlt_state_in_rlt_chart_data_states_LAPPR_LAPPR_SELECTED| 0)
         (= next.|LAPPR_main_rlt_state_in_rlt_chart_data_states_LAPPR_LAPPR_SELECTED| next.|pre_LAPPR_main_simp_rlt_node_state31_rlt_chart_data_states_LAPPR_LAPPR_SELECTED|))
      (= next.|LAPPR_main_rlt_state_in_rlt_chart_data_states_LAPPR_LAPPR_SELECTED:init| false)
      (=
         next.|LAPPR_main_simp_rlt_node_state1_rlt_chart_data_states_LAPPR_LAPPR_SELECTED|
         (ite next.|LAPPR_main_rlt__ARROW| 0 next.|LAPPR_main_rlt_state_in_rlt_chart_data_states_LAPPR_LAPPR_SELECTED|))
      (=
         next.|LAPPR_main_simp_rlt_node_state15_rlt_chart_data_outports_LAPPR_Selected|
         (and
            (not next.|New_Lateral_Mode_Activated|)
            next.|LAPPR_main_simp_rlt_node_state1_rlt_chart_data_outports_LAPPR_Selected|))
      (=
         next.|LAPPR_main_simp_rlt_node_state20_rlt_chart_data_outports_LAPPR_Selected|
         (ite
            (= next.|LAPPR_main_simp_rlt_node_state1_rlt_chart_data_states_LAPPR_LAPPR_SELECTED| 1)
            next.|LAPPR_main_simp_rlt_node_state15_rlt_chart_data_outports_LAPPR_Selected|
            next.|LAPPR_main_simp_rlt_node_state1_rlt_chart_data_outports_LAPPR_Selected|))
      (=
         next.|LAPPR_main_simp_rlt_node_state21_rlt_chart_data_outports_LAPPR_Selected|
         (and
            (not next.|SubmodeExample_RISING_Logical_Operator1|)
            next.|LAPPR_main_simp_rlt_node_state20_rlt_chart_data_outports_LAPPR_Selected|))
      (=
         next.|LAPPR_main_simp_rlt_node_state27_rlt_chart_data_outports_LAPPR_Selected|
         (ite
            (= next.|LAPPR_main_simp_rlt_node_state1_rlt_chart_data_states_LAPPR_LAPPR| 1)
            next.|LAPPR_main_simp_rlt_node_state21_rlt_chart_data_outports_LAPPR_Selected|
            next.|LAPPR_main_simp_rlt_node_state26_rlt_chart_data_outports_LAPPR_Selected|))
      (=
         next.|LAPPR_main_simp_rlt_node_state28_rlt_chart_data_outports_LAPPR_Selected|
         (ite
            (= next.|LAPPR_main_simp_rlt_node_state1_rlt_chart_data_states_LAPPR| 1)
            next.|LAPPR_main_simp_rlt_node_state27_rlt_chart_data_outports_LAPPR_Selected|
            next.|LAPPR_main_simp_rlt_node_state1_rlt_chart_data_outports_LAPPR_Selected|))
      (=
         next.|LAPPR_main_simp_rlt_node_state31_rlt_chart_data_outports_LAPPR_Selected|
         (ite
            (not
               (= next.|LAPPR_main_simp_rlt_node_state1_rlt_chart_data_states_LAPPR| 0))
            next.|LAPPR_main_simp_rlt_node_state28_rlt_chart_data_outports_LAPPR_Selected|
            next.|LAPPR_main_simp_rlt_node_state1_rlt_chart_data_outports_LAPPR_Selected|))
      (= next.|LAPPR_Selected| next.|LAPPR_main_simp_rlt_node_state31_rlt_chart_data_outports_LAPPR_Selected|)
      (= next.|pre_LAPPR_main_simp_rlt_node_state31_rlt_chart_data_outports_LAPPR_Active| state.|LAPPR_main_simp_rlt_node_state31_rlt_chart_data_outports_LAPPR_Active|)
      (ite
         state.|LAPPR_main_rlt_state_in_rlt_chart_data_outports_LAPPR_Active:init|
         (= next.|LAPPR_main_rlt_state_in_rlt_chart_data_outports_LAPPR_Active| false)
         (= next.|LAPPR_main_rlt_state_in_rlt_chart_data_outports_LAPPR_Active| next.|pre_LAPPR_main_simp_rlt_node_state31_rlt_chart_data_outports_LAPPR_Active|))
      (= next.|LAPPR_main_rlt_state_in_rlt_chart_data_outports_LAPPR_Active:init| false)
      (=
         next.|LAPPR_main_simp_rlt_node_state1_rlt_chart_data_outports_LAPPR_Active|
         (and
            (not next.|LAPPR_main_rlt__ARROW|)
            next.|LAPPR_main_rlt_state_in_rlt_chart_data_outports_LAPPR_Active|))
      (=
         next.|LAPPR_main_simp_rlt_node_state18_rlt_chart_data_outports_LAPPR_Active|
         (or next.|LAPPR_Capture_Cond_Met| next.|LAPPR_main_simp_rlt_node_state1_rlt_chart_data_outports_LAPPR_Active|))
      (=
         next.|LAPPR_main_simp_rlt_node_state19_rlt_chart_data_outports_LAPPR_Active|
         (ite
            (= next.|LAPPR_main_simp_rlt_node_state1_rlt_chart_data_states_LAPPR_LAPPR_SELECTED| 2)
            next.|LAPPR_main_simp_rlt_node_state18_rlt_chart_data_outports_LAPPR_Active|
            next.|LAPPR_main_simp_rlt_node_state1_rlt_chart_data_outports_LAPPR_Active|))
      (=
         next.|LAPPR_main_simp_rlt_node_state15_rlt_chart_data_outports_LAPPR_Active|
         (and
            (not next.|New_Lateral_Mode_Activated|)
            next.|LAPPR_main_simp_rlt_node_state1_rlt_chart_data_outports_LAPPR_Active|))
      (=
         next.|LAPPR_main_simp_rlt_node_state20_rlt_chart_data_outports_LAPPR_Active|
         (ite
            (= next.|LAPPR_main_simp_rlt_node_state1_rlt_chart_data_states_LAPPR_LAPPR_SELECTED| 1)
            next.|LAPPR_main_simp_rlt_node_state15_rlt_chart_data_outports_LAPPR_Active|
            next.|LAPPR_main_simp_rlt_node_state19_rlt_chart_data_outports_LAPPR_Active|))
      (=
         next.|LAPPR_main_simp_rlt_node_state4_rlt_chart_data_outports_LAPPR_Active|
         (and
            (not
               (= next.|LAPPR_main_simp_rlt_node_state1_rlt_chart_data_states_LAPPR_LAPPR_SELECTED| 1))
            next.|LAPPR_main_simp_rlt_node_state1_rlt_chart_data_outports_LAPPR_Active|))
      (=
         next.|LAPPR_main_simp_rlt_node_state21_rlt_chart_data_outports_LAPPR_Active|
         (ite next.|SubmodeExample_RISING_Logical_Operator1| next.|LAPPR_main_simp_rlt_node_state4_rlt_chart_data_outports_LAPPR_Active| next.|LAPPR_main_simp_rlt_node_state20_rlt_chart_data_outports_LAPPR_Active|))
      (=
         next.|LAPPR_main_simp_rlt_node_state27_rlt_chart_data_outports_LAPPR_Active|
         (ite
            (= next.|LAPPR_main_simp_rlt_node_state1_rlt_chart_data_states_LAPPR_LAPPR| 1)
            next.|LAPPR_main_simp_rlt_node_state21_rlt_chart_data_outports_LAPPR_Active|
            next.|LAPPR_main_simp_rlt_node_state1_rlt_chart_data_outports_LAPPR_Active|))
      (=
         next.|LAPPR_main_simp_rlt_node_state28_rlt_chart_data_outports_LAPPR_Active|
         (ite
            (= next.|LAPPR_main_simp_rlt_node_state1_rlt_chart_data_states_LAPPR| 1)
            next.|LAPPR_main_simp_rlt_node_state27_rlt_chart_data_outports_LAPPR_Active|
            next.|LAPPR_main_simp_rlt_node_state1_rlt_chart_data_outports_LAPPR_Active|))
      (=
         next.|LAPPR_main_simp_rlt_node_state31_rlt_chart_data_outports_LAPPR_Active|
         (ite
            (not
               (= next.|LAPPR_main_simp_rlt_node_state1_rlt_chart_data_states_LAPPR| 0))
            next.|LAPPR_main_simp_rlt_node_state28_rlt_chart_data_outports_LAPPR_Active|
            next.|LAPPR_main_simp_rlt_node_state1_rlt_chart_data_outports_LAPPR_Active|))
      (= next.|LAPPR_Active| next.|LAPPR_main_simp_rlt_node_state31_rlt_chart_data_outports_LAPPR_Active|)
      (= next.|pre_APPR_Switch| state.|APPR_Switch|)
      (ite
         state.|RISING_p2:init|
         (= next.|RISING_p2| false)
         (=
            next.|RISING_p2|
            (and
               (not next.|pre_APPR_Switch|)
               next.|APPR_Switch|)))
      (= next.|RISING_p2:init| false)
      (=
         next.|LAPPR_main_simp_rlt_node_state25_rlt_chart_data_states_LAPPR_LAPPR|
         (ite next.|SubmodeExample_RISING_Logical_Operator1| 1 next.|LAPPR_main_simp_rlt_node_state1_rlt_chart_data_states_LAPPR_LAPPR|))
      (=
         next.|LAPPR_main_simp_rlt_node_state26_rlt_chart_data_states_LAPPR_LAPPR|
         (ite
            (= next.|LAPPR_main_simp_rlt_node_state1_rlt_chart_data_states_LAPPR_LAPPR| 2)
            next.|LAPPR_main_simp_rlt_node_state25_rlt_chart_data_states_LAPPR_LAPPR|
            next.|LAPPR_main_simp_rlt_node_state1_rlt_chart_data_states_LAPPR_LAPPR|))
      (=
         next.|LAPPR_main_simp_rlt_node_state15_rlt_chart_data_states_LAPPR_LAPPR|
         (ite next.|New_Lateral_Mode_Activated| 2 next.|LAPPR_main_simp_rlt_node_state1_rlt_chart_data_states_LAPPR_LAPPR|))
      (=
         next.|LAPPR_main_simp_rlt_node_state20_rlt_chart_data_states_LAPPR_LAPPR|
         (ite
            (= next.|LAPPR_main_simp_rlt_node_state1_rlt_chart_data_states_LAPPR_LAPPR_SELECTED| 1)
            next.|LAPPR_main_simp_rlt_node_state15_rlt_chart_data_states_LAPPR_LAPPR|
            next.|LAPPR_main_simp_rlt_node_state1_rlt_chart_data_states_LAPPR_LAPPR|))
      (=
         next.|LAPPR_main_simp_rlt_node_state21_rlt_chart_data_states_LAPPR_LAPPR|
         (ite next.|SubmodeExample_RISING_Logical_Operator1| 2 next.|LAPPR_main_simp_rlt_node_state20_rlt_chart_data_states_LAPPR_LAPPR|))
      (=
         next.|LAPPR_main_simp_rlt_node_state27_rlt_chart_data_states_LAPPR_LAPPR|
         (ite
            (= next.|LAPPR_main_simp_rlt_node_state1_rlt_chart_data_states_LAPPR_LAPPR| 1)
            next.|LAPPR_main_simp_rlt_node_state21_rlt_chart_data_states_LAPPR_LAPPR|
            next.|LAPPR_main_simp_rlt_node_state26_rlt_chart_data_states_LAPPR_LAPPR|))
      (=
         next.|LAPPR_main_simp_rlt_node_state28_rlt_chart_data_states_LAPPR_LAPPR|
         (ite
            (= next.|LAPPR_main_simp_rlt_node_state1_rlt_chart_data_states_LAPPR| 1)
            next.|LAPPR_main_simp_rlt_node_state27_rlt_chart_data_states_LAPPR_LAPPR|
            next.|LAPPR_main_simp_rlt_node_state1_rlt_chart_data_states_LAPPR_LAPPR|))
      (=
         next.|LAPPR_main_simp_rlt_node_state25_rlt_chart_data_states_LAPPR_LAPPR_SELECTED|
         (ite next.|SubmodeExample_RISING_Logical_Operator1| 2 next.|LAPPR_main_simp_rlt_node_state1_rlt_chart_data_states_LAPPR_LAPPR_SELECTED|))
      (=
         next.|LAPPR_main_simp_rlt_node_state26_rlt_chart_data_states_LAPPR_LAPPR_SELECTED|
         (ite
            (= next.|LAPPR_main_simp_rlt_node_state1_rlt_chart_data_states_LAPPR_LAPPR| 2)
            next.|LAPPR_main_simp_rlt_node_state25_rlt_chart_data_states_LAPPR_LAPPR_SELECTED|
            next.|LAPPR_main_simp_rlt_node_state1_rlt_chart_data_states_LAPPR_LAPPR_SELECTED|))
      (=
         next.|LAPPR_main_simp_rlt_node_state18_rlt_chart_data_states_LAPPR_LAPPR_SELECTED|
         (ite next.|LAPPR_Capture_Cond_Met| 1 next.|LAPPR_main_simp_rlt_node_state1_rlt_chart_data_states_LAPPR_LAPPR_SELECTED|))
      (=
         next.|LAPPR_main_simp_rlt_node_state19_rlt_chart_data_states_LAPPR_LAPPR_SELECTED|
         (ite
            (= next.|LAPPR_main_simp_rlt_node_state1_rlt_chart_data_states_LAPPR_LAPPR_SELECTED| 2)
            next.|LAPPR_main_simp_rlt_node_state18_rlt_chart_data_states_LAPPR_LAPPR_SELECTED|
            next.|LAPPR_main_simp_rlt_node_state1_rlt_chart_data_states_LAPPR_LAPPR_SELECTED|))
      (=
         next.|LAPPR_main_simp_rlt_node_state15_rlt_chart_data_states_LAPPR_LAPPR_SELECTED|
         (ite next.|New_Lateral_Mode_Activated| 0 next.|LAPPR_main_simp_rlt_node_state1_rlt_chart_data_states_LAPPR_LAPPR_SELECTED|))
      (=
         next.|LAPPR_main_simp_rlt_node_state20_rlt_chart_data_states_LAPPR_LAPPR_SELECTED|
         (ite
            (= next.|LAPPR_main_simp_rlt_node_state1_rlt_chart_data_states_LAPPR_LAPPR_SELECTED| 1)
            next.|LAPPR_main_simp_rlt_node_state15_rlt_chart_data_states_LAPPR_LAPPR_SELECTED|
            next.|LAPPR_main_simp_rlt_node_state19_rlt_chart_data_states_LAPPR_LAPPR_SELECTED|))
      (=
         next.|LAPPR_main_simp_rlt_node_state4_rlt_chart_data_states_LAPPR_LAPPR_SELECTED|
         (ite
            (= next.|LAPPR_main_simp_rlt_node_state1_rlt_chart_data_states_LAPPR_LAPPR_SELECTED| 1)
            0
            next.|LAPPR_main_simp_rlt_node_state1_rlt_chart_data_states_LAPPR_LAPPR_SELECTED|))
      (=
         next.|LAPPR_main_simp_rlt_node_state6_rlt_chart_data_states_LAPPR_LAPPR_SELECTED|
         (ite
            (= next.|LAPPR_main_simp_rlt_node_state4_rlt_chart_data_states_LAPPR_LAPPR_SELECTED| 2)
            0
            next.|LAPPR_main_simp_rlt_node_state4_rlt_chart_data_states_LAPPR_LAPPR_SELECTED|))
      (=
         next.|LAPPR_main_simp_rlt_node_state21_rlt_chart_data_states_LAPPR_LAPPR_SELECTED|
         (ite next.|SubmodeExample_RISING_Logical_Operator1| next.|LAPPR_main_simp_rlt_node_state6_rlt_chart_data_states_LAPPR_LAPPR_SELECTED| next.|LAPPR_main_simp_rlt_node_state20_rlt_chart_data_states_LAPPR_LAPPR_SELECTED|))
      (=
         next.|LAPPR_main_simp_rlt_node_state27_rlt_chart_data_states_LAPPR_LAPPR_SELECTED|
         (ite
            (= next.|LAPPR_main_simp_rlt_node_state1_rlt_chart_data_states_LAPPR_LAPPR| 1)
            next.|LAPPR_main_simp_rlt_node_state21_rlt_chart_data_states_LAPPR_LAPPR_SELECTED|
            next.|LAPPR_main_simp_rlt_node_state26_rlt_chart_data_states_LAPPR_LAPPR_SELECTED|))
      (=
         next.|LAPPR_main_simp_rlt_node_state28_rlt_chart_data_states_LAPPR_LAPPR_SELECTED|
         (ite
            (= next.|LAPPR_main_simp_rlt_node_state1_rlt_chart_data_states_LAPPR| 1)
            next.|LAPPR_main_simp_rlt_node_state27_rlt_chart_data_states_LAPPR_LAPPR_SELECTED|
            next.|LAPPR_main_simp_rlt_node_state1_rlt_chart_data_states_LAPPR_LAPPR_SELECTED|))
      (=
         next.|LAPPR_main_simp_rlt_node_state31_rlt_chart_data_states_LAPPR_LAPPR|
         (ite
            (not
               (= next.|LAPPR_main_simp_rlt_node_state1_rlt_chart_data_states_LAPPR| 0))
            next.|LAPPR_main_simp_rlt_node_state28_rlt_chart_data_states_LAPPR_LAPPR|
            2))
      (=
         next.|LAPPR_main_simp_rlt_node_state31_rlt_chart_data_states_LAPPR|
         (ite
            (not
               (= next.|LAPPR_main_simp_rlt_node_state1_rlt_chart_data_states_LAPPR| 0))
            next.|LAPPR_main_simp_rlt_node_state1_rlt_chart_data_states_LAPPR|
            1))
      (=
         next.|LAPPR_main_simp_rlt_node_state31_rlt_chart_data_states_LAPPR_LAPPR_SELECTED|
         (ite
            (not
               (= next.|LAPPR_main_simp_rlt_node_state1_rlt_chart_data_states_LAPPR| 0))
            next.|LAPPR_main_simp_rlt_node_state28_rlt_chart_data_states_LAPPR_LAPPR_SELECTED|
            next.|LAPPR_main_simp_rlt_node_state1_rlt_chart_data_states_LAPPR_LAPPR_SELECTED|))
      (=
         next.|LAPPR_Selected_If_LAPPR_Active|
         (or
            (not next.|LAPPR_Active|)
            next.|LAPPR_Selected|))
      (= next.|pre_LAPPR_Selected:2| state.|LAPPR_Selected|)
      (=
         next.|APPR_Switch_Pressed_Selects_LAPPR|
         (or
            (not
               (and
                  (not next.|pre_LAPPR_Selected:2|)
                  next.|RISING_p2|))
            next.|LAPPR_Selected|))
      (= next.|pre_LAPPR_Selected:1| state.|LAPPR_Selected|)
      (= next.|pre_LAPPR_Active| state.|LAPPR_Active|)
      (ite
         state.|LAPPR_Active_When_Capture_Cond_Met:init|
         (= next.|LAPPR_Active_When_Capture_Cond_Met| true)
         (=
            next.|LAPPR_Active_When_Capture_Cond_Met|
            (or
               (not
                  (and
                     next.|pre_LAPPR_Selected:1|
                     (not next.|pre_LAPPR_Active|)
                     (not next.|RISING_p2|)
                     next.|LAPPR_Capture_Cond_Met|))
               next.|LAPPR_Active|)))
      (= next.|LAPPR_Active_When_Capture_Cond_Met:init| false)
      (= next.|pre_LAPPR_Selected| state.|LAPPR_Selected|)
      (=
         next.|APPR_Switch_Pressed_Clears_LAPPR|
         (or
            (not
               (and next.|pre_LAPPR_Selected| next.|RISING_p2|))
            (not next.|LAPPR_Selected|)))))

(query
   TS
   (or |gal-initializing| |APPR_Switch_Pressed_Clears_LAPPR|))
(query
   TS
   (or |gal-initializing| |LAPPR_Active_When_Capture_Cond_Met|))
(query
   TS
   (or |gal-initializing| |APPR_Switch_Pressed_Selects_LAPPR|))
(query
   TS
   (or |gal-initializing| |LAPPR_Selected_If_LAPPR_Active|))

[Lustre] Validating properties:
[Lustre] Property APPR_Switch_Pressed_Clears_LAPPR...
  [Sally][Unknown]
  [Sally][Unknown]
[Lustre] Property LAPPR_Active_When_Capture_Cond_Met...
  [Sally][Unknown]
  [Sally][Unknown]
[Lustre] Property APPR_Switch_Pressed_Selects_LAPPR...
  [Sally][Unknown]
  [Sally][Unknown]
[Lustre] Property LAPPR_Selected_If_LAPPR_Active...
  [Sally][Unknown]
  [Sally][Unknown]
[Lustre] Summary:
  [Valid] 0
  [Unknown] 4
  [Invalid] 0
[Lustre] Model status: [Unknown]
