[Lustre] Loading model from: "tower-of-hanoi.lus"
[Error] Parse error at 21:22

