[Lustre] Loading model from: "uf_complex.lus"
[Error] Parse error at 11:10

