[Lustre] Loading model from: "uf_nullary.lus"
[Error] Parse error at 7:10

