[Lustre] Loading model from: "uf_simple.lus"
[Error] Parse error at 8:6

