[Lustre] Loading model from: "poster1.lus"
Sally Model
===========

(define-state-type
   S
   (
     (in Int)
     (ok Bool)
     (out Int)
     (|gal-initializing| Bool))
   (
     (in Int)
     (out Int)))
(define-transition-system
   TS
   S
   (= |gal-initializing| true)
   (and
      (= next.|gal-initializing| false)
      (= next.in input.in)
      (= next.out input.out)
      (=
         next.ok
         (and
            (=
               next.out
               (* 2 next.in))
            (<= 0 next.out)))))

(query
   TS
   (or |gal-initializing| ok))

[Lustre] Validating properties:
[Lustre] Property ok...
  [Sally][Invalid]
[Trace] 
ok:
 Step | in | out | |-> | ok    
------+----+-----+-----+-------
 1    | -1 | -1  |     | False 

[Lustre] Summary:
  [Valid] 0
  [Unknown] 0
  [Invalid] 1
[Lustre] Model status: [Invalid]
