Sally Model
===========

(define-state-type
   S
   (
     (And Bool)
     (Gt Bool)
     (in1 Int)
     (in2 Int)
     (ok Bool)
     (out1 Int)
     (out2 Int)
     (y1 Int)
     (y2 Int)
     (|$init:1:init| Bool)
     (|$init:1| Int)
     (|$init:init| Bool)
     (|$init| Int)
     (|And:1| Bool)
     (|gal-initializing| Bool)
     (|pre_out1| Int)
     (|pre_out2| Int))
   (
     (in1 Int)
     (in2 Int)
     (out1 Int)
     (out2 Int)
     (y1 Int)
     (y2 Int)))
(define-transition-system
   TS
   S
   (and
      (= |gal-initializing| true)
      (= |$init:1:init| true)
      (= |$init:init| true))
   (and
      (= next.|gal-initializing| false)
      (= next.y1 input.y1)
      (= next.y2 input.y2)
      (= next.in1 input.in1)
      (= next.in2 input.in2)
      (= next.out1 input.out1)
      (= next.out2 input.out2)
      next.And
      next.|And:1|
      next.Gt
      (= next.|pre_out1| state.out1)
      (ite
         state.|$init:1:init|
         (= next.|$init:1| next.y1)
         (=
            next.|$init:1|
            (+ next.|pre_out1| next.in1)))
      (= next.|$init:1:init| false)
      (= next.|pre_out2| state.out2)
      (ite
         state.|$init:init|
         (= next.|$init| next.y2)
         (=
            next.|$init|
            (+ next.|pre_out2| next.in2)))
      (= next.|$init:init| false)
      (=
         next.ok
         (and
            (= next.out1 next.|$init:1|)
            (= next.out2 next.|$init|)
            (< next.out2 next.out1)))
      (=
         next.Gt
         (<
            (+ next.y2 5)
            next.y1))
      (=
         next.|And:1|
         (and
            (<=
               (- 1)
               next.in1)
            (<= next.in1 1)))
      (=
         next.And
         (and
            (<=
               (- 1)
               next.in2)
            (<= next.in2 1)))))

(query
   TS
   (or |gal-initializing| ok))

[Lustre] Validating properties:
[Lustre] Property ok... [Invalid] 
Trace
=====

ok:
 Step | y1   | y2   | in1 | in2 | out1 | out2 | |-> | ok    
------+------+------+-----+-----+------+------+-----+-------
 1    | -573 | -579 | 1   | 1   | 1    | 0    |     | False 

[Lustre] Model status: [Invalid] 
