[[1;91mError[0m] You have encountered a bug in Lustre's implementation.
*** Please create an issue at https://github.com/GaloisInc/lustre

%< --------------------------------------------------- 
  Revision:  7fe955e11b32795aed600477643f02f8f12d55c9
  Branch:    master
  Location:  evalNodeDecl
  Message:   recursive eqns
             TODO: report properly
CallStack (from HasCallStack):
  panic, called at ./Language/Lustre/Panic.hs:15:9 in language-lustre-0.1.0.0-inplace:Language.Lustre.Panic
%< --------------------------------------------------- 


