[Lustre] Loading settings from: "pid.lus.settings"
Core Lustre
===========

node (AXL__Speed__val : real, Target_Speed__val : real, AXL__Actual_Tire_Direction__val : real, CNTRL__Actuator_Input__val : real, THROT__Actual__val : real, Target_Tire_Pitch__val : real)
  returns ()
  assumes ()
  shows (_SYS_GUARANTEE_1)
let
  THROT__Actuator_Input__val = CNTRL__Actuator_Input__val
  CNTRL__Actual__val = THROT__Actual__val
  CNTRL__Target__val = Target_Speed__val
  CNTRL__e = Sub(CNTRL__Target__val, CNTRL__Actual__val)
  valof_pre_CNTRL__e_60 = pre CNTRL__e
  valof_arr_61 = 0.0 -> valof_pre_CNTRL__e_60
  CNTRL__e_dot = Sub(valof_arr_61, CNTRL__e)
  valof_pre_CNTRL__e_58 = pre CNTRL__e
  valof_arr_59 = 0.0 -> valof_pre_CNTRL__e_58
  CNTRL__e_int = Add(valof_arr_59, CNTRL__e)
  CNTRL__u = Add(Add(Mul((1.0 / 5.0), CNTRL__e), Mul((1.0 / 10.0), CNTRL__e_dot)), Mul((1.0 / 10.0), CNTRL__e_int))
  max_accel = 10.0
  AXL__Target_Tire_Direction__val = Target_Tire_Pitch__val
  Actual_Speed__val = THROT__Actual__val
  AXL__inp_45 = AXL__Target_Tire_Direction__val
  __no_static_32 = ITE(Lt(AXL__inp_45, 0.0), Neg(AXL__inp_45), AXL__inp_45)
  AXL__inp_46 = AXL__Target_Tire_Direction__val
  __no_static_33 = ITE(Lt(AXL__inp_46, 0.0), Neg(AXL__inp_46), AXL__inp_46)
  AXL__inp_47 = AXL__Target_Tire_Direction__val
  __no_static_34 = ITE(Lt(AXL__inp_47, 0.0), Neg(AXL__inp_47), AXL__inp_47)
  AXL__inp_48 = AXL__Target_Tire_Direction__val
  __no_static_35 = ITE(Lt(AXL__inp_48, 0.0), Neg(AXL__inp_48), AXL__inp_48)
  AXL__inp_49 = AXL__Target_Tire_Direction__val
  __no_static_36 = ITE(Lt(AXL__inp_49, 0.0), Neg(AXL__inp_49), AXL__inp_49)
  AXL__inp_50 = AXL__Target_Tire_Direction__val
  __no_static_37 = ITE(Lt(AXL__inp_50, 0.0), Neg(AXL__inp_50), AXL__inp_50)
  valof_pre_THROT__Actual__val_62 = pre THROT__Actual__val
  valof_arr_63 = 0.0 -> valof_pre_THROT__Actual__val_62
  valof_pre_THROT__Actual__val_64 = pre THROT__Actual__val
  valof_arr_65 = 0.0 -> valof_pre_THROT__Actual__val_64
  valof_pre_THROT__Actual__val_66 = pre THROT__Actual__val
  valof_arr_67 = 0.0 -> valof_pre_THROT__Actual__val_66
  valof_pre_THROT__Actual__val_68 = pre THROT__Actual__val
  valof_arr_69 = 0.0 -> valof_pre_THROT__Actual__val_68
  valof_pre__TOTAL_COMP_HIST = pre _TOTAL_COMP_HIST
  _TOTAL_COMP_HIST = And(And(And(true, And(And(Leq(__no_static_32, (9.0 / 20.0)), ITE(And(Gt(__no_static_33, (1.0 / 5.0)), Gt(AXL__Speed__val, 45.0)), Eq(AXL__Actual_Tire_Direction__val, (1.0 / 5.0)), Eq(AXL__Actual_Tire_Direction__val, AXL__Target_Tire_Direction__val))), ITE(And(Gt(__no_static_34, (1.0 / 5.0)), Gt(AXL__Speed__val, 45.0)), Eq(AXL__Actual_Tire_Direction__val, (1.0 / 5.0)), Eq(AXL__Actual_Tire_Direction__val, AXL__Target_Tire_Direction__val)))), And(And(true, Eq(CNTRL__Actuator_Input__val, CNTRL__u)), Eq(CNTRL__Actuator_Input__val, CNTRL__u))), And(And(true, Eq(THROT__Actual__val, Add(valof_arr_63, Mul((1.0 / 10.0), THROT__Actuator_Input__val)))), Eq(THROT__Actual__val, Add(valof_arr_65, Mul((1.0 / 10.0), THROT__Actuator_Input__val))))) -> And(And(And(And(true, And(And(Leq(__no_static_35, (9.0 / 20.0)), ITE(And(Gt(__no_static_36, (1.0 / 5.0)), Gt(AXL__Speed__val, 45.0)), Eq(AXL__Actual_Tire_Direction__val, (1.0 / 5.0)), Eq(AXL__Actual_Tire_Direction__val, AXL__Target_Tire_Direction__val))), ITE(And(Gt(__no_static_37, (1.0 / 5.0)), Gt(AXL__Speed__val, 45.0)), Eq(AXL__Actual_Tire_Direction__val, (1.0 / 5.0)), Eq(AXL__Actual_Tire_Direction__val, AXL__Target_Tire_Direction__val)))), And(And(true, Eq(CNTRL__Actuator_Input__val, CNTRL__u)), Eq(CNTRL__Actuator_Input__val, CNTRL__u))), And(And(true, Eq(THROT__Actual__val, Add(valof_arr_67, Mul((1.0 / 10.0), THROT__Actuator_Input__val)))), Eq(THROT__Actual__val, Add(valof_arr_69, Mul((1.0 / 10.0), THROT__Actuator_Input__val))))), valof_pre__TOTAL_COMP_HIST)
  valof_pre__SYSTEM_ASSUMP_HIST = pre _SYSTEM_ASSUMP_HIST
  _SYSTEM_ASSUMP_HIST = And(And(Geq(Target_Speed__val, 0.0), Lt(Target_Speed__val, 150.0)), true) -> And(And(And(Geq(Target_Speed__val, 0.0), Lt(Target_Speed__val, 150.0)), true), valof_pre__SYSTEM_ASSUMP_HIST)
  AXL__inp_51 = AXL__Target_Tire_Direction__val
  __no_static_38 = ITE(Lt(AXL__inp_51, 0.0), Neg(AXL__inp_51), AXL__inp_51)
  AXL__inp_52 = AXL__Target_Tire_Direction__val
  __no_static_39 = ITE(Lt(AXL__inp_52, 0.0), Neg(AXL__inp_52), AXL__inp_52)
  AXL__inp_53 = AXL__Target_Tire_Direction__val
  __no_static_40 = ITE(Lt(AXL__inp_53, 0.0), Neg(AXL__inp_53), AXL__inp_53)
  AXL__inp_54 = AXL__Target_Tire_Direction__val
  __no_static_41 = ITE(Lt(AXL__inp_54, 0.0), Neg(AXL__inp_54), AXL__inp_54)
  AXL__inp_55 = AXL__Target_Tire_Direction__val
  __no_static_42 = ITE(Lt(AXL__inp_55, 0.0), Neg(AXL__inp_55), AXL__inp_55)
  AXL__inp_56 = AXL__Target_Tire_Direction__val
  __no_static_43 = ITE(Lt(AXL__inp_56, 0.0), Neg(AXL__inp_56), AXL__inp_56)
  valof_pre__CONTR_HIST_AXL = pre _CONTR_HIST_AXL
  _CONTR_HIST_AXL = And(And(Leq(__no_static_38, (9.0 / 20.0)), ITE(And(Gt(__no_static_39, (1.0 / 5.0)), Gt(AXL__Speed__val, 45.0)), Eq(AXL__Actual_Tire_Direction__val, (1.0 / 5.0)), Eq(AXL__Actual_Tire_Direction__val, AXL__Target_Tire_Direction__val))), ITE(And(Gt(__no_static_40, (1.0 / 5.0)), Gt(AXL__Speed__val, 45.0)), Eq(AXL__Actual_Tire_Direction__val, (1.0 / 5.0)), Eq(AXL__Actual_Tire_Direction__val, AXL__Target_Tire_Direction__val))) -> And(And(And(Leq(__no_static_41, (9.0 / 20.0)), ITE(And(Gt(__no_static_42, (1.0 / 5.0)), Gt(AXL__Speed__val, 45.0)), Eq(AXL__Actual_Tire_Direction__val, (1.0 / 5.0)), Eq(AXL__Actual_Tire_Direction__val, AXL__Target_Tire_Direction__val))), ITE(And(Gt(__no_static_43, (1.0 / 5.0)), Gt(AXL__Speed__val, 45.0)), Eq(AXL__Actual_Tire_Direction__val, (1.0 / 5.0)), Eq(AXL__Actual_Tire_Direction__val, AXL__Target_Tire_Direction__val))), valof_pre__CONTR_HIST_AXL)
  valof_pre__CONTR_HIST_CNTRL = pre _CONTR_HIST_CNTRL
  _CONTR_HIST_CNTRL = And(And(true, Eq(CNTRL__Actuator_Input__val, CNTRL__u)), Eq(CNTRL__Actuator_Input__val, CNTRL__u)) -> And(And(And(true, Eq(CNTRL__Actuator_Input__val, CNTRL__u)), Eq(CNTRL__Actuator_Input__val, CNTRL__u)), valof_pre__CONTR_HIST_CNTRL)
  valof_pre_THROT__Actual__val_74 = pre THROT__Actual__val
  valof_arr_75 = 0.0 -> valof_pre_THROT__Actual__val_74
  valof_pre_THROT__Actual__val_76 = pre THROT__Actual__val
  valof_arr_77 = 0.0 -> valof_pre_THROT__Actual__val_76
  valof_pre_THROT__Actual__val_78 = pre THROT__Actual__val
  valof_arr_79 = 0.0 -> valof_pre_THROT__Actual__val_78
  valof_pre_THROT__Actual__val_80 = pre THROT__Actual__val
  valof_arr_81 = 0.0 -> valof_pre_THROT__Actual__val_80
  valof_pre__CONTR_HIST_THROT = pre _CONTR_HIST_THROT
  _CONTR_HIST_THROT = And(And(true, Eq(THROT__Actual__val, Add(valof_arr_75, Mul((1.0 / 10.0), THROT__Actuator_Input__val)))), Eq(THROT__Actual__val, Add(valof_arr_77, Mul((1.0 / 10.0), THROT__Actuator_Input__val)))) -> And(And(And(true, Eq(THROT__Actual__val, Add(valof_arr_79, Mul((1.0 / 10.0), THROT__Actuator_Input__val)))), Eq(THROT__Actual__val, Add(valof_arr_81, Mul((1.0 / 10.0), THROT__Actuator_Input__val)))), valof_pre__CONTR_HIST_THROT)
  valof_pre_Actual_Speed__val = pre Actual_Speed__val
  valof_arr_84 = 0.0 -> valof_pre_Actual_Speed__val
  inp = Sub(Actual_Speed__val, valof_arr_84)
  __no_static_44 = ITE(Lt(inp, 0.0), Neg(inp), inp)
  _SYS_GUARANTEE_1 = Implies(And(_SYSTEM_ASSUMP_HIST, _TOTAL_COMP_HIST), Lt(__no_static_44, max_accel))
tel
Sally Model
===========

(define-state-type
   S
   (
     (inp Real)
     (|AXL__Actual_Tire_Direction__val| Real)
     (|AXL__Speed__val| Real)
     (|AXL__Target_Tire_Direction__val| Real)
     (|AXL__inp:45| Real)
     (|AXL__inp:46| Real)
     (|AXL__inp:47| Real)
     (|AXL__inp:48| Real)
     (|AXL__inp:49| Real)
     (|AXL__inp:50| Real)
     (|AXL__inp:51| Real)
     (|AXL__inp:52| Real)
     (|AXL__inp:53| Real)
     (|AXL__inp:54| Real)
     (|AXL__inp:55| Real)
     (|AXL__inp:56| Real)
     (|Actual_Speed__val| Real)
     (|CNTRL__Actual__val| Real)
     (|CNTRL__Actuator_Input__val| Real)
     (|CNTRL__Target__val| Real)
     (|CNTRL__e_dot| Real)
     (|CNTRL__e_int| Real)
     (|CNTRL__e| Real)
     (|CNTRL__u| Real)
     (|THROT__Actual__val| Real)
     (|THROT__Actuator_Input__val| Real)
     (|Target_Speed__val| Real)
     (|Target_Tire_Pitch__val| Real)
     (|_CONTR_HIST_AXL:init| Bool)
     (|_CONTR_HIST_AXL| Bool)
     (|_CONTR_HIST_CNTRL:init| Bool)
     (|_CONTR_HIST_CNTRL| Bool)
     (|_CONTR_HIST_THROT:init| Bool)
     (|_CONTR_HIST_THROT| Bool)
     (|_SYSTEM_ASSUMP_HIST:init| Bool)
     (|_SYSTEM_ASSUMP_HIST| Bool)
     (|_SYS_GUARANTEE_1| Bool)
     (|_TOTAL_COMP_HIST:init| Bool)
     (|_TOTAL_COMP_HIST| Bool)
     (|__no_static:32| Real)
     (|__no_static:33| Real)
     (|__no_static:34| Real)
     (|__no_static:35| Real)
     (|__no_static:36| Real)
     (|__no_static:37| Real)
     (|__no_static:38| Real)
     (|__no_static:39| Real)
     (|__no_static:40| Real)
     (|__no_static:41| Real)
     (|__no_static:42| Real)
     (|__no_static:43| Real)
     (|__no_static:44| Real)
     (|gal-initializing| Bool)
     (|max_accel| Real)
     (|valof_arr:59:init| Bool)
     (|valof_arr:59| Real)
     (|valof_arr:61:init| Bool)
     (|valof_arr:61| Real)
     (|valof_arr:63:init| Bool)
     (|valof_arr:63| Real)
     (|valof_arr:65:init| Bool)
     (|valof_arr:65| Real)
     (|valof_arr:67:init| Bool)
     (|valof_arr:67| Real)
     (|valof_arr:69:init| Bool)
     (|valof_arr:69| Real)
     (|valof_arr:75:init| Bool)
     (|valof_arr:75| Real)
     (|valof_arr:77:init| Bool)
     (|valof_arr:77| Real)
     (|valof_arr:79:init| Bool)
     (|valof_arr:79| Real)
     (|valof_arr:81:init| Bool)
     (|valof_arr:81| Real)
     (|valof_arr:84:init| Bool)
     (|valof_arr:84| Real)
     (|valof_pre_Actual_Speed__val| Real)
     (|valof_pre_CNTRL__e:58| Real)
     (|valof_pre_CNTRL__e:60| Real)
     (|valof_pre_THROT__Actual__val:62| Real)
     (|valof_pre_THROT__Actual__val:64| Real)
     (|valof_pre_THROT__Actual__val:66| Real)
     (|valof_pre_THROT__Actual__val:68| Real)
     (|valof_pre_THROT__Actual__val:74| Real)
     (|valof_pre_THROT__Actual__val:76| Real)
     (|valof_pre_THROT__Actual__val:78| Real)
     (|valof_pre_THROT__Actual__val:80| Real)
     (|valof_pre__CONTR_HIST_AXL| Bool)
     (|valof_pre__CONTR_HIST_CNTRL| Bool)
     (|valof_pre__CONTR_HIST_THROT| Bool)
     (|valof_pre__SYSTEM_ASSUMP_HIST| Bool)
     (|valof_pre__TOTAL_COMP_HIST| Bool))
   (
     (|AXL__Actual_Tire_Direction__val| Real)
     (|AXL__Speed__val| Real)
     (|CNTRL__Actuator_Input__val| Real)
     (|THROT__Actual__val| Real)
     (|Target_Speed__val| Real)
     (|Target_Tire_Pitch__val| Real)))
(define-transition-system
   TS
   S
   (and
      (= |gal-initializing| true)
      (= |valof_arr:61:init| true)
      (= |valof_arr:59:init| true)
      (= |valof_arr:63:init| true)
      (= |valof_arr:65:init| true)
      (= |valof_arr:67:init| true)
      (= |valof_arr:69:init| true)
      (= |_TOTAL_COMP_HIST:init| true)
      (= |_SYSTEM_ASSUMP_HIST:init| true)
      (= |_CONTR_HIST_AXL:init| true)
      (= |_CONTR_HIST_CNTRL:init| true)
      (= |valof_arr:75:init| true)
      (= |valof_arr:77:init| true)
      (= |valof_arr:79:init| true)
      (= |valof_arr:81:init| true)
      (= |_CONTR_HIST_THROT:init| true)
      (= |valof_arr:84:init| true))
   (and
      (= next.|gal-initializing| false)
      (= next.|AXL__Speed__val| input.|AXL__Speed__val|)
      (= next.|Target_Speed__val| input.|Target_Speed__val|)
      (= next.|AXL__Actual_Tire_Direction__val| input.|AXL__Actual_Tire_Direction__val|)
      (= next.|CNTRL__Actuator_Input__val| input.|CNTRL__Actuator_Input__val|)
      (= next.|THROT__Actual__val| input.|THROT__Actual__val|)
      (= next.|Target_Tire_Pitch__val| input.|Target_Tire_Pitch__val|)
      (= next.|THROT__Actuator_Input__val| next.|CNTRL__Actuator_Input__val|)
      (= next.|CNTRL__Actual__val| next.|THROT__Actual__val|)
      (= next.|CNTRL__Target__val| next.|Target_Speed__val|)
      (=
         next.|CNTRL__e|
         (- next.|CNTRL__Target__val| next.|CNTRL__Actual__val|))
      (= next.|valof_pre_CNTRL__e:60| state.|CNTRL__e|)
      (ite
         state.|valof_arr:61:init|
         (= next.|valof_arr:61| 0.0)
         (= next.|valof_arr:61| next.|valof_pre_CNTRL__e:60|))
      (= next.|valof_arr:61:init| false)
      (=
         next.|CNTRL__e_dot|
         (- next.|valof_arr:61| next.|CNTRL__e|))
      (= next.|valof_pre_CNTRL__e:58| state.|CNTRL__e|)
      (ite
         state.|valof_arr:59:init|
         (= next.|valof_arr:59| 0.0)
         (= next.|valof_arr:59| next.|valof_pre_CNTRL__e:58|))
      (= next.|valof_arr:59:init| false)
      (=
         next.|CNTRL__e_int|
         (+ next.|valof_arr:59| next.|CNTRL__e|))
      (=
         next.|CNTRL__u|
         (+
            (+
               (*
                  (/ 1 5)
                  next.|CNTRL__e|)
               (*
                  (/ 1 10)
                  next.|CNTRL__e_dot|))
            (*
               (/ 1 10)
               next.|CNTRL__e_int|)))
      (= next.|max_accel| 10.0)
      (= next.|AXL__Target_Tire_Direction__val| next.|Target_Tire_Pitch__val|)
      (= next.|Actual_Speed__val| next.|THROT__Actual__val|)
      (= next.|AXL__inp:45| next.|AXL__Target_Tire_Direction__val|)
      (=
         next.|__no_static:32|
         (ite
            (< next.|AXL__inp:45| 0.0)
            (- next.|AXL__inp:45|)
            next.|AXL__inp:45|))
      (= next.|AXL__inp:46| next.|AXL__Target_Tire_Direction__val|)
      (=
         next.|__no_static:33|
         (ite
            (< next.|AXL__inp:46| 0.0)
            (- next.|AXL__inp:46|)
            next.|AXL__inp:46|))
      (= next.|AXL__inp:47| next.|AXL__Target_Tire_Direction__val|)
      (=
         next.|__no_static:34|
         (ite
            (< next.|AXL__inp:47| 0.0)
            (- next.|AXL__inp:47|)
            next.|AXL__inp:47|))
      (= next.|AXL__inp:48| next.|AXL__Target_Tire_Direction__val|)
      (=
         next.|__no_static:35|
         (ite
            (< next.|AXL__inp:48| 0.0)
            (- next.|AXL__inp:48|)
            next.|AXL__inp:48|))
      (= next.|AXL__inp:49| next.|AXL__Target_Tire_Direction__val|)
      (=
         next.|__no_static:36|
         (ite
            (< next.|AXL__inp:49| 0.0)
            (- next.|AXL__inp:49|)
            next.|AXL__inp:49|))
      (= next.|AXL__inp:50| next.|AXL__Target_Tire_Direction__val|)
      (=
         next.|__no_static:37|
         (ite
            (< next.|AXL__inp:50| 0.0)
            (- next.|AXL__inp:50|)
            next.|AXL__inp:50|))
      (= next.|valof_pre_THROT__Actual__val:62| state.|THROT__Actual__val|)
      (ite
         state.|valof_arr:63:init|
         (= next.|valof_arr:63| 0.0)
         (= next.|valof_arr:63| next.|valof_pre_THROT__Actual__val:62|))
      (= next.|valof_arr:63:init| false)
      (= next.|valof_pre_THROT__Actual__val:64| state.|THROT__Actual__val|)
      (ite
         state.|valof_arr:65:init|
         (= next.|valof_arr:65| 0.0)
         (= next.|valof_arr:65| next.|valof_pre_THROT__Actual__val:64|))
      (= next.|valof_arr:65:init| false)
      (= next.|valof_pre_THROT__Actual__val:66| state.|THROT__Actual__val|)
      (ite
         state.|valof_arr:67:init|
         (= next.|valof_arr:67| 0.0)
         (= next.|valof_arr:67| next.|valof_pre_THROT__Actual__val:66|))
      (= next.|valof_arr:67:init| false)
      (= next.|valof_pre_THROT__Actual__val:68| state.|THROT__Actual__val|)
      (ite
         state.|valof_arr:69:init|
         (= next.|valof_arr:69| 0.0)
         (= next.|valof_arr:69| next.|valof_pre_THROT__Actual__val:68|))
      (= next.|valof_arr:69:init| false)
      (= next.|valof_pre__TOTAL_COMP_HIST| state.|_TOTAL_COMP_HIST|)
      (ite
         state.|_TOTAL_COMP_HIST:init|
         (=
            next.|_TOTAL_COMP_HIST|
            (and
               true
               (<=
                  next.|__no_static:32|
                  (/ 9 20))
               (ite
                  (and
                     (<
                        (/ 1 5)
                        next.|__no_static:33|)
                     (< 45.0 next.|AXL__Speed__val|))
                  (=
                     next.|AXL__Actual_Tire_Direction__val|
                     (/ 1 5))
                  (= next.|AXL__Actual_Tire_Direction__val| next.|AXL__Target_Tire_Direction__val|))
               (ite
                  (and
                     (<
                        (/ 1 5)
                        next.|__no_static:34|)
                     (< 45.0 next.|AXL__Speed__val|))
                  (=
                     next.|AXL__Actual_Tire_Direction__val|
                     (/ 1 5))
                  (= next.|AXL__Actual_Tire_Direction__val| next.|AXL__Target_Tire_Direction__val|))
               true
               (= next.|CNTRL__Actuator_Input__val| next.|CNTRL__u|)
               (= next.|CNTRL__Actuator_Input__val| next.|CNTRL__u|)
               true
               (=
                  next.|THROT__Actual__val|
                  (+
                     next.|valof_arr:63|
                     (*
                        (/ 1 10)
                        next.|THROT__Actuator_Input__val|)))
               (=
                  next.|THROT__Actual__val|
                  (+
                     next.|valof_arr:65|
                     (*
                        (/ 1 10)
                        next.|THROT__Actuator_Input__val|)))))
         (=
            next.|_TOTAL_COMP_HIST|
            (and
               true
               (<=
                  next.|__no_static:35|
                  (/ 9 20))
               (ite
                  (and
                     (<
                        (/ 1 5)
                        next.|__no_static:36|)
                     (< 45.0 next.|AXL__Speed__val|))
                  (=
                     next.|AXL__Actual_Tire_Direction__val|
                     (/ 1 5))
                  (= next.|AXL__Actual_Tire_Direction__val| next.|AXL__Target_Tire_Direction__val|))
               (ite
                  (and
                     (<
                        (/ 1 5)
                        next.|__no_static:37|)
                     (< 45.0 next.|AXL__Speed__val|))
                  (=
                     next.|AXL__Actual_Tire_Direction__val|
                     (/ 1 5))
                  (= next.|AXL__Actual_Tire_Direction__val| next.|AXL__Target_Tire_Direction__val|))
               true
               (= next.|CNTRL__Actuator_Input__val| next.|CNTRL__u|)
               (= next.|CNTRL__Actuator_Input__val| next.|CNTRL__u|)
               true
               (=
                  next.|THROT__Actual__val|
                  (+
                     next.|valof_arr:67|
                     (*
                        (/ 1 10)
                        next.|THROT__Actuator_Input__val|)))
               (=
                  next.|THROT__Actual__val|
                  (+
                     next.|valof_arr:69|
                     (*
                        (/ 1 10)
                        next.|THROT__Actuator_Input__val|)))
               next.|valof_pre__TOTAL_COMP_HIST|)))
      (= next.|_TOTAL_COMP_HIST:init| false)
      (= next.|valof_pre__SYSTEM_ASSUMP_HIST| state.|_SYSTEM_ASSUMP_HIST|)
      (ite
         state.|_SYSTEM_ASSUMP_HIST:init|
         (=
            next.|_SYSTEM_ASSUMP_HIST|
            (and
               (<= 0.0 next.|Target_Speed__val|)
               (< next.|Target_Speed__val| 150.0)
               true))
         (=
            next.|_SYSTEM_ASSUMP_HIST|
            (and
               (<= 0.0 next.|Target_Speed__val|)
               (< next.|Target_Speed__val| 150.0)
               true
               next.|valof_pre__SYSTEM_ASSUMP_HIST|)))
      (= next.|_SYSTEM_ASSUMP_HIST:init| false)
      (= next.|AXL__inp:51| next.|AXL__Target_Tire_Direction__val|)
      (=
         next.|__no_static:38|
         (ite
            (< next.|AXL__inp:51| 0.0)
            (- next.|AXL__inp:51|)
            next.|AXL__inp:51|))
      (= next.|AXL__inp:52| next.|AXL__Target_Tire_Direction__val|)
      (=
         next.|__no_static:39|
         (ite
            (< next.|AXL__inp:52| 0.0)
            (- next.|AXL__inp:52|)
            next.|AXL__inp:52|))
      (= next.|AXL__inp:53| next.|AXL__Target_Tire_Direction__val|)
      (=
         next.|__no_static:40|
         (ite
            (< next.|AXL__inp:53| 0.0)
            (- next.|AXL__inp:53|)
            next.|AXL__inp:53|))
      (= next.|AXL__inp:54| next.|AXL__Target_Tire_Direction__val|)
      (=
         next.|__no_static:41|
         (ite
            (< next.|AXL__inp:54| 0.0)
            (- next.|AXL__inp:54|)
            next.|AXL__inp:54|))
      (= next.|AXL__inp:55| next.|AXL__Target_Tire_Direction__val|)
      (=
         next.|__no_static:42|
         (ite
            (< next.|AXL__inp:55| 0.0)
            (- next.|AXL__inp:55|)
            next.|AXL__inp:55|))
      (= next.|AXL__inp:56| next.|AXL__Target_Tire_Direction__val|)
      (=
         next.|__no_static:43|
         (ite
            (< next.|AXL__inp:56| 0.0)
            (- next.|AXL__inp:56|)
            next.|AXL__inp:56|))
      (= next.|valof_pre__CONTR_HIST_AXL| state.|_CONTR_HIST_AXL|)
      (ite
         state.|_CONTR_HIST_AXL:init|
         (=
            next.|_CONTR_HIST_AXL|
            (and
               (<=
                  next.|__no_static:38|
                  (/ 9 20))
               (ite
                  (and
                     (<
                        (/ 1 5)
                        next.|__no_static:39|)
                     (< 45.0 next.|AXL__Speed__val|))
                  (=
                     next.|AXL__Actual_Tire_Direction__val|
                     (/ 1 5))
                  (= next.|AXL__Actual_Tire_Direction__val| next.|AXL__Target_Tire_Direction__val|))
               (ite
                  (and
                     (<
                        (/ 1 5)
                        next.|__no_static:40|)
                     (< 45.0 next.|AXL__Speed__val|))
                  (=
                     next.|AXL__Actual_Tire_Direction__val|
                     (/ 1 5))
                  (= next.|AXL__Actual_Tire_Direction__val| next.|AXL__Target_Tire_Direction__val|))))
         (=
            next.|_CONTR_HIST_AXL|
            (and
               (<=
                  next.|__no_static:41|
                  (/ 9 20))
               (ite
                  (and
                     (<
                        (/ 1 5)
                        next.|__no_static:42|)
                     (< 45.0 next.|AXL__Speed__val|))
                  (=
                     next.|AXL__Actual_Tire_Direction__val|
                     (/ 1 5))
                  (= next.|AXL__Actual_Tire_Direction__val| next.|AXL__Target_Tire_Direction__val|))
               (ite
                  (and
                     (<
                        (/ 1 5)
                        next.|__no_static:43|)
                     (< 45.0 next.|AXL__Speed__val|))
                  (=
                     next.|AXL__Actual_Tire_Direction__val|
                     (/ 1 5))
                  (= next.|AXL__Actual_Tire_Direction__val| next.|AXL__Target_Tire_Direction__val|))
               next.|valof_pre__CONTR_HIST_AXL|)))
      (= next.|_CONTR_HIST_AXL:init| false)
      (= next.|valof_pre__CONTR_HIST_CNTRL| state.|_CONTR_HIST_CNTRL|)
      (ite
         state.|_CONTR_HIST_CNTRL:init|
         (=
            next.|_CONTR_HIST_CNTRL|
            (and
               true
               (= next.|CNTRL__Actuator_Input__val| next.|CNTRL__u|)
               (= next.|CNTRL__Actuator_Input__val| next.|CNTRL__u|)))
         (=
            next.|_CONTR_HIST_CNTRL|
            (and
               true
               (= next.|CNTRL__Actuator_Input__val| next.|CNTRL__u|)
               (= next.|CNTRL__Actuator_Input__val| next.|CNTRL__u|)
               next.|valof_pre__CONTR_HIST_CNTRL|)))
      (= next.|_CONTR_HIST_CNTRL:init| false)
      (= next.|valof_pre_THROT__Actual__val:74| state.|THROT__Actual__val|)
      (ite
         state.|valof_arr:75:init|
         (= next.|valof_arr:75| 0.0)
         (= next.|valof_arr:75| next.|valof_pre_THROT__Actual__val:74|))
      (= next.|valof_arr:75:init| false)
      (= next.|valof_pre_THROT__Actual__val:76| state.|THROT__Actual__val|)
      (ite
         state.|valof_arr:77:init|
         (= next.|valof_arr:77| 0.0)
         (= next.|valof_arr:77| next.|valof_pre_THROT__Actual__val:76|))
      (= next.|valof_arr:77:init| false)
      (= next.|valof_pre_THROT__Actual__val:78| state.|THROT__Actual__val|)
      (ite
         state.|valof_arr:79:init|
         (= next.|valof_arr:79| 0.0)
         (= next.|valof_arr:79| next.|valof_pre_THROT__Actual__val:78|))
      (= next.|valof_arr:79:init| false)
      (= next.|valof_pre_THROT__Actual__val:80| state.|THROT__Actual__val|)
      (ite
         state.|valof_arr:81:init|
         (= next.|valof_arr:81| 0.0)
         (= next.|valof_arr:81| next.|valof_pre_THROT__Actual__val:80|))
      (= next.|valof_arr:81:init| false)
      (= next.|valof_pre__CONTR_HIST_THROT| state.|_CONTR_HIST_THROT|)
      (ite
         state.|_CONTR_HIST_THROT:init|
         (=
            next.|_CONTR_HIST_THROT|
            (and
               true
               (=
                  next.|THROT__Actual__val|
                  (+
                     next.|valof_arr:75|
                     (*
                        (/ 1 10)
                        next.|THROT__Actuator_Input__val|)))
               (=
                  next.|THROT__Actual__val|
                  (+
                     next.|valof_arr:77|
                     (*
                        (/ 1 10)
                        next.|THROT__Actuator_Input__val|)))))
         (=
            next.|_CONTR_HIST_THROT|
            (and
               true
               (=
                  next.|THROT__Actual__val|
                  (+
                     next.|valof_arr:79|
                     (*
                        (/ 1 10)
                        next.|THROT__Actuator_Input__val|)))
               (=
                  next.|THROT__Actual__val|
                  (+
                     next.|valof_arr:81|
                     (*
                        (/ 1 10)
                        next.|THROT__Actuator_Input__val|)))
               next.|valof_pre__CONTR_HIST_THROT|)))
      (= next.|_CONTR_HIST_THROT:init| false)
      (= next.|valof_pre_Actual_Speed__val| state.|Actual_Speed__val|)
      (ite
         state.|valof_arr:84:init|
         (= next.|valof_arr:84| 0.0)
         (= next.|valof_arr:84| next.|valof_pre_Actual_Speed__val|))
      (= next.|valof_arr:84:init| false)
      (=
         next.inp
         (- next.|Actual_Speed__val| next.|valof_arr:84|))
      (=
         next.|__no_static:44|
         (ite
            (< next.inp 0.0)
            (- next.inp)
            next.inp))
      (=
         next.|_SYS_GUARANTEE_1|
         (=>
            (and next.|_SYSTEM_ASSUMP_HIST| next.|_TOTAL_COMP_HIST|)
            (< next.|__no_static:44| next.|max_accel|)))))

(query
   TS
   (or |gal-initializing| |_SYS_GUARANTEE_1|))

[Lustre] Validating properties:
[Lustre] Property _SYS_GUARANTEE_1... considering simultaneous states to depth 0
considering simultaneous states to depth 0
considering simultaneous states to depth 1
considering simultaneous states to depth 1
considering simultaneous states to depth 2
considering simultaneous states to depth 2
considering simultaneous states to depth 3
considering simultaneous states to depth 3
considering simultaneous states to depth 4
considering simultaneous states to depth 4
considering simultaneous states to depth 5
considering simultaneous states to depth 5
considering simultaneous states to depth 6
considering simultaneous states to depth 6
considering simultaneous states to depth 7
considering simultaneous states to depth 7
considering simultaneous states to depth 8
considering simultaneous states to depth 8
considering simultaneous states to depth 9
considering simultaneous states to depth 9
considering simultaneous states to depth 10
considering simultaneous states to depth 10
considering simultaneous states to depth 11
considering simultaneous states to depth 11
considering simultaneous states to depth 12
considering simultaneous states to depth 12
considering simultaneous states to depth 13
considering simultaneous states to depth 13
considering simultaneous states to depth 14
considering simultaneous states to depth 14
considering simultaneous states to depth 15
considering simultaneous states to depth 15
considering simultaneous states to depth 16
considering simultaneous states to depth 16
considering simultaneous states to depth 17
considering simultaneous states to depth 17
considering simultaneous states to depth 18
considering simultaneous states to depth 18
considering simultaneous states to depth 19
considering simultaneous states to depth 19
considering simultaneous states to depth 20
considering simultaneous states to depth 20
considering simultaneous states to depth 21
considering simultaneous states to depth 21
considering simultaneous states to depth 22
considering simultaneous states to depth 22
considering simultaneous states to depth 23
considering simultaneous states to depth 23
[[1;92mValid[0m] considering simultaneous states to depth 23
[Lustre] Model status: [[1;92mValid[0m] 
