Core Lustre
===========

node (a_66 : int, b_67 : int, p1_68 : bool, p2_69 : bool, p3_70 : bool, p4_71 : bool, p5_72 : bool, p6_73 : bool, p7_74 : bool, p8_75 : bool, p9_76 : bool, p10_77 : bool)
  returns ()
  assumes ()
  shows (prop)
let
  p1_112 = p1_68
  p2_113 = p2_69
  p3_114 = p3_70
  p4_115 = p4_71
  p5_116 = p5_72
  p6_117 = p6_73
  p7_118 = p7_74
  p8_119 = p8_75
  p9_120 = p9_76
  p10_121 = p10_77
  initial = And(And(And(And(And(And(And(And(And(Not(p1_112), p2_113), p3_114), p4_115), p5_116), p6_117), p7_118), p8_119), p9_120), p10_121)
  loc_154 = a_66
  p1_155 = pre p1_68
  p2_156 = pre p2_69
  p3_157 = pre p3_70
  p4_158 = pre p4_71
  p5_159 = pre p5_72
  p6_160 = pre p6_73
  p7_161 = pre p7_74
  p8_162 = pre p8_75
  p9_163 = pre p9_76
  p10_164 = pre p10_77
  __no_static_93 = ITE(Eq(loc_154, 1), p1_155, ITE(Eq(loc_154, 2), p2_156, ITE(Eq(loc_154, 3), p3_157, ITE(Eq(loc_154, 4), p4_158, ITE(Eq(loc_154, 5), p5_159, ITE(Eq(loc_154, 6), p6_160, ITE(Eq(loc_154, 7), p7_161, ITE(Eq(loc_154, 8), p8_162, ITE(Eq(loc_154, 9), p9_163, ITE(Eq(loc_154, 10), p10_164, false))))))))))
  a_152 = a_66
  b_153 = b_67
  mid = ITE(And(Eq(a_152, 1), Eq(b_153, 4)), 2, ITE(And(Eq(a_152, 1), Eq(b_153, 6)), 3, ITE(And(Eq(a_152, 2), Eq(b_153, 7)), 4, ITE(And(Eq(a_152, 2), Eq(b_153, 9)), 5, ITE(And(Eq(a_152, 3), Eq(b_153, 8)), 5, ITE(And(Eq(a_152, 3), Eq(b_153, 10)), 6, ITE(And(Eq(a_152, 4), Eq(b_153, 1)), 2, ITE(And(Eq(a_152, 4), Eq(b_153, 6)), 5, ITE(And(Eq(a_152, 6), Eq(b_153, 1)), 3, ITE(And(Eq(a_152, 6), Eq(b_153, 4)), 5, ITE(And(Eq(a_152, 7), Eq(b_153, 2)), 4, ITE(And(Eq(a_152, 7), Eq(b_153, 9)), 8, ITE(And(Eq(a_152, 8), Eq(b_153, 3)), 5, ITE(And(Eq(a_152, 8), Eq(b_153, 10)), 9, ITE(And(Eq(a_152, 9), Eq(b_153, 2)), 5, ITE(And(Eq(a_152, 9), Eq(b_153, 7)), 8, ITE(And(Eq(a_152, 10), Eq(b_153, 3)), 6, ITE(And(Eq(a_152, 10), Eq(b_153, 8)), 9, 0))))))))))))))))))
  loc_165 = mid
  p1_166 = pre p1_68
  p2_167 = pre p2_69
  p3_168 = pre p3_70
  p4_169 = pre p4_71
  p5_170 = pre p5_72
  p6_171 = pre p6_73
  p7_172 = pre p7_74
  p8_173 = pre p8_75
  p9_174 = pre p9_76
  p10_175 = pre p10_77
  __no_static_94 = ITE(Eq(loc_165, 1), p1_166, ITE(Eq(loc_165, 2), p2_167, ITE(Eq(loc_165, 3), p3_168, ITE(Eq(loc_165, 4), p4_169, ITE(Eq(loc_165, 5), p5_170, ITE(Eq(loc_165, 6), p6_171, ITE(Eq(loc_165, 7), p7_172, ITE(Eq(loc_165, 8), p8_173, ITE(Eq(loc_165, 9), p9_174, ITE(Eq(loc_165, 10), p10_175, false))))))))))
  loc_176 = b_67
  p1_177 = pre p1_68
  p2_178 = pre p2_69
  p3_179 = pre p3_70
  p4_180 = pre p4_71
  p5_181 = pre p5_72
  p6_182 = pre p6_73
  p7_183 = pre p7_74
  p8_184 = pre p8_75
  p9_185 = pre p9_76
  p10_186 = pre p10_77
  __no_static_95 = ITE(Eq(loc_176, 1), p1_177, ITE(Eq(loc_176, 2), p2_178, ITE(Eq(loc_176, 3), p3_179, ITE(Eq(loc_176, 4), p4_180, ITE(Eq(loc_176, 5), p5_181, ITE(Eq(loc_176, 6), p6_182, ITE(Eq(loc_176, 7), p7_183, ITE(Eq(loc_176, 8), p8_184, ITE(Eq(loc_176, 9), p9_185, ITE(Eq(loc_176, 10), p10_186, false))))))))))
  loc_187 = a_66
  p1_188 = p1_68
  p2_189 = p2_69
  p3_190 = p3_70
  p4_191 = p4_71
  p5_192 = p5_72
  p6_193 = p6_73
  p7_194 = p7_74
  p8_195 = p8_75
  p9_196 = p9_76
  p10_197 = p10_77
  __no_static_96 = ITE(Eq(loc_187, 1), p1_188, ITE(Eq(loc_187, 2), p2_189, ITE(Eq(loc_187, 3), p3_190, ITE(Eq(loc_187, 4), p4_191, ITE(Eq(loc_187, 5), p5_192, ITE(Eq(loc_187, 6), p6_193, ITE(Eq(loc_187, 7), p7_194, ITE(Eq(loc_187, 8), p8_195, ITE(Eq(loc_187, 9), p9_196, ITE(Eq(loc_187, 10), p10_197, false))))))))))
  loc_198 = mid
  p1_199 = p1_68
  p2_200 = p2_69
  p3_201 = p3_70
  p4_202 = p4_71
  p5_203 = p5_72
  p6_204 = p6_73
  p7_205 = p7_74
  p8_206 = p8_75
  p9_207 = p9_76
  p10_208 = p10_77
  __no_static_97 = ITE(Eq(loc_198, 1), p1_199, ITE(Eq(loc_198, 2), p2_200, ITE(Eq(loc_198, 3), p3_201, ITE(Eq(loc_198, 4), p4_202, ITE(Eq(loc_198, 5), p5_203, ITE(Eq(loc_198, 6), p6_204, ITE(Eq(loc_198, 7), p7_205, ITE(Eq(loc_198, 8), p8_206, ITE(Eq(loc_198, 9), p9_207, ITE(Eq(loc_198, 10), p10_208, false))))))))))
  loc_209 = b_67
  p1_210 = p1_68
  p2_211 = p2_69
  p3_212 = p3_70
  p4_213 = p4_71
  p5_214 = p5_72
  p6_215 = p6_73
  p7_216 = p7_74
  p8_217 = p8_75
  p9_218 = p9_76
  p10_219 = p10_77
  __no_static_98 = ITE(Eq(loc_209, 1), p1_210, ITE(Eq(loc_209, 2), p2_211, ITE(Eq(loc_209, 3), p3_212, ITE(Eq(loc_209, 4), p4_213, ITE(Eq(loc_209, 5), p5_214, ITE(Eq(loc_209, 6), p6_215, ITE(Eq(loc_209, 7), p7_216, ITE(Eq(loc_209, 8), p8_217, ITE(Eq(loc_209, 9), p9_218, ITE(Eq(loc_209, 10), p10_219, false))))))))))
  a_220 = a_66
  b_221 = b_67
  c = mid
  p1_223 = p1_68
  p2_224 = p2_69
  p3_225 = p3_70
  p4_226 = p4_71
  p5_227 = p5_72
  p6_228 = p6_73
  p7_229 = p7_74
  p8_230 = p8_75
  p9_231 = p9_76
  p10_232 = p10_77
  valof_pre_p1 = pre p1_223
  valof_pre_p2 = pre p2_224
  valof_pre_p3 = pre p3_225
  valof_pre_p4 = pre p4_226
  valof_pre_p5 = pre p5_227
  valof_pre_p6 = pre p6_228
  valof_pre_p7 = pre p7_229
  valof_pre_p8 = pre p8_230
  valof_pre_p9 = pre p9_231
  valof_pre_p10 = pre p10_232
  __no_static_99 = true -> And(And(And(And(And(And(And(And(And(Or(Or(Or(Eq(a_220, 1), Eq(b_221, 1)), Eq(c, 1)), Eq(p1_223, valof_pre_p1)), Or(Or(Or(Eq(a_220, 2), Eq(b_221, 2)), Eq(c, 2)), Eq(p2_224, valof_pre_p2))), Or(Or(Or(Eq(a_220, 3), Eq(b_221, 3)), Eq(c, 3)), Eq(p3_225, valof_pre_p3))), Or(Or(Or(Eq(a_220, 4), Eq(b_221, 4)), Eq(c, 4)), Eq(p4_226, valof_pre_p4))), Or(Or(Or(Eq(a_220, 5), Eq(b_221, 5)), Eq(c, 5)), Eq(p5_227, valof_pre_p5))), Or(Or(Or(Eq(a_220, 6), Eq(b_221, 6)), Eq(c, 6)), Eq(p6_228, valof_pre_p6))), Or(Or(Or(Eq(a_220, 7), Eq(b_221, 7)), Eq(c, 7)), Eq(p7_229, valof_pre_p7))), Or(Or(Or(Eq(a_220, 8), Eq(b_221, 8)), Eq(c, 8)), Eq(p8_230, valof_pre_p8))), Or(Or(Or(Eq(a_220, 9), Eq(b_221, 9)), Eq(c, 9)), Eq(p9_231, valof_pre_p9))), Or(Or(Or(Eq(a_220, 10), Eq(b_221, 10)), Eq(c, 10)), Eq(p10_232, valof_pre_p10)))
  valid_move = true -> And(And(And(And(And(And(__no_static_93, __no_static_94), Not(__no_static_95)), Not(__no_static_96)), Not(__no_static_97)), __no_static_98), __no_static_99)
  p10_131 = p10_77
  x_141 = p10_131
  __no_static_142 = ITE(x_141, 1, 0)
  p9_130 = p9_76
  x_140 = p9_130
  __no_static_143 = ITE(x_140, 1, 0)
  p8_129 = p8_75
  x_139 = p8_129
  __no_static_144 = ITE(x_139, 1, 0)
  p7_128 = p7_74
  x_138 = p7_128
  __no_static_145 = ITE(x_138, 1, 0)
  p6_127 = p6_73
  x_137 = p6_127
  __no_static_146 = ITE(x_137, 1, 0)
  p5_126 = p5_72
  x_136 = p5_126
  __no_static_147 = ITE(x_136, 1, 0)
  p4_125 = p4_71
  x_135 = p4_125
  __no_static_148 = ITE(x_135, 1, 0)
  p3_124 = p3_70
  x_134 = p3_124
  __no_static_149 = ITE(x_134, 1, 0)
  p2_123 = p2_69
  x_133 = p2_123
  __no_static_150 = ITE(x_133, 1, 0)
  p1_122 = p1_68
  x_132 = p1_122
  __no_static_151 = ITE(x_132, 1, 0)
  solved = Eq(Add(Add(Add(Add(Add(Add(Add(Add(Add(__no_static_151, __no_static_150), __no_static_149), __no_static_148), __no_static_147), __no_static_146), __no_static_145), __no_static_144), __no_static_143), __no_static_142), 1)
  x_233 = initial -> true
  valof_pre___no_static_245 = pre __no_static_100
  valof_arr_246 = true -> valof_pre___no_static_245
  __no_static_100 = And(x_233, valof_arr_246)
  x_234 = valid_move
  valof_pre___no_static_247 = pre __no_static_101
  valof_arr_248 = true -> valof_pre___no_static_247
  __no_static_101 = And(x_234, valof_arr_248)
  prop = Not(And(And(__no_static_100, __no_static_101), solved))
tel
Sally Model
===========

(define-state-type
   S
   (
     (c Int)
     (initial Bool)
     (mid Int)
     (prop Bool)
     (solved Bool)
     (|__no_static:100| Bool)
     (|__no_static:101| Bool)
     (|__no_static:142| Int)
     (|__no_static:143| Int)
     (|__no_static:144| Int)
     (|__no_static:145| Int)
     (|__no_static:146| Int)
     (|__no_static:147| Int)
     (|__no_static:148| Int)
     (|__no_static:149| Int)
     (|__no_static:150| Int)
     (|__no_static:151| Int)
     (|__no_static:93| Bool)
     (|__no_static:94| Bool)
     (|__no_static:95| Bool)
     (|__no_static:96| Bool)
     (|__no_static:97| Bool)
     (|__no_static:98| Bool)
     (|__no_static:99:init| Bool)
     (|__no_static:99| Bool)
     (|a:152| Int)
     (|a:220| Int)
     (|a:66| Int)
     (|b:153| Int)
     (|b:221| Int)
     (|b:67| Int)
     (|gal-initializing| Bool)
     (|loc:154| Int)
     (|loc:165| Int)
     (|loc:176| Int)
     (|loc:187| Int)
     (|loc:198| Int)
     (|loc:209| Int)
     (|p10:121| Bool)
     (|p10:131| Bool)
     (|p10:164| Bool)
     (|p10:175| Bool)
     (|p10:186| Bool)
     (|p10:197| Bool)
     (|p10:208| Bool)
     (|p10:219| Bool)
     (|p10:232| Bool)
     (|p10:77| Bool)
     (|p1:112| Bool)
     (|p1:122| Bool)
     (|p1:155| Bool)
     (|p1:166| Bool)
     (|p1:177| Bool)
     (|p1:188| Bool)
     (|p1:199| Bool)
     (|p1:210| Bool)
     (|p1:223| Bool)
     (|p1:68| Bool)
     (|p2:113| Bool)
     (|p2:123| Bool)
     (|p2:156| Bool)
     (|p2:167| Bool)
     (|p2:178| Bool)
     (|p2:189| Bool)
     (|p2:200| Bool)
     (|p2:211| Bool)
     (|p2:224| Bool)
     (|p2:69| Bool)
     (|p3:114| Bool)
     (|p3:124| Bool)
     (|p3:157| Bool)
     (|p3:168| Bool)
     (|p3:179| Bool)
     (|p3:190| Bool)
     (|p3:201| Bool)
     (|p3:212| Bool)
     (|p3:225| Bool)
     (|p3:70| Bool)
     (|p4:115| Bool)
     (|p4:125| Bool)
     (|p4:158| Bool)
     (|p4:169| Bool)
     (|p4:180| Bool)
     (|p4:191| Bool)
     (|p4:202| Bool)
     (|p4:213| Bool)
     (|p4:226| Bool)
     (|p4:71| Bool)
     (|p5:116| Bool)
     (|p5:126| Bool)
     (|p5:159| Bool)
     (|p5:170| Bool)
     (|p5:181| Bool)
     (|p5:192| Bool)
     (|p5:203| Bool)
     (|p5:214| Bool)
     (|p5:227| Bool)
     (|p5:72| Bool)
     (|p6:117| Bool)
     (|p6:127| Bool)
     (|p6:160| Bool)
     (|p6:171| Bool)
     (|p6:182| Bool)
     (|p6:193| Bool)
     (|p6:204| Bool)
     (|p6:215| Bool)
     (|p6:228| Bool)
     (|p6:73| Bool)
     (|p7:118| Bool)
     (|p7:128| Bool)
     (|p7:161| Bool)
     (|p7:172| Bool)
     (|p7:183| Bool)
     (|p7:194| Bool)
     (|p7:205| Bool)
     (|p7:216| Bool)
     (|p7:229| Bool)
     (|p7:74| Bool)
     (|p8:119| Bool)
     (|p8:129| Bool)
     (|p8:162| Bool)
     (|p8:173| Bool)
     (|p8:184| Bool)
     (|p8:195| Bool)
     (|p8:206| Bool)
     (|p8:217| Bool)
     (|p8:230| Bool)
     (|p8:75| Bool)
     (|p9:120| Bool)
     (|p9:130| Bool)
     (|p9:163| Bool)
     (|p9:174| Bool)
     (|p9:185| Bool)
     (|p9:196| Bool)
     (|p9:207| Bool)
     (|p9:218| Bool)
     (|p9:231| Bool)
     (|p9:76| Bool)
     (|valid_move:init| Bool)
     (|valid_move| Bool)
     (|valof_arr:246:init| Bool)
     (|valof_arr:246| Bool)
     (|valof_arr:248:init| Bool)
     (|valof_arr:248| Bool)
     (|valof_pre___no_static:245| Bool)
     (|valof_pre___no_static:247| Bool)
     (|valof_pre_p10| Bool)
     (|valof_pre_p1| Bool)
     (|valof_pre_p2| Bool)
     (|valof_pre_p3| Bool)
     (|valof_pre_p4| Bool)
     (|valof_pre_p5| Bool)
     (|valof_pre_p6| Bool)
     (|valof_pre_p7| Bool)
     (|valof_pre_p8| Bool)
     (|valof_pre_p9| Bool)
     (|x:132| Bool)
     (|x:133| Bool)
     (|x:134| Bool)
     (|x:135| Bool)
     (|x:136| Bool)
     (|x:137| Bool)
     (|x:138| Bool)
     (|x:139| Bool)
     (|x:140| Bool)
     (|x:141| Bool)
     (|x:233:init| Bool)
     (|x:233| Bool)
     (|x:234| Bool))
   (
     (|a:66| Int)
     (|b:67| Int)
     (|p10:77| Bool)
     (|p1:68| Bool)
     (|p2:69| Bool)
     (|p3:70| Bool)
     (|p4:71| Bool)
     (|p5:72| Bool)
     (|p6:73| Bool)
     (|p7:74| Bool)
     (|p8:75| Bool)
     (|p9:76| Bool)))
(define-transition-system
   TS
   S
   (and
      (= |gal-initializing| true)
      (= |__no_static:99:init| true)
      (= |valid_move:init| true)
      (= |x:233:init| true)
      (= |valof_arr:246:init| true)
      (= |valof_arr:248:init| true))
   (and
      (= next.|gal-initializing| false)
      (= next.|a:66| input.|a:66|)
      (= next.|b:67| input.|b:67|)
      (= next.|p1:68| input.|p1:68|)
      (= next.|p2:69| input.|p2:69|)
      (= next.|p3:70| input.|p3:70|)
      (= next.|p4:71| input.|p4:71|)
      (= next.|p5:72| input.|p5:72|)
      (= next.|p6:73| input.|p6:73|)
      (= next.|p7:74| input.|p7:74|)
      (= next.|p8:75| input.|p8:75|)
      (= next.|p9:76| input.|p9:76|)
      (= next.|p10:77| input.|p10:77|)
      (= next.|p1:112| next.|p1:68|)
      (= next.|p2:113| next.|p2:69|)
      (= next.|p3:114| next.|p3:70|)
      (= next.|p4:115| next.|p4:71|)
      (= next.|p5:116| next.|p5:72|)
      (= next.|p6:117| next.|p6:73|)
      (= next.|p7:118| next.|p7:74|)
      (= next.|p8:119| next.|p8:75|)
      (= next.|p9:120| next.|p9:76|)
      (= next.|p10:121| next.|p10:77|)
      (=
         next.initial
         (and
            (not next.|p1:112|)
            next.|p2:113|
            next.|p3:114|
            next.|p4:115|
            next.|p5:116|
            next.|p6:117|
            next.|p7:118|
            next.|p8:119|
            next.|p9:120|
            next.|p10:121|))
      (= next.|loc:154| next.|a:66|)
      (= next.|p1:155| state.|p1:68|)
      (= next.|p2:156| state.|p2:69|)
      (= next.|p3:157| state.|p3:70|)
      (= next.|p4:158| state.|p4:71|)
      (= next.|p5:159| state.|p5:72|)
      (= next.|p6:160| state.|p6:73|)
      (= next.|p7:161| state.|p7:74|)
      (= next.|p8:162| state.|p8:75|)
      (= next.|p9:163| state.|p9:76|)
      (= next.|p10:164| state.|p10:77|)
      (=
         next.|__no_static:93|
         (ite
            (= next.|loc:154| 1)
            next.|p1:155|
            (ite
               (= next.|loc:154| 2)
               next.|p2:156|
               (ite
                  (= next.|loc:154| 3)
                  next.|p3:157|
                  (ite
                     (= next.|loc:154| 4)
                     next.|p4:158|
                     (ite
                        (= next.|loc:154| 5)
                        next.|p5:159|
                        (ite
                           (= next.|loc:154| 6)
                           next.|p6:160|
                           (ite
                              (= next.|loc:154| 7)
                              next.|p7:161|
                              (ite
                                 (= next.|loc:154| 8)
                                 next.|p8:162|
                                 (ite
                                    (= next.|loc:154| 9)
                                    next.|p9:163|
                                    (ite
                                       (= next.|loc:154| 10)
                                       next.|p10:164|
                                       false)))))))))))
      (= next.|a:152| next.|a:66|)
      (= next.|b:153| next.|b:67|)
      (=
         next.mid
         (ite
            (and
               (= next.|a:152| 1)
               (= next.|b:153| 4))
            2
            (ite
               (and
                  (= next.|a:152| 1)
                  (= next.|b:153| 6))
               3
               (ite
                  (and
                     (= next.|a:152| 2)
                     (= next.|b:153| 7))
                  4
                  (ite
                     (and
                        (= next.|a:152| 2)
                        (= next.|b:153| 9))
                     5
                     (ite
                        (and
                           (= next.|a:152| 3)
                           (= next.|b:153| 8))
                        5
                        (ite
                           (and
                              (= next.|a:152| 3)
                              (= next.|b:153| 10))
                           6
                           (ite
                              (and
                                 (= next.|a:152| 4)
                                 (= next.|b:153| 1))
                              2
                              (ite
                                 (and
                                    (= next.|a:152| 4)
                                    (= next.|b:153| 6))
                                 5
                                 (ite
                                    (and
                                       (= next.|a:152| 6)
                                       (= next.|b:153| 1))
                                    3
                                    (ite
                                       (and
                                          (= next.|a:152| 6)
                                          (= next.|b:153| 4))
                                       5
                                       (ite
                                          (and
                                             (= next.|a:152| 7)
                                             (= next.|b:153| 2))
                                          4
                                          (ite
                                             (and
                                                (= next.|a:152| 7)
                                                (= next.|b:153| 9))
                                             8
                                             (ite
                                                (and
                                                   (= next.|a:152| 8)
                                                   (= next.|b:153| 3))
                                                5
                                                (ite
                                                   (and
                                                      (= next.|a:152| 8)
                                                      (= next.|b:153| 10))
                                                   9
                                                   (ite
                                                      (and
                                                         (= next.|a:152| 9)
                                                         (= next.|b:153| 2))
                                                      5
                                                      (ite
                                                         (and
                                                            (= next.|a:152| 9)
                                                            (= next.|b:153| 7))
                                                         8
                                                         (ite
                                                            (and
                                                               (= next.|a:152| 10)
                                                               (= next.|b:153| 3))
                                                            6
                                                            (ite
                                                               (and
                                                                  (= next.|a:152| 10)
                                                                  (= next.|b:153| 8))
                                                               9
                                                               0)))))))))))))))))))
      (= next.|loc:165| next.mid)
      (= next.|p1:166| state.|p1:68|)
      (= next.|p2:167| state.|p2:69|)
      (= next.|p3:168| state.|p3:70|)
      (= next.|p4:169| state.|p4:71|)
      (= next.|p5:170| state.|p5:72|)
      (= next.|p6:171| state.|p6:73|)
      (= next.|p7:172| state.|p7:74|)
      (= next.|p8:173| state.|p8:75|)
      (= next.|p9:174| state.|p9:76|)
      (= next.|p10:175| state.|p10:77|)
      (=
         next.|__no_static:94|
         (ite
            (= next.|loc:165| 1)
            next.|p1:166|
            (ite
               (= next.|loc:165| 2)
               next.|p2:167|
               (ite
                  (= next.|loc:165| 3)
                  next.|p3:168|
                  (ite
                     (= next.|loc:165| 4)
                     next.|p4:169|
                     (ite
                        (= next.|loc:165| 5)
                        next.|p5:170|
                        (ite
                           (= next.|loc:165| 6)
                           next.|p6:171|
                           (ite
                              (= next.|loc:165| 7)
                              next.|p7:172|
                              (ite
                                 (= next.|loc:165| 8)
                                 next.|p8:173|
                                 (ite
                                    (= next.|loc:165| 9)
                                    next.|p9:174|
                                    (ite
                                       (= next.|loc:165| 10)
                                       next.|p10:175|
                                       false)))))))))))
      (= next.|loc:176| next.|b:67|)
      (= next.|p1:177| state.|p1:68|)
      (= next.|p2:178| state.|p2:69|)
      (= next.|p3:179| state.|p3:70|)
      (= next.|p4:180| state.|p4:71|)
      (= next.|p5:181| state.|p5:72|)
      (= next.|p6:182| state.|p6:73|)
      (= next.|p7:183| state.|p7:74|)
      (= next.|p8:184| state.|p8:75|)
      (= next.|p9:185| state.|p9:76|)
      (= next.|p10:186| state.|p10:77|)
      (=
         next.|__no_static:95|
         (ite
            (= next.|loc:176| 1)
            next.|p1:177|
            (ite
               (= next.|loc:176| 2)
               next.|p2:178|
               (ite
                  (= next.|loc:176| 3)
                  next.|p3:179|
                  (ite
                     (= next.|loc:176| 4)
                     next.|p4:180|
                     (ite
                        (= next.|loc:176| 5)
                        next.|p5:181|
                        (ite
                           (= next.|loc:176| 6)
                           next.|p6:182|
                           (ite
                              (= next.|loc:176| 7)
                              next.|p7:183|
                              (ite
                                 (= next.|loc:176| 8)
                                 next.|p8:184|
                                 (ite
                                    (= next.|loc:176| 9)
                                    next.|p9:185|
                                    (ite
                                       (= next.|loc:176| 10)
                                       next.|p10:186|
                                       false)))))))))))
      (= next.|loc:187| next.|a:66|)
      (= next.|p1:188| next.|p1:68|)
      (= next.|p2:189| next.|p2:69|)
      (= next.|p3:190| next.|p3:70|)
      (= next.|p4:191| next.|p4:71|)
      (= next.|p5:192| next.|p5:72|)
      (= next.|p6:193| next.|p6:73|)
      (= next.|p7:194| next.|p7:74|)
      (= next.|p8:195| next.|p8:75|)
      (= next.|p9:196| next.|p9:76|)
      (= next.|p10:197| next.|p10:77|)
      (=
         next.|__no_static:96|
         (ite
            (= next.|loc:187| 1)
            next.|p1:188|
            (ite
               (= next.|loc:187| 2)
               next.|p2:189|
               (ite
                  (= next.|loc:187| 3)
                  next.|p3:190|
                  (ite
                     (= next.|loc:187| 4)
                     next.|p4:191|
                     (ite
                        (= next.|loc:187| 5)
                        next.|p5:192|
                        (ite
                           (= next.|loc:187| 6)
                           next.|p6:193|
                           (ite
                              (= next.|loc:187| 7)
                              next.|p7:194|
                              (ite
                                 (= next.|loc:187| 8)
                                 next.|p8:195|
                                 (ite
                                    (= next.|loc:187| 9)
                                    next.|p9:196|
                                    (ite
                                       (= next.|loc:187| 10)
                                       next.|p10:197|
                                       false)))))))))))
      (= next.|loc:198| next.mid)
      (= next.|p1:199| next.|p1:68|)
      (= next.|p2:200| next.|p2:69|)
      (= next.|p3:201| next.|p3:70|)
      (= next.|p4:202| next.|p4:71|)
      (= next.|p5:203| next.|p5:72|)
      (= next.|p6:204| next.|p6:73|)
      (= next.|p7:205| next.|p7:74|)
      (= next.|p8:206| next.|p8:75|)
      (= next.|p9:207| next.|p9:76|)
      (= next.|p10:208| next.|p10:77|)
      (=
         next.|__no_static:97|
         (ite
            (= next.|loc:198| 1)
            next.|p1:199|
            (ite
               (= next.|loc:198| 2)
               next.|p2:200|
               (ite
                  (= next.|loc:198| 3)
                  next.|p3:201|
                  (ite
                     (= next.|loc:198| 4)
                     next.|p4:202|
                     (ite
                        (= next.|loc:198| 5)
                        next.|p5:203|
                        (ite
                           (= next.|loc:198| 6)
                           next.|p6:204|
                           (ite
                              (= next.|loc:198| 7)
                              next.|p7:205|
                              (ite
                                 (= next.|loc:198| 8)
                                 next.|p8:206|
                                 (ite
                                    (= next.|loc:198| 9)
                                    next.|p9:207|
                                    (ite
                                       (= next.|loc:198| 10)
                                       next.|p10:208|
                                       false)))))))))))
      (= next.|loc:209| next.|b:67|)
      (= next.|p1:210| next.|p1:68|)
      (= next.|p2:211| next.|p2:69|)
      (= next.|p3:212| next.|p3:70|)
      (= next.|p4:213| next.|p4:71|)
      (= next.|p5:214| next.|p5:72|)
      (= next.|p6:215| next.|p6:73|)
      (= next.|p7:216| next.|p7:74|)
      (= next.|p8:217| next.|p8:75|)
      (= next.|p9:218| next.|p9:76|)
      (= next.|p10:219| next.|p10:77|)
      (=
         next.|__no_static:98|
         (ite
            (= next.|loc:209| 1)
            next.|p1:210|
            (ite
               (= next.|loc:209| 2)
               next.|p2:211|
               (ite
                  (= next.|loc:209| 3)
                  next.|p3:212|
                  (ite
                     (= next.|loc:209| 4)
                     next.|p4:213|
                     (ite
                        (= next.|loc:209| 5)
                        next.|p5:214|
                        (ite
                           (= next.|loc:209| 6)
                           next.|p6:215|
                           (ite
                              (= next.|loc:209| 7)
                              next.|p7:216|
                              (ite
                                 (= next.|loc:209| 8)
                                 next.|p8:217|
                                 (ite
                                    (= next.|loc:209| 9)
                                    next.|p9:218|
                                    (ite
                                       (= next.|loc:209| 10)
                                       next.|p10:219|
                                       false)))))))))))
      (= next.|a:220| next.|a:66|)
      (= next.|b:221| next.|b:67|)
      (= next.c next.mid)
      (= next.|p1:223| next.|p1:68|)
      (= next.|p2:224| next.|p2:69|)
      (= next.|p3:225| next.|p3:70|)
      (= next.|p4:226| next.|p4:71|)
      (= next.|p5:227| next.|p5:72|)
      (= next.|p6:228| next.|p6:73|)
      (= next.|p7:229| next.|p7:74|)
      (= next.|p8:230| next.|p8:75|)
      (= next.|p9:231| next.|p9:76|)
      (= next.|p10:232| next.|p10:77|)
      (= next.|valof_pre_p1| state.|p1:223|)
      (= next.|valof_pre_p2| state.|p2:224|)
      (= next.|valof_pre_p3| state.|p3:225|)
      (= next.|valof_pre_p4| state.|p4:226|)
      (= next.|valof_pre_p5| state.|p5:227|)
      (= next.|valof_pre_p6| state.|p6:228|)
      (= next.|valof_pre_p7| state.|p7:229|)
      (= next.|valof_pre_p8| state.|p8:230|)
      (= next.|valof_pre_p9| state.|p9:231|)
      (= next.|valof_pre_p10| state.|p10:232|)
      (ite
         state.|__no_static:99:init|
         (= next.|__no_static:99| true)
         (=
            next.|__no_static:99|
            (and
               (or
                  (= next.|a:220| 1)
                  (= next.|b:221| 1)
                  (= next.c 1)
                  (= next.|p1:223| next.|valof_pre_p1|))
               (or
                  (= next.|a:220| 2)
                  (= next.|b:221| 2)
                  (= next.c 2)
                  (= next.|p2:224| next.|valof_pre_p2|))
               (or
                  (= next.|a:220| 3)
                  (= next.|b:221| 3)
                  (= next.c 3)
                  (= next.|p3:225| next.|valof_pre_p3|))
               (or
                  (= next.|a:220| 4)
                  (= next.|b:221| 4)
                  (= next.c 4)
                  (= next.|p4:226| next.|valof_pre_p4|))
               (or
                  (= next.|a:220| 5)
                  (= next.|b:221| 5)
                  (= next.c 5)
                  (= next.|p5:227| next.|valof_pre_p5|))
               (or
                  (= next.|a:220| 6)
                  (= next.|b:221| 6)
                  (= next.c 6)
                  (= next.|p6:228| next.|valof_pre_p6|))
               (or
                  (= next.|a:220| 7)
                  (= next.|b:221| 7)
                  (= next.c 7)
                  (= next.|p7:229| next.|valof_pre_p7|))
               (or
                  (= next.|a:220| 8)
                  (= next.|b:221| 8)
                  (= next.c 8)
                  (= next.|p8:230| next.|valof_pre_p8|))
               (or
                  (= next.|a:220| 9)
                  (= next.|b:221| 9)
                  (= next.c 9)
                  (= next.|p9:231| next.|valof_pre_p9|))
               (or
                  (= next.|a:220| 10)
                  (= next.|b:221| 10)
                  (= next.c 10)
                  (= next.|p10:232| next.|valof_pre_p10|)))))
      (= next.|__no_static:99:init| false)
      (ite
         state.|valid_move:init|
         (= next.|valid_move| true)
         (=
            next.|valid_move|
            (and
               next.|__no_static:93|
               next.|__no_static:94|
               (not next.|__no_static:95|)
               (not next.|__no_static:96|)
               (not next.|__no_static:97|)
               next.|__no_static:98|
               next.|__no_static:99|)))
      (= next.|valid_move:init| false)
      (= next.|p10:131| next.|p10:77|)
      (= next.|x:141| next.|p10:131|)
      (=
         next.|__no_static:142|
         (ite next.|x:141| 1 0))
      (= next.|p9:130| next.|p9:76|)
      (= next.|x:140| next.|p9:130|)
      (=
         next.|__no_static:143|
         (ite next.|x:140| 1 0))
      (= next.|p8:129| next.|p8:75|)
      (= next.|x:139| next.|p8:129|)
      (=
         next.|__no_static:144|
         (ite next.|x:139| 1 0))
      (= next.|p7:128| next.|p7:74|)
      (= next.|x:138| next.|p7:128|)
      (=
         next.|__no_static:145|
         (ite next.|x:138| 1 0))
      (= next.|p6:127| next.|p6:73|)
      (= next.|x:137| next.|p6:127|)
      (=
         next.|__no_static:146|
         (ite next.|x:137| 1 0))
      (= next.|p5:126| next.|p5:72|)
      (= next.|x:136| next.|p5:126|)
      (=
         next.|__no_static:147|
         (ite next.|x:136| 1 0))
      (= next.|p4:125| next.|p4:71|)
      (= next.|x:135| next.|p4:125|)
      (=
         next.|__no_static:148|
         (ite next.|x:135| 1 0))
      (= next.|p3:124| next.|p3:70|)
      (= next.|x:134| next.|p3:124|)
      (=
         next.|__no_static:149|
         (ite next.|x:134| 1 0))
      (= next.|p2:123| next.|p2:69|)
      (= next.|x:133| next.|p2:123|)
      (=
         next.|__no_static:150|
         (ite next.|x:133| 1 0))
      (= next.|p1:122| next.|p1:68|)
      (= next.|x:132| next.|p1:122|)
      (=
         next.|__no_static:151|
         (ite next.|x:132| 1 0))
      (=
         next.solved
         (=
            (+
               (+
                  (+
                     (+
                        (+
                           (+
                              (+
                                 (+
                                    (+ next.|__no_static:151| next.|__no_static:150|)
                                    next.|__no_static:149|)
                                 next.|__no_static:148|)
                              next.|__no_static:147|)
                           next.|__no_static:146|)
                        next.|__no_static:145|)
                     next.|__no_static:144|)
                  next.|__no_static:143|)
               next.|__no_static:142|)
            1))
      (ite
         state.|x:233:init|
         (= next.|x:233| next.initial)
         (= next.|x:233| true))
      (= next.|x:233:init| false)
      (= next.|valof_pre___no_static:245| state.|__no_static:100|)
      (ite
         state.|valof_arr:246:init|
         (= next.|valof_arr:246| true)
         (= next.|valof_arr:246| next.|valof_pre___no_static:245|))
      (= next.|valof_arr:246:init| false)
      (=
         next.|__no_static:100|
         (and next.|x:233| next.|valof_arr:246|))
      (= next.|x:234| next.|valid_move|)
      (= next.|valof_pre___no_static:247| state.|__no_static:101|)
      (ite
         state.|valof_arr:248:init|
         (= next.|valof_arr:248| true)
         (= next.|valof_arr:248| next.|valof_pre___no_static:247|))
      (= next.|valof_arr:248:init| false)
      (=
         next.|__no_static:101|
         (and next.|x:234| next.|valof_arr:248|))
      (=
         next.prop
         (not
            (and next.|__no_static:100| next.|__no_static:101| next.solved)))))

(query
   TS
   (or |gal-initializing| prop))

[Lustre] Validating properties:
[Lustre] Property prop... considering simultaneous states to depth 0
considering simultaneous states to depth 0
considering simultaneous states to depth 1
considering simultaneous states to depth 1
considering simultaneous states to depth 2
considering simultaneous states to depth 2
considering simultaneous states to depth 3
considering simultaneous states to depth 3
considering simultaneous states to depth 4
considering simultaneous states to depth 4
considering simultaneous states to depth 5
considering simultaneous states to depth 5
considering simultaneous states to depth 6
considering simultaneous states to depth 6
considering simultaneous states to depth 7
considering simultaneous states to depth 7
considering simultaneous states to depth 8
considering simultaneous states to depth 8
considering simultaneous states to depth 9
considering simultaneous states to depth 9
[[1;92mValid[0m] considering simultaneous states to depth 9
[Lustre] Model status: [[1;92mValid[0m] 
